Product: MDK-ARM Standard 5.10
Component: ARM Compiler 5.04 update 1 (build 49)
Tool: armlink [5040049]

==============================================================================

Section Cross References

    hw_config.o(.text) refers to mass_mal.o(.text) for MAL_Init
    hw_config.o(.text) refers to stm32f10x_rcc.o(.text) for RCC_DeInit
    hw_config.o(.text) refers to misc.o(.text) for NVIC_PriorityGroupConfig
    hw_config.o(.text) refers to stm3210x_eval.o(.text) for STM_EVAL_LEDInit
    hw_config.o(.text) refers to stm32f10x_gpio.o(.text) for GPIO_ResetBits
    hw_config.o(.text) refers to stm32f10x_exti.o(.text) for EXTI_ClearITPendingBit
    hw_config.o(.text) refers to usb_init.o(.text) for USB_Init
    hw_config.o(.text) refers to stm32f10x_tim.o(.text) for TIM_TimeBaseInit
    hw_config.o(.text) refers to stm32f10x_usart.o(.text) for USART_ClearITPendingBit
    hw_config.o(.text) refers to hw_config.o(.data) for HSEStartUpStatus
    hw_config.o(.text) refers to usb_pwr.o(.data) for bDeviceState
    hw_config.o(.text) refers to usb_init.o(.bss) for Device_Info
    hw_config.o(.text) refers to usb_desc.o(.data) for CustomHID_StringSerial
    main.o(.text) refers to hw_config.o(.text) for Set_System
    main.o(.text) refers to stm3210x_eval.o(.text) for RTC_init
    main.o(.text) refers to spi.o(.text) for SPI_Initial
    main.o(.text) refers to lcd.o(.text) for LcdInit
    main.o(.text) refers to stm32f10x_iwdg.o(.text) for IWDG_ReloadCounter
    main.o(.text) refers to ctrl.o(.text) for Ctrl_Init
    main.o(.text) refers to communication.o(.text) for Communicate
    main.o(.text) refers to display.o(.text) for Display
    main.o(.text) refers to main.o(.data) for Flag_1ms
    mass_mal.o(.text) refers to stm3210x_eval_sdio_sd.o(.text) for SD_Init
    mass_mal.o(.text) refers to mass_mal.o(.data) for Status
    mass_mal.o(.text) refers to mass_mal.o(.bss) for mSDCardInfo
    stm32_it.o(.text) refers to stm32f10x_usart.o(.text) for USART_GetITStatus
    stm32_it.o(.text) refers to stm32f10x_rtc.o(.text) for RTC_GetITStatus
    stm32_it.o(.text) refers to usb_istr.o(.text) for USB_Istr
    stm32_it.o(.text) refers to stm3210x_eval_sdio_sd.o(.text) for SD_ProcessIRQSrc
    stm32_it.o(.text) refers to stm32f10x_exti.o(.text) for EXTI_ClearITPendingBit
    stm32_it.o(.text) refers to stm32f10x_tim.o(.text) for TIM_ClearITPendingBit
    stm32_it.o(.text) refers to ctrl.o(.text) for TimerRun
    stm32_it.o(.text) refers to stm3210x_eval.o(.data) for b_rtc_int
    stm32_it.o(.text) refers to main.o(.data) for Flag_1ms
    stm32_it.o(.text) refers to stm32_it.o(.data) for TmDiv
    system_stm32f10x.o(.text) refers to system_stm32f10x.o(.data) for SystemCoreClock
    usb_endp.o(.text) refers to usb_sil.o(.text) for USB_SIL_Read
    usb_endp.o(.text) refers to usb_regs.o(.text) for SetEPRxStatus
    usb_endp.o(.text) refers to usb_endp.o(.bss) for Receive_Buffer
    usb_endp.o(.text) refers to communication.o(.data) for bRxdProc
    usb_endp.o(.text) refers to main.o(.data) for PrevXferComplete
    usb_istr.o(.text) refers to usb_int.o(.text) for CTR_LP
    usb_istr.o(.text) refers to usb_pwr.o(.text) for Resume
    usb_istr.o(.text) refers to usb_istr.o(.data) for wIstr
    usb_istr.o(.text) refers to usb_init.o(.data) for wInterrupt_Mask
    usb_istr.o(.text) refers to usb_prop.o(.data) for Device_Property
    usb_istr.o(.text) refers to usb_pwr.o(.data) for fSuspendEnabled
    usb_istr.o(.data) refers to usb_endp.o(.text) for EP1_IN_Callback
    usb_istr.o(.data) refers to usb_core.o(.text) for NOP_Process
    usb_prop.o(.text) refers to hw_config.o(.text) for Get_SerialNum
    usb_prop.o(.text) refers to usb_pwr.o(.text) for PowerOn
    usb_prop.o(.text) refers to usb_sil.o(.text) for USB_SIL_Init
    usb_prop.o(.text) refers to usb_regs.o(.text) for SetBTABLE
    usb_prop.o(.text) refers to usb_core.o(.text) for SetDeviceAddress
    usb_prop.o(.text) refers to usb_init.o(.data) for pInformation
    usb_prop.o(.text) refers to usb_pwr.o(.data) for bDeviceState
    usb_prop.o(.text) refers to usb_desc.o(.constdata) for CustomHID_ConfigDescriptor
    usb_prop.o(.text) refers to usb_prop.o(.data) for Device_Property
    usb_prop.o(.data) refers to usb_prop.o(.text) for CustomHID_init
    usb_prop.o(.data) refers to usb_core.o(.text) for NOP_Process
    usb_prop.o(.data) refers to usb_desc.o(.constdata) for CustomHID_DeviceDescriptor
    usb_prop.o(.data) refers to usb_desc.o(.data) for CustomHID_StringSerial
    usb_pwr.o(.text) refers to hw_config.o(.text) for USB_Cable_Config
    usb_pwr.o(.text) refers to usb_init.o(.data) for wInterrupt_Mask
    usb_pwr.o(.text) refers to usb_pwr.o(.bss) for EP
    usb_pwr.o(.text) refers to usb_pwr.o(.data) for ResumeS
    display.o(.text) refers to display.o(.data) for CurX
    display.o(.text) refers to lcd.o(.bss) for LcdData
    display.o(.text) refers to display.o(.constdata) for aBitMask
    display.o(.text) refers to display.o(.bss) for CurveUBuf
[...]
    ADC_DiscModeCmd                          0x0800944d   Thumb Code    22  stm32f10x_adc.o(.text)
    ADC_RegularChannelConfig                 0x08009463   Thumb Code   184  stm32f10x_adc.o(.text)
    ADC_ExternalTrigConvCmd                  0x0800951b   Thumb Code    22  stm32f10x_adc.o(.text)
    ADC_GetConversionValue                   0x08009531   Thumb Code     8  stm32f10x_adc.o(.text)
    ADC_GetDualModeConversionValue           0x08009539   Thumb Code     8  stm32f10x_adc.o(.text)
    ADC_AutoInjectedConvCmd                  0x08009541   Thumb Code    22  stm32f10x_adc.o(.text)
    ADC_InjectedDiscModeCmd                  0x08009557   Thumb Code    22  stm32f10x_adc.o(.text)
    ADC_ExternalTrigInjectedConvConfig       0x0800956d   Thumb Code    16  stm32f10x_adc.o(.text)
    ADC_ExternalTrigInjectedConvCmd          0x0800957d   Thumb Code    22  stm32f10x_adc.o(.text)
    ADC_SoftwareStartInjectedConvCmd         0x08009593   Thumb Code    22  stm32f10x_adc.o(.text)
    ADC_GetSoftwareStartInjectedConvCmdStatus 0x080095a9   Thumb Code    20  stm32f10x_adc.o(.text)
    ADC_InjectedChannelConfig                0x080095bd   Thumb Code   130  stm32f10x_adc.o(.text)
    ADC_InjectedSequencerLengthConfig        0x0800963f   Thumb Code    24  stm32f10x_adc.o(.text)
    ADC_SetInjectedOffset                    0x08009657   Thumb Code    20  stm32f10x_adc.o(.text)
    ADC_GetInjectedConversionValue           0x0800966b   Thumb Code    28  stm32f10x_adc.o(.text)
    ADC_AnalogWatchdogCmd                    0x08009687   Thumb Code    16  stm32f10x_adc.o(.text)
    ADC_AnalogWatchdogThresholdsConfig       0x08009697   Thumb Code     6  stm32f10x_adc.o(.text)
    ADC_AnalogWatchdogSingleChannelConfig    0x0800969d   Thumb Code    16  stm32f10x_adc.o(.text)
    ADC_TempSensorVrefintCmd                 0x080096ad   Thumb Code    64  stm32f10x_adc.o(.text)
    ADC_GetFlagStatus                        0x080096ed   Thumb Code    18  stm32f10x_adc.o(.text)
    ADC_ClearFlag                            0x080096ff   Thumb Code     6  stm32f10x_adc.o(.text)
    ADC_GetITStatus                          0x08009705   Thumb Code    36  stm32f10x_adc.o(.text)
    ADC_ClearITPendingBit                    0x08009729   Thumb Code    10  stm32f10x_adc.o(.text)
    BKP_DeInit                               0x08009735   Thumb Code    16  stm32f10x_bkp.o(.text)
    BKP_TamperPinLevelConfig                 0x08009745   Thumb Code     6  stm32f10x_bkp.o(.text)
    BKP_TamperPinCmd                         0x0800974b   Thumb Code     8  stm32f10x_bkp.o(.text)
    BKP_ITConfig                             0x08009753   Thumb Code     8  stm32f10x_bkp.o(.text)
    BKP_RTCOutputConfig                      0x0800975b   Thumb Code    22  stm32f10x_bkp.o(.text)
    BKP_SetRTCCalibrationValue               0x08009771   Thumb Code    22  stm32f10x_bkp.o(.text)
    BKP_WriteBackupRegister                  0x08009787   Thumb Code    24  stm32f10x_bkp.o(.text)
    BKP_ReadBackupRegister                   0x0800979f   Thumb Code    26  stm32f10x_bkp.o(.text)
    BKP_GetFlagStatus                        0x080097b9   Thumb Code    10  stm32f10x_bkp.o(.text)
    BKP_ClearFlag                            0x080097c3   Thumb Code    18  stm32f10x_bkp.o(.text)
    BKP_GetITStatus                          0x080097d5   Thumb Code    10  stm32f10x_bkp.o(.text)
    BKP_ClearITPendingBit                    0x080097df   Thumb Code    18  stm32f10x_bkp.o(.text)
    DMA_DeInit                               0x080097f9   Thumb Code   324  stm32f10x_dma.o(.text)
    DMA_Init                                 0x0800993d   Thumb Code    60  stm32f10x_dma.o(.text)
    DMA_StructInit                           0x08009979   Thumb Code    26  stm32f10x_dma.o(.text)
    DMA_Cmd                                  0x08009993   Thumb Code    24  stm32f10x_dma.o(.text)
    DMA_ITConfig                             0x080099ab   Thumb Code    18  stm32f10x_dma.o(.text)
    DMA_SetCurrDataCounter                   0x080099bd   Thumb Code     4  stm32f10x_dma.o(.text)
    DMA_GetCurrDataCounter                   0x080099c1   Thumb Code     8  stm32f10x_dma.o(.text)
    DMA_GetFlagStatus                        0x080099c9   Thumb Code    40  stm32f10x_dma.o(.text)
    DMA_ClearFlag                            0x080099f1   Thumb Code    22  stm32f10x_dma.o(.text)
    DMA_GetITStatus                          0x08009a07   Thumb Code    40  stm32f10x_dma.o(.text)
    DMA_ClearITPendingBit                    0x08009a2f   Thumb Code    22  stm32f10x_dma.o(.text)
    EXTI_DeInit                              0x08009a4d   Thumb Code    28  stm32f10x_exti.o(.text)
    EXTI_Init                                0x08009a69   Thumb Code   142  stm32f10x_exti.o(.text)
    EXTI_StructInit                          0x08009af7   Thumb Code    16  stm32f10x_exti.o(.text)
    EXTI_GenerateSWInterrupt                 0x08009b07   Thumb Code    16  stm32f10x_exti.o(.text)
    EXTI_GetFlagStatus                       0x08009b17   Thumb Code    22  stm32f10x_exti.o(.text)
    EXTI_ClearFlag                           0x08009b2d   Thumb Code     8  stm32f10x_exti.o(.text)
    EXTI_GetITStatus                         0x08009b35   Thumb Code    34  stm32f10x_exti.o(.text)
    EXTI_ClearITPendingBit                   0x08009b57   Thumb Code     8  stm32f10x_exti.o(.text)
    FLASH_SetLatency                         0x08009b69   Thumb Code    18  stm32f10x_flash.o(.text)
    FLASH_HalfCycleAccessCmd                 0x08009b7b   Thumb Code    22  stm32f10x_flash.o(.text)
    FLASH_PrefetchBufferCmd                  0x08009b91   Thumb Code    22  stm32f10x_flash.o(.text)
    FLASH_Unlock                             0x08009ba7   Thumb Code    12  stm32f10x_flash.o(.text)
    FLASH_UnlockBank1                        0x08009bb3   Thumb Code    12  stm32f10x_flash.o(.text)
    FLASH_Lock                               0x08009bbf   Thumb Code    14  stm32f10x_flash.o(.text)
    FLASH_LockBank1                          0x08009bcd   Thumb Code    14  stm32f10x_flash.o(.text)
    FLASH_GetBank1Status                     0x08009bdb   Thumb Code    48  stm32f10x_flash.o(.text)
    FLASH_WaitForLastOperation               0x08009c0b   Thumb Code    38  stm32f10x_flash.o(.text)
    FLASH_ErasePage                          0x08009c31   Thumb Code    72  stm32f10x_flash.o(.text)
    FLASH_EraseAllPages                      0x08009c79   Thumb Code    68  stm32f10x_flash.o(.text)
    FLASH_WaitForLastBank1Operation          0x08009cbd   Thumb Code    38  stm32f10x_flash.o(.text)
    FLASH_EraseAllBank1Pages                 0x08009ce3   Thumb Code    68  stm32f10x_flash.o(.text)
    FLASH_GetReadOutProtectionStatus         0x08009d27   Thumb Code    20  stm32f10x_flash.o(.text)
    FLASH_EraseOptionBytes                   0x08009d3b   Thumb Code   150  stm32f10x_flash.o(.text)
    FLASH_ProgramWord                        0x08009dd1   Thumb Code   102  stm32f10x_flash.o(.text)
    FLASH_ProgramHalfWord                    0x08009e37   Thumb Code    60  stm32f10x_flash.o(.text)
    FLASH_ProgramOptionByteData              0x08009e73   Thumb Code    72  stm32f10x_flash.o(.text)
    FLASH_EnableWriteProtection              0x08009ebb   Thumb Code   200  stm32f10x_flash.o(.text)
    FLASH_ReadOutProtection                  0x08009f83   Thumb Code   156  stm32f10x_flash.o(.text)
    FLASH_UserOptionByteConfig               0x0800a01f   Thumb Code    88  stm32f10x_flash.o(.text)
    FLASH_GetUserOptionByte                  0x0800a077   Thumb Code     8  stm32f10x_flash.o(.text)
    FLASH_GetWriteProtectionOptionByte       0x0800a07f   Thumb Code     6  stm32f10x_flash.o(.text)
    FLASH_GetPrefetchBufferStatus            0x0800a085   Thumb Code    20  stm32f10x_flash.o(.text)
    FLASH_ITConfig                           0x0800a099   Thumb Code    26  stm32f10x_flash.o(.text)
    FLASH_GetFlagStatus                      0x0800a0b3   Thumb Code    42  stm32f10x_flash.o(.text)
    FLASH_ClearFlag                          0x0800a0dd   Thumb Code     6  stm32f10x_flash.o(.text)
    FLASH_GetStatus                          0x0800a0e3   Thumb Code    48  stm32f10x_flash.o(.text)
    GPIO_DeInit                              0x0800a125   Thumb Code   172  stm32f10x_gpio.o(.text)
    GPIO_AFIODeInit                          0x0800a1d1   Thumb Code    20  stm32f10x_gpio.o(.text)
    GPIO_Init                                0x0800a1e5   Thumb Code   278  stm32f10x_gpio.o(.text)
    GPIO_StructInit                          0x0800a2fb   Thumb Code    16  stm32f10x_gpio.o(.text)
    GPIO_ReadInputDataBit                    0x0800a30b   Thumb Code    18  stm32f10x_gpio.o(.text)
    GPIO_ReadInputData                       0x0800a31d   Thumb Code     8  stm32f10x_gpio.o(.text)
    GPIO_ReadOutputDataBit                   0x0800a325   Thumb Code    18  stm32f10x_gpio.o(.text)
    GPIO_ReadOutputData                      0x0800a337   Thumb Code     8  stm32f10x_gpio.o(.text)
    GPIO_SetBits                             0x0800a33f   Thumb Code     4  stm32f10x_gpio.o(.text)
    GPIO_ResetBits                           0x0800a343   Thumb Code     4  stm32f10x_gpio.o(.text)
    GPIO_WriteBit                            0x0800a347   Thumb Code    10  stm32f10x_gpio.o(.text)
    GPIO_Write                               0x0800a351   Thumb Code     4  stm32f10x_gpio.o(.text)
    GPIO_PinLockConfig                       0x0800a355   Thumb Code    18  stm32f10x_gpio.o(.text)
    GPIO_EventOutputConfig                   0x0800a367   Thumb Code    26  stm32f10x_gpio.o(.text)
    GPIO_EventOutputCmd                      0x0800a381   Thumb Code     6  stm32f10x_gpio.o(.text)
    GPIO_PinRemapConfig                      0x0800a387   Thumb Code   138  stm32f10x_gpio.o(.text)
    GPIO_EXTILineConfig                      0x0800a411   Thumb Code    66  stm32f10x_gpio.o(.text)
    GPIO_ETH_MediaInterfaceConfig            0x0800a453   Thumb Code     8  stm32f10x_gpio.o(.text)
    IWDG_WriteAccessCmd                      0x0800a481   Thumb Code     6  stm32f10x_iwdg.o(.text)
    IWDG_SetPrescaler                        0x0800a487   Thumb Code     6  stm32f10x_iwdg.o(.text)
    IWDG_SetReload                           0x0800a48d   Thumb Code     6  stm32f10x_iwdg.o(.text)
    IWDG_ReloadCounter                       0x0800a493   Thumb Code    10  stm32f10x_iwdg.o(.text)
    IWDG_Enable                              0x0800a49d   Thumb Code    10  stm32f10x_iwdg.o(.text)
    IWDG_GetFlagStatus                       0x0800a4a7   Thumb Code    20  stm32f10x_iwdg.o(.text)
    PWR_DeInit                               0x0800a4c1   Thumb Code    22  stm32f10x_pwr.o(.text)
    PWR_BackupAccessCmd                      0x0800a4d7   Thumb Code     6  stm32f10x_pwr.o(.text)
    PWR_PVDCmd                               0x0800a4dd   Thumb Code     6  stm32f10x_pwr.o(.text)
    PWR_PVDLevelConfig                       0x0800a4e3   Thumb Code    18  stm32f10x_pwr.o(.text)
    PWR_WakeUpPinCmd                         0x0800a4f5   Thumb Code     8  stm32f10x_pwr.o(.text)
    PWR_EnterSTOPMode                        0x0800a4fd   Thumb Code    54  stm32f10x_pwr.o(.text)
    PWR_EnterSTANDBYMode                     0x0800a533   Thumb Code    42  stm32f10x_pwr.o(.text)
    PWR_GetFlagStatus                        0x0800a55d   Thumb Code    20  stm32f10x_pwr.o(.text)
    PWR_ClearFlag                            0x0800a571   Thumb Code    14  stm32f10x_pwr.o(.text)
    RCC_DeInit                               0x0800a58d   Thumb Code    64  stm32f10x_rcc.o(.text)
    RCC_HSEConfig                            0x0800a5cd   Thumb Code    70  stm32f10x_rcc.o(.text)
    RCC_GetFlagStatus                        0x0800a613   Thumb Code    56  stm32f10x_rcc.o(.text)
    RCC_WaitForHSEStartUp                    0x0800a64b   Thumb Code    56  stm32f10x_rcc.o(.text)
    RCC_AdjustHSICalibrationValue            0x0800a683   Thumb Code    20  stm32f10x_rcc.o(.text)
    RCC_HSICmd                               0x0800a697   Thumb Code     6  stm32f10x_rcc.o(.text)
    RCC_PLLConfig                            0x0800a69d   Thumb Code    24  stm32f10x_rcc.o(.text)
    RCC_PLLCmd                               0x0800a6b5   Thumb Code     6  stm32f10x_rcc.o(.text)
    RCC_SYSCLKConfig                         0x0800a6bb   Thumb Code    18  stm32f10x_rcc.o(.text)
    RCC_GetSYSCLKSource                      0x0800a6cd   Thumb Code    10  stm32f10x_rcc.o(.text)
    RCC_HCLKConfig                           0x0800a6d7   Thumb Code    18  stm32f10x_rcc.o(.text)
    RCC_PCLK1Config                          0x0800a6e9   Thumb Code    18  stm32f10x_rcc.o(.text)
    RCC_PCLK2Config                          0x0800a6fb   Thumb Code    20  stm32f10x_rcc.o(.text)
    RCC_ITConfig                             0x0800a70f   Thumb Code    26  stm32f10x_rcc.o(.text)
    RCC_USBCLKConfig                         0x0800a729   Thumb Code     8  stm32f10x_rcc.o(.text)
    RCC_ADCCLKConfig                         0x0800a731   Thumb Code    18  stm32f10x_rcc.o(.text)
    RCC_LSEConfig                            0x0800a743   Thumb Code    50  stm32f10x_rcc.o(.text)
    RCC_LSICmd                               0x0800a775   Thumb Code     6  stm32f10x_rcc.o(.text)
    RCC_RTCCLKConfig                         0x0800a77b   Thumb Code    12  stm32f10x_rcc.o(.text)
    RCC_RTCCLKCmd                            0x0800a787   Thumb Code     8  stm32f10x_rcc.o(.text)
    RCC_GetClocksFreq                        0x0800a78f   Thumb Code   192  stm32f10x_rcc.o(.text)
    RCC_AHBPeriphClockCmd                    0x0800a84f   Thumb Code    26  stm32f10x_rcc.o(.text)
    RCC_APB2PeriphClockCmd                   0x0800a869   Thumb Code    26  stm32f10x_rcc.o(.text)
    RCC_APB1PeriphClockCmd                   0x0800a883   Thumb Code    26  stm32f10x_rcc.o(.text)
    RCC_APB2PeriphResetCmd                   0x0800a89d   Thumb Code    26  stm32f10x_rcc.o(.text)
    RCC_APB1PeriphResetCmd                   0x0800a8b7   Thumb Code    26  stm32f10x_rcc.o(.text)
    RCC_BackupResetCmd                       0x0800a8d1   Thumb Code     8  stm32f10x_rcc.o(.text)
    RCC_ClockSecuritySystemCmd               0x0800a8d9   Thumb Code     6  stm32f10x_rcc.o(.text)
    RCC_MCOConfig                            0x0800a8df   Thumb Code     6  stm32f10x_rcc.o(.text)
    RCC_ClearFlag                            0x0800a8e5   Thumb Code    14  stm32f10x_rcc.o(.text)
    RCC_GetITStatus                          0x0800a8f3   Thumb Code    20  stm32f10x_rcc.o(.text)
    RCC_ClearITPendingBit                    0x0800a907   Thumb Code     6  stm32f10x_rcc.o(.text)
    RTC_ITConfig                             0x0800a931   Thumb Code    26  stm32f10x_rtc.o(.text)
    RTC_EnterConfigMode                      0x0800a94b   Thumb Code    18  stm32f10x_rtc.o(.text)
    RTC_ExitConfigMode                       0x0800a95d   Thumb Code    20  stm32f10x_rtc.o(.text)
    RTC_GetCounter                           0x0800a971   Thumb Code    40  stm32f10x_rtc.o(.text)
    RTC_SetCounter                           0x0800a999   Thumb Code    26  stm32f10x_rtc.o(.text)
    RTC_SetPrescaler                         0x0800a9b3   Thumb Code    28  stm32f10x_rtc.o(.text)
    RTC_SetAlarm                             0x0800a9cf   Thumb Code    26  stm32f10x_rtc.o(.text)
    RTC_GetDivider                           0x0800a9e9   Thumb Code    22  stm32f10x_rtc.o(.text)
    RTC_WaitForLastTask                      0x0800a9ff   Thumb Code    18  stm32f10x_rtc.o(.text)
    RTC_WaitForSynchro                       0x0800aa11   Thumb Code    36  stm32f10x_rtc.o(.text)
    RTC_GetFlagStatus                        0x0800aa35   Thumb Code    22  stm32f10x_rtc.o(.text)
    RTC_ClearFlag                            0x0800aa4b   Thumb Code    16  stm32f10x_rtc.o(.text)
    RTC_GetITStatus                          0x0800aa5b   Thumb Code    32  stm32f10x_rtc.o(.text)
    RTC_ClearITPendingBit                    0x0800aa7b   Thumb Code    16  stm32f10x_rtc.o(.text)
    SDIO_DeInit                              0x0800aa91   Thumb Code    28  stm32f10x_sdio.o(.text)
    SDIO_Init                                0x0800aaad   Thumb Code    42  stm32f10x_sdio.o(.text)
    SDIO_StructInit                          0x0800aad7   Thumb Code    16  stm32f10x_sdio.o(.text)
    SDIO_ClockCmd                            0x0800aae7   Thumb Code     6  stm32f10x_sdio.o(.text)
    SDIO_SetPowerState                       0x0800aaed   Thumb Code     6  stm32f10x_sdio.o(.text)
    SDIO_GetPowerState                       0x0800aaf3   Thumb Code    10  stm32f10x_sdio.o(.text)
    SDIO_ITConfig                            0x0800aafd   Thumb Code    26  stm32f10x_sdio.o(.text)
    SDIO_DMACmd                              0x0800ab17   Thumb Code     6  stm32f10x_sdio.o(.text)
    SDIO_SendCommand                         0x0800ab1d   Thumb Code    38  stm32f10x_sdio.o(.text)
    SDIO_CmdStructInit                       0x0800ab43   Thumb Code    14  stm32f10x_sdio.o(.text)
    SDIO_GetCommandResponse                  0x0800ab51   Thumb Code     8  stm32f10x_sdio.o(.text)
    SDIO_GetResponse                         0x0800ab59   Thumb Code    22  stm32f10x_sdio.o(.text)
    SDIO_DataConfig                          0x0800ab6f   Thumb Code    42  stm32f10x_sdio.o(.text)
    SDIO_DataStructInit                      0x0800ab99   Thumb Code    20  stm32f10x_sdio.o(.text)
    SDIO_GetDataCounter                      0x0800abad   Thumb Code     6  stm32f10x_sdio.o(.text)
    SDIO_ReadData                            0x0800abb3   Thumb Code     8  stm32f10x_sdio.o(.text)
    SDIO_WriteData                           0x0800abbb   Thumb Code     8  stm32f10x_sdio.o(.text)
    SDIO_GetFIFOCount                        0x0800abc3   Thumb Code     6  stm32f10x_sdio.o(.text)
    SDIO_StartSDIOReadWait                   0x0800abc9   Thumb Code     8  stm32f10x_sdio.o(.text)
    SDIO_StopSDIOReadWait                    0x0800abd1   Thumb Code     8  stm32f10x_sdio.o(.text)
    SDIO_SetSDIOReadWaitMode                 0x0800abd9   Thumb Code     8  stm32f10x_sdio.o(.text)
    SDIO_SetSDIOOperation                    0x0800abe1   Thumb Code     8  stm32f10x_sdio.o(.text)
    SDIO_SendSDIOSuspendCmd                  0x0800abe9   Thumb Code     6  stm32f10x_sdio.o(.text)
    SDIO_CommandCompletionCmd                0x0800abef   Thumb Code     8  stm32f10x_sdio.o(.text)
    SDIO_CEATAITCmd                          0x0800abf7   Thumb Code    12  stm32f10x_sdio.o(.text)
    SDIO_SendCEATACmd                        0x0800ac03   Thumb Code     8  stm32f10x_sdio.o(.text)
    SDIO_GetFlagStatus                       0x0800ac0b   Thumb Code    20  stm32f10x_sdio.o(.text)
    SDIO_ClearFlag                           0x0800ac1f   Thumb Code     6  stm32f10x_sdio.o(.text)
    SDIO_GetITStatus                         0x0800ac25   Thumb Code    20  stm32f10x_sdio.o(.text)
    SDIO_ClearITPendingBit                   0x0800ac39   Thumb Code     6  stm32f10x_sdio.o(.text)
    TIM_DeInit                               0x0800ac55   Thumb Code   424  stm32f10x_tim.o(.text)
    TIM_TimeBaseInit                         0x0800adfd   Thumb Code   122  stm32f10x_tim.o(.text)
    TIM_OC1Init                              0x0800ae77   Thumb Code   132  stm32f10x_tim.o(.text)
    TIM_OC2Init                              0x0800aefb   Thumb Code   154  stm32f10x_tim.o(.text)
    TIM_OC3Init                              0x0800af95   Thumb Code   150  stm32f10x_tim.o(.text)
    TIM_OC4Init                              0x0800b02b   Thumb Code   182  stm32f10x_tim.o(.text)
    TIM_SetIC4Prescaler                      0x0800b0e1   Thumb Code    26  stm32f10x_tim.o(.text)
    TIM_SetIC3Prescaler                      0x0800b17d   Thumb Code    18  stm32f10x_tim.o(.text)
    TIM_SetIC2Prescaler                      0x0800b209   Thumb Code    26  stm32f10x_tim.o(.text)
    TIM_SetIC1Prescaler                      0x0800b2a5   Thumb Code    18  stm32f10x_tim.o(.text)
    TIM_ICInit                               0x0800b323   Thumb Code   150  stm32f10x_tim.o(.text)
    TIM_PWMIConfig                           0x0800b3b9   Thumb Code   124  stm32f10x_tim.o(.text)
    TIM_BDTRConfig                           0x0800b435   Thumb Code    32  stm32f10x_tim.o(.text)
    TIM_TimeBaseStructInit                   0x0800b455   Thumb Code    18  stm32f10x_tim.o(.text)
    TIM_OCStructInit                         0x0800b467   Thumb Code    20  stm32f10x_tim.o(.text)
    TIM_ICStructInit                         0x0800b47b   Thumb Code    18  stm32f10x_tim.o(.text)
    TIM_BDTRStructInit                       0x0800b48d   Thumb Code    40  stm32f10x_tim.o(.text)
    TIM_Cmd                                  0x0800b4b5   Thumb Code    24  stm32f10x_tim.o(.text)
    TIM_CtrlPWMOutputs                       0x0800b4cd   Thumb Code    30  stm32f10x_tim.o(.text)
    TIM_ITConfig                             0x0800b4eb   Thumb Code    18  stm32f10x_tim.o(.text)
    TIM_GenerateEvent                        0x0800b4fd   Thumb Code     4  stm32f10x_tim.o(.text)
    TIM_DMAConfig                            0x0800b501   Thumb Code    10  stm32f10x_tim.o(.text)
    TIM_DMACmd                               0x0800b50b   Thumb Code    18  stm32f10x_tim.o(.text)
    TIM_InternalClockConfig                  0x0800b51d   Thumb Code    12  stm32f10x_tim.o(.text)
    TIM_SelectInputTrigger                   0x0800b529   Thumb Code    18  stm32f10x_tim.o(.text)
    TIM_ITRxExternalClockConfig              0x0800b53b   Thumb Code    24  stm32f10x_tim.o(.text)
    TIM_TIxExternalClockConfig               0x0800b553   Thumb Code    62  stm32f10x_tim.o(.text)
    TIM_ETRConfig                            0x0800b591   Thumb Code    28  stm32f10x_tim.o(.text)
    TIM_ETRClockMode1Config                  0x0800b5ad   Thumb Code    54  stm32f10x_tim.o(.text)
    TIM_ETRClockMode2Config                  0x0800b5e3   Thumb Code    32  stm32f10x_tim.o(.text)
    TIM_PrescalerConfig                      0x0800b603   Thumb Code     6  stm32f10x_tim.o(.text)
    TIM_CounterModeConfig                    0x0800b609   Thumb Code    18  stm32f10x_tim.o(.text)
    TIM_EncoderInterfaceConfig               0x0800b61b   Thumb Code    66  stm32f10x_tim.o(.text)
    TIM_ForcedOC1Config                      0x0800b65d   Thumb Code    18  stm32f10x_tim.o(.text)
    TIM_ForcedOC2Config                      0x0800b66f   Thumb Code    26  stm32f10x_tim.o(.text)
    TIM_ForcedOC3Config                      0x0800b689   Thumb Code    18  stm32f10x_tim.o(.text)
    TIM_ForcedOC4Config                      0x0800b69b   Thumb Code    26  stm32f10x_tim.o(.text)
    TIM_ARRPreloadConfig                     0x0800b6b5   Thumb Code    24  stm32f10x_tim.o(.text)
    TIM_SelectCOM                            0x0800b6cd   Thumb Code    24  stm32f10x_tim.o(.text)
    TIM_SelectCCDMA                          0x0800b6e5   Thumb Code    24  stm32f10x_tim.o(.text)
    TIM_CCPreloadControl                     0x0800b6fd   Thumb Code    24  stm32f10x_tim.o(.text)
    TIM_OC1PreloadConfig                     0x0800b715   Thumb Code    18  stm32f10x_tim.o(.text)
    TIM_OC2PreloadConfig                     0x0800b727   Thumb Code    26  stm32f10x_tim.o(.text)
    TIM_OC3PreloadConfig                     0x0800b741   Thumb Code    18  stm32f10x_tim.o(.text)
    TIM_OC4PreloadConfig                     0x0800b753   Thumb Code    26  stm32f10x_tim.o(.text)
    TIM_OC1FastConfig                        0x0800b76d   Thumb Code    18  stm32f10x_tim.o(.text)
    TIM_OC2FastConfig                        0x0800b77f   Thumb Code    26  stm32f10x_tim.o(.text)
    TIM_OC3FastConfig                        0x0800b799   Thumb Code    18  stm32f10x_tim.o(.text)
    TIM_OC4FastConfig                        0x0800b7ab   Thumb Code    26  stm32f10x_tim.o(.text)
    TIM_ClearOC1Ref                          0x0800b7c5   Thumb Code    18  stm32f10x_tim.o(.text)
    TIM_ClearOC2Ref                          0x0800b7d7   Thumb Code    24  stm32f10x_tim.o(.text)
    TIM_ClearOC3Ref                          0x0800b7ef   Thumb Code    18  stm32f10x_tim.o(.text)
    TIM_ClearOC4Ref                          0x0800b801   Thumb Code    24  stm32f10x_tim.o(.text)
    TIM_OC1PolarityConfig                    0x0800b819   Thumb Code    18  stm32f10x_tim.o(.text)
    TIM_OC1NPolarityConfig                   0x0800b82b   Thumb Code    18  stm32f10x_tim.o(.text)
    TIM_OC2PolarityConfig                    0x0800b83d   Thumb Code    26  stm32f10x_tim.o(.text)
    TIM_OC2NPolarityConfig                   0x0800b857   Thumb Code    26  stm32f10x_tim.o(.text)
    TIM_OC3PolarityConfig                    0x0800b871   Thumb Code    26  stm32f10x_tim.o(.text)
    TIM_OC3NPolarityConfig                   0x0800b88b   Thumb Code    26  stm32f10x_tim.o(.text)
    TIM_OC4PolarityConfig                    0x0800b8a5   Thumb Code    26  stm32f10x_tim.o(.text)
    TIM_CCxCmd                               0x0800b8bf   Thumb Code    30  stm32f10x_tim.o(.text)
    TIM_CCxNCmd                              0x0800b8dd   Thumb Code    30  stm32f10x_tim.o(.text)
    TIM_SelectOCxM                           0x0800b8fb   Thumb Code    82  stm32f10x_tim.o(.text)
    TIM_UpdateDisableConfig                  0x0800b94d   Thumb Code    24  stm32f10x_tim.o(.text)
    TIM_UpdateRequestConfig                  0x0800b965   Thumb Code    24  stm32f10x_tim.o(.text)
    TIM_SelectHallSensor                     0x0800b97d   Thumb Code    24  stm32f10x_tim.o(.text)
    TIM_SelectOnePulseMode                   0x0800b995   Thumb Code    18  stm32f10x_tim.o(.text)
    TIM_SelectOutputTrigger                  0x0800b9a7   Thumb Code    18  stm32f10x_tim.o(.text)
    TIM_SelectSlaveMode                      0x0800b9b9   Thumb Code    18  stm32f10x_tim.o(.text)
    TIM_SelectMasterSlaveMode                0x0800b9cb   Thumb Code    18  stm32f10x_tim.o(.text)
    TIM_SetCounter                           0x0800b9dd   Thumb Code     4  stm32f10x_tim.o(.text)
    TIM_SetAutoreload                        0x0800b9e1   Thumb Code     4  stm32f10x_tim.o(.text)
    TIM_SetCompare1                          0x0800b9e5   Thumb Code     4  stm32f10x_tim.o(.text)
    TIM_SetCompare2                          0x0800b9e9   Thumb Code     4  stm32f10x_tim.o(.text)
    TIM_SetCompare3                          0x0800b9ed   Thumb Code     4  stm32f10x_tim.o(.text)
    TIM_SetCompare4                          0x0800b9f1   Thumb Code     6  stm32f10x_tim.o(.text)
    TIM_SetClockDivision                     0x0800b9f7   Thumb Code    18  stm32f10x_tim.o(.text)
    TIM_GetCapture1                          0x0800ba09   Thumb Code     6  stm32f10x_tim.o(.text)
    TIM_GetCapture2                          0x0800ba0f   Thumb Code     6  stm32f10x_tim.o(.text)
    TIM_GetCapture3                          0x0800ba15   Thumb Code     6  stm32f10x_tim.o(.text)
    TIM_GetCapture4                          0x0800ba1b   Thumb Code     8  stm32f10x_tim.o(.text)
    TIM_GetCounter                           0x0800ba23   Thumb Code     6  stm32f10x_tim.o(.text)
    TIM_GetPrescaler                         0x0800ba29   Thumb Code     6  stm32f10x_tim.o(.text)
    TIM_GetFlagStatus                        0x0800ba2f   Thumb Code    18  stm32f10x_tim.o(.text)
    TIM_ClearFlag                            0x0800ba41   Thumb Code     6  stm32f10x_tim.o(.text)
    TIM_GetITStatus                          0x0800ba47   Thumb Code    34  stm32f10x_tim.o(.text)
    TIM_ClearITPendingBit                    0x0800ba69   Thumb Code     6  stm32f10x_tim.o(.text)
    USART_DeInit                             0x0800ba71   Thumb Code   134  stm32f10x_usart.o(.text)
    USART_Init                               0x0800baf7   Thumb Code   210  stm32f10x_usart.o(.text)
    USART_StructInit                         0x0800bbc9   Thumb Code    24  stm32f10x_usart.o(.text)
    USART_ClockInit                          0x0800bbe1   Thumb Code    34  stm32f10x_usart.o(.text)
    USART_ClockStructInit                    0x0800bc03   Thumb Code    12  stm32f10x_usart.o(.text)
    USART_Cmd                                0x0800bc0f   Thumb Code    24  stm32f10x_usart.o(.text)
    USART_ITConfig                           0x0800bc27   Thumb Code    74  stm32f10x_usart.o(.text)
    USART_DMACmd                             0x0800bc71   Thumb Code    18  stm32f10x_usart.o(.text)
    USART_SetAddress                         0x0800bc83   Thumb Code    18  stm32f10x_usart.o(.text)
    USART_WakeUpConfig                       0x0800bc95   Thumb Code    18  stm32f10x_usart.o(.text)
    USART_ReceiverWakeUpCmd                  0x0800bca7   Thumb Code    24  stm32f10x_usart.o(.text)
    USART_LINBreakDetectLengthConfig         0x0800bcbf   Thumb Code    18  stm32f10x_usart.o(.text)
    USART_LINCmd                             0x0800bcd1   Thumb Code    24  stm32f10x_usart.o(.text)
    USART_SendData                           0x0800bce9   Thumb Code     8  stm32f10x_usart.o(.text)
    USART_ReceiveData                        0x0800bcf1   Thumb Code    10  stm32f10x_usart.o(.text)
    USART_SendBreak                          0x0800bcfb   Thumb Code    10  stm32f10x_usart.o(.text)
    USART_SetGuardTime                       0x0800bd05   Thumb Code    16  stm32f10x_usart.o(.text)
    USART_SetPrescaler                       0x0800bd15   Thumb Code    16  stm32f10x_usart.o(.text)
    USART_SmartCardCmd                       0x0800bd25   Thumb Code    24  stm32f10x_usart.o(.text)
    USART_SmartCardNACKCmd                   0x0800bd3d   Thumb Code    24  stm32f10x_usart.o(.text)
    USART_HalfDuplexCmd                      0x0800bd55   Thumb Code    24  stm32f10x_usart.o(.text)
    USART_OverSampling8Cmd                   0x0800bd6d   Thumb Code    22  stm32f10x_usart.o(.text)
    USART_OneBitMethodCmd                    0x0800bd83   Thumb Code    24  stm32f10x_usart.o(.text)
    USART_IrDAConfig                         0x0800bd9b   Thumb Code    18  stm32f10x_usart.o(.text)
    USART_IrDACmd                            0x0800bdad   Thumb Code    24  stm32f10x_usart.o(.text)
    USART_GetFlagStatus                      0x0800bdc5   Thumb Code    26  stm32f10x_usart.o(.text)
    USART_ClearFlag                          0x0800bddf   Thumb Code    18  stm32f10x_usart.o(.text)
    USART_GetITStatus                        0x0800bdf1   Thumb Code    84  stm32f10x_usart.o(.text)
    USART_ClearITPendingBit                  0x0800be45   Thumb Code    52  stm32f10x_usart.o(.text)
    STM_EVAL_LEDInit                         0x0800be79   Thumb Code    52  stm3210x_eval.o(.text)
    STM_EVAL_LEDOn                           0x0800bead   Thumb Code    16  stm3210x_eval.o(.text)
    STM_EVAL_LEDOff                          0x0800bebd   Thumb Code    16  stm3210x_eval.o(.text)
    STM_EVAL_LEDToggle                       0x0800becd   Thumb Code    26  stm3210x_eval.o(.text)
    STM_EVAL_PBInit                          0x0800bee7   Thumb Code     2  stm3210x_eval.o(.text)
    STM_EVAL_PBGetState                      0x0800bee9   Thumb Code    22  stm3210x_eval.o(.text)
    STM_EVAL_COMInit                         0x0800beff   Thumb Code   156  stm3210x_eval.o(.text)
    Is_Leap_Year                             0x0800bf9b   Thumb Code    50  stm3210x_eval.o(.text)
    RTC_Set                                  0x0800bfcd   Thumb Code   184  stm3210x_eval.o(.text)
    RTC_Get                                  0x0800c085   Thumb Code   224  stm3210x_eval.o(.text)
    RTC_Configuration                        0x0800c165   Thumb Code    88  stm3210x_eval.o(.text)
    RTC_init                                 0x0800c1bd   Thumb Code   108  stm3210x_eval.o(.text)
    SD_LowLevel_DeInit                       0x0800c229   Thumb Code   152  stm3210x_eval.o(.text)
    SD_LowLevel_Init                         0x0800c2c1   Thumb Code    90  stm3210x_eval.o(.text)
    SD_LowLevel_DMA_TxConfig                 0x0800c31b   Thumb Code    96  stm3210x_eval.o(.text)
    SD_LowLevel_DMA_RxConfig                 0x0800c37b   Thumb Code    96  stm3210x_eval.o(.text)
    SD_DMAEndOfTransferStatus                0x0800c3db   Thumb Code    10  stm3210x_eval.o(.text)
    IWDG_Config                              0x0800c3f9   Thumb Code    34  stm3210x_eval.o(.text)
    SD_DeInit                                0x0800c435   Thumb Code     8  stm3210x_eval_sdio_sd.o(.text)
    SD_EnableWideBusOperation                0x0800c7fb   Thumb Code   164  stm3210x_eval_sdio_sd.o(.text)
    SD_SelectDeselect                        0x0800c89f   Thumb Code    48  stm3210x_eval_sdio_sd.o(.text)
    SD_GetCardInfo                           0x0800c8cf   Thumb Code   742  stm3210x_eval_sdio_sd.o(.text)
    SD_InitializeCards                       0x0800ccb1   Thumb Code   294  stm3210x_eval_sdio_sd.o(.text)
    SD_PowerON                               0x0800ce7f   Thumb Code   400  stm3210x_eval_sdio_sd.o(.text)
    SD_Init                                  0x0800d00f   Thumb Code   124  stm3210x_eval_sdio_sd.o(.text)
    SD_SendStatus                            0x0800d08b   Thumb Code   114  stm3210x_eval_sdio_sd.o(.text)
    SD_Detect                                0x0800d0fd   Thumb Code    16  stm3210x_eval_sdio_sd.o(.text)
    SD_GetState                              0x0800d10d   Thumb Code    38  stm3210x_eval_sdio_sd.o(.text)
    SD_GetStatus                             0x0800d133   Thumb Code    30  stm3210x_eval_sdio_sd.o(.text)
    SD_PowerOFF                              0x0800d151   Thumb Code    14  stm3210x_eval_sdio_sd.o(.text)
    SD_SendSDStatus                          0x0800d15f   Thumb Code   368  stm3210x_eval_sdio_sd.o(.text)
    SD_GetCardStatus                         0x0800d2cf   Thumb Code   156  stm3210x_eval_sdio_sd.o(.text)
    SD_ReadBlock                             0x0800d36b   Thumb Code   210  stm3210x_eval_sdio_sd.o(.text)
    SD_ReadMultiBlocks                       0x0800d43d   Thumb Code   262  stm3210x_eval_sdio_sd.o(.text)
    SD_StopTransfer                          0x0800d543   Thumb Code    46  stm3210x_eval_sdio_sd.o(.text)
    SD_WaitReadOperation                     0x0800d571   Thumb Code   102  stm3210x_eval_sdio_sd.o(.text)
    SD_WriteBlock                            0x0800d5d7   Thumb Code   208  stm3210x_eval_sdio_sd.o(.text)
    SD_WriteMultiBlocks                      0x0800d6a7   Thumb Code   312  stm3210x_eval_sdio_sd.o(.text)
    SD_WaitWriteOperation                    0x0800d7df   Thumb Code   102  stm3210x_eval_sdio_sd.o(.text)
    SD_GetTransferState                      0x0800d845   Thumb Code    18  stm3210x_eval_sdio_sd.o(.text)
    SD_Erase                                 0x0800da0d   Thumb Code   298  stm3210x_eval_sdio_sd.o(.text)
    SD_ProcessIRQSrc                         0x0800db37   Thumb Code   162  stm3210x_eval_sdio_sd.o(.text)
    SD_ProcessDMAIRQ                         0x0800dbd9   Thumb Code    26  stm3210x_eval_sdio_sd.o(.text)
    convert_from_bytes_to_power_of_two       0x0800dbf3   Thumb Code    18  stm3210x_eval_sdio_sd.o(.text)
    disk_initialize                          0x0800dc31   Thumb Code    34  diskio.o(.text)
    disk_status                              0x0800dc53   Thumb Code    22  diskio.o(.text)
    disk_read                                0x0800dc69   Thumb Code    38  diskio.o(.text)
    disk_write                               0x0800dc8f   Thumb Code    38  diskio.o(.text)
    disk_ioctl                               0x0800dcb5   Thumb Code    34  diskio.o(.text)
    get_fattime                              0x0800dcd7   Thumb Code     4  diskio.o(.text)
    clust2sect                               0x0800e0d1   Thumb Code    32  ff.o(.text)
    get_fat                                  0x0800e0f1   Thumb Code   232  ff.o(.text)
    put_fat                                  0x0800e1d9   Thumb Code   310  ff.o(.text)
    f_mount                                  0x0800f607   Thumb Code    96  ff.o(.text)
    f_open                                   0x0800f667   Thumb Code   474  ff.o(.text)
    f_read                                   0x0800f841   Thumb Code   536  ff.o(.text)
    f_write                                  0x0800fa59   Thumb Code   598  ff.o(.text)
    f_sync                                   0x0800fcaf   Thumb Code   202  ff.o(.text)
    f_close                                  0x0800fd79   Thumb Code    46  ff.o(.text)
    f_lseek                                  0x0800fda7   Thumb Code   804  ff.o(.text)
    f_opendir                                0x080100cb   Thumb Code   190  ff.o(.text)
    f_closedir                               0x08010189   Thumb Code    42  ff.o(.text)
    f_readdir                                0x080101b3   Thumb Code   120  ff.o(.text)
    f_stat                                   0x0801022b   Thumb Code    88  ff.o(.text)
    f_getfree                                0x08010283   Thumb Code   274  ff.o(.text)
    f_truncate                               0x08010395   Thumb Code   236  ff.o(.text)
    f_unlink                                 0x08010481   Thumb Code   230  ff.o(.text)
    f_mkdir                                  0x08010567   Thumb Code   388  ff.o(.text)
    f_chmod                                  0x080106eb   Thumb Code   118  ff.o(.text)
    f_utime                                  0x08010761   Thumb Code   116  ff.o(.text)
    f_rename                                 0x080107d5   Thumb Code   380  ff.o(.text)
    f_mkfs                                   0x08010951   Thumb Code  1596  ff.o(.text)
    f_gets                                   0x08010f8d   Thumb Code    86  ff.o(.text)
    f_putc                                   0x08011031   Thumb Code    64  ff.o(.text)
    f_puts                                   0x08011071   Thumb Code    74  ff.o(.text)
    f_printf                                 0x080110bb   Thumb Code   634  ff.o(.text)
    FATFS_LinkDriver                         0x08011335   Thumb Code    70  ff_gen_drv.o(.text)
    FATFS_UnLinkDriver                       0x0801137b   Thumb Code    54  ff_gen_drv.o(.text)
    FATFS_GetAttachedDriversNbr              0x080113b1   Thumb Code     6  ff_gen_drv.o(.text)
    SD_initialize                            0x080113bd   Thumb Code    22  sd_diskio.o(.text)
    SD_status                                0x080113d3   Thumb Code    32  sd_diskio.o(.text)
    SD_read                                  0x080113f3   Thumb Code   122  sd_diskio.o(.text)
    SD_write                                 0x0801146d   Thumb Code   122  sd_diskio.o(.text)
    SD_ioctl                                 0x080114e7   Thumb Code   100  sd_diskio.o(.text)
    ff_memalloc                              0x08011555   Thumb Code    12  syscall.o(.text)
    ff_memfree                               0x08011561   Thumb Code    12  syscall.o(.text)
    ff_convert                               0x0801156d   Thumb Code    70  unicode.o(.text)
    ff_wtoupper                              0x080115b3   Thumb Code    46  unicode.o(.text)
    malloc                                   0x080115ed   Thumb Code    94  h1_alloc.o(.text)
    free                                     0x0801164b   Thumb Code    78  h1_free.o(.text)
    __aeabi_uldivmod                         0x08011699   Thumb Code     0  lludivv7m.o(.text)
    _ll_udiv                                 0x08011699   Thumb Code   238  lludivv7m.o(.text)
    __aeabi_memcpy                           0x08011787   Thumb Code     0  rt_memcpy_v6.o(.text)
    __rt_memcpy                              0x08011787   Thumb Code   138  rt_memcpy_v6.o(.text)
    _memcpy_lastbytes                        0x080117ed   Thumb Code     0  rt_memcpy_v6.o(.text)
    __use_two_region_memory                  0x08011811   Thumb Code     2  heapauxi.o(.text)
    __rt_heap_escrow                         0x08011813   Thumb Code     2  heapauxi.o(.text)
    __rt_heap_expand                         0x08011815   Thumb Code     2  heapauxi.o(.text)
    __rt_heap_descriptor                     0x08011819   Thumb Code     8  rt_heap_descriptor_intlibspace.o(.text)
    __use_no_heap                            0x08011821   Thumb Code     2  hguard.o(.text)
    __heap$guard                             0x08011823   Thumb Code     2  hguard.o(.text)
    _terminate_user_alloc                    0x08011825   Thumb Code     2  init_alloc.o(.text)
    _init_user_alloc                         0x08011827   Thumb Code     2  init_alloc.o(.text)
    __Heap_Full                              0x08011829   Thumb Code    34  init_alloc.o(.text)
    __Heap_Broken                            0x0801184b   Thumb Code     6  init_alloc.o(.text)
    _init_alloc                              0x08011851   Thumb Code    94  init_alloc.o(.text)
    __Heap_Initialize                        0x080118af   Thumb Code    10  h1_init.o(.text)
    __Heap_DescSize                          0x080118b9   Thumb Code     4  h1_init.o(.text)
    __aeabi_memcpy4                          0x080118bd   Thumb Code     0  rt_memcpy_w.o(.text)
    __aeabi_memcpy8                          0x080118bd   Thumb Code     0  rt_memcpy_w.o(.text)
    __rt_memcpy_w                            0x080118bd   Thumb Code   100  rt_memcpy_w.o(.text)
    _memcpy_lastbytes_aligned                0x08011905   Thumb Code     0  rt_memcpy_w.o(.text)
    __user_libspace                          0x08011921   Thumb Code     8  libspace.o(.text)
    __user_perproc_libspace                  0x08011921   Thumb Code     0  libspace.o(.text)
    __user_perthread_libspace                0x08011921   Thumb Code     0  libspace.o(.text)
    __Heap_ProvideMemory                     0x08011929   Thumb Code    52  h1_extend.o(.text)
    __rt_SIGRTMEM                            0x0801195d   Thumb Code    14  defsig_rtmem_outer.o(.text)
    __I$use$semihosting                      0x0801196b   Thumb Code     0  use_no_semi.o(.text)
    __use_no_semihosting_swi                 0x0801196b   Thumb Code     2  use_no_semi.o(.text)
    __semihosting_library_function           0x0801196d   Thumb Code     0  indicate_semi.o(.text)
    __user_setup_stackheap                   0x0801196d   Thumb Code    74  sys_stackheap_outer.o(.text)
    exit                                     0x080119b7   Thumb Code    12  exit.o(.text)
    __sig_exit                               0x080119c3   Thumb Code    10  defsig_exit.o(.text)
    __rt_SIGRTMEM_inner                      0x080119cd   Thumb Code    22  defsig_rtmem_inner.o(.text)
    _sys_exit                                0x08011a1d   Thumb Code     8  sys_exit.o(.text)
    __default_signal_display                 0x08011a29   Thumb Code    50  defsig_general.o(.text)
    _ttywrch                                 0x08011a5b   Thumb Code    14  sys_wrch.o(.text)
    CustomHID_DeviceDescriptor               0x08011a68   Data          18  usb_desc.o(.constdata)
    CustomHID_ConfigDescriptor               0x08011a7a   Data          41  usb_desc.o(.constdata)
    CustomHID_ReportDescriptor               0x08011aa3   Data          29  usb_desc.o(.constdata)
    CustomHID_StringLangID                   0x08011ac0   Data           4  usb_desc.o(.constdata)
    CustomHID_StringVendor                   0x08011ac4   Data          38  usb_desc.o(.constdata)
    CustomHID_StringProduct                  0x08011aea   Data          32  usb_desc.o(.constdata)
    abyCfgCurveUBuf                          0x08011b0a   Data         400  display.o(.constdata)
    abyCfgCurveIBuf                          0x08011c9a   Data         400  display.o(.constdata)
    aBitMask                                 0x08011e2a   Data           8  display.o(.constdata)
    abyFontDigAlph                           0x08011e32   Data        1072  display.o(.constdata)
    FontChinese                              0x08012262   Data         512  display.o(.constdata)
    abyFontL2R5x7                            0x08012462   Data         126  display.o(.constdata)
    abyFontT2B5x7                            0x080124e0   Data          90  display.o(.constdata)
    abyFontB2T5x7                            0x0801253a   Data          90  display.o(.constdata)
    abyLogoBmp                               0x08012594   Data         480  display.o(.constdata)
    abyADCChn                                0x08012774   Data           5  ctrl.o(.constdata)
    awdVoltTypeValue                         0x0801277a   Data           8  ctrl.o(.constdata)
    awdCurTypeValue                          0x08012782   Data          12  ctrl.o(.constdata)
    cawdAD2CelTab                            0x0801278e   Data         316  ctrl.o(.constdata)
    testIData                                0x080128ca   Data        2000  ctrl.o(.constdata)
    testUData                                0x0801309a   Data        2000  ctrl.o(.constdata)
    castChgCfgData                           0x0801386a   Data         264  db.o(.constdata)
    table_week                               0x08013974   Data          12  stm3210x_eval.o(.constdata)
    mon_table                                0x08013980   Data          12  stm3210x_eval.o(.constdata)
    GPIO_PIN                                 0x0801398c   Data           8  stm3210x_eval.o(.constdata)
    GPIO_CLK                                 0x08013994   Data          16  stm3210x_eval.o(.constdata)
    BUTTON_PIN                               0x080139a4   Data          16  stm3210x_eval.o(.constdata)
    BUTTON_CLK                               0x080139b4   Data          32  stm3210x_eval.o(.constdata)
    BUTTON_EXTI_LINE                         0x080139d4   Data          16  stm3210x_eval.o(.constdata)
    BUTTON_PORT_SOURCE                       0x080139e4   Data          16  stm3210x_eval.o(.constdata)
    BUTTON_PIN_SOURCE                        0x080139f4   Data          16  stm3210x_eval.o(.constdata)
    BUTTON_IRQn                              0x08013a04   Data          16  stm3210x_eval.o(.constdata)
    COM_USART_CLK                            0x08013a14   Data           8  stm3210x_eval.o(.constdata)
    COM_TX_PORT_CLK                          0x08013a1c   Data           8  stm3210x_eval.o(.constdata)
    COM_RX_PORT_CLK                          0x08013a24   Data           8  stm3210x_eval.o(.constdata)
    COM_TX_PIN                               0x08013a2c   Data           4  stm3210x_eval.o(.constdata)
    COM_RX_PIN                               0x08013a30   Data           4  stm3210x_eval.o(.constdata)
    Region$$Table$$Base                      0x08013fb0   Number         0  anon$$obj.o(Region$$Table)
    Region$$Table$$Limit                     0x08013fd0   Number         0  anon$$obj.o(Region$$Table)
    cbyFlashData                             0x08016000   Data        2048  db.o(.ARM.__AT_0x08016000)
    HSEStartUpStatus                         0x20000000   Data           1  hw_config.o(.data)
    EXTI_InitStructure                       0x20000004   Data           8  hw_config.o(.data)
    b_usb                                    0x2000000c   Data           1  hw_config.o(.data)
    b_tf                                     0x2000000d   Data           1  hw_config.o(.data)
    b_mcp                                    0x2000000e   Data           1  hw_config.o(.data)
    b_fs                                     0x2000000f   Data           1  hw_config.o(.data)
    fs_try_cnt                               0x20000010   Data           1  hw_config.o(.data)
    PrevXferComplete                         0x20000014   Data           1  main.o(.data)
    Flag_1ms                                 0x20000015   Data           1  main.o(.data)
    Flag_10ms                                0x20000016   Data           1  main.o(.data)
    Flag_500ms                               0x20000017   Data           1  main.o(.data)
    Flag_1s                                  0x20000018   Data           1  main.o(.data)
    tmp                                      0x2000001c   Data           4  main.o(.data)
    tmp1                                     0x20000020   Data           4  main.o(.data)
    tmp_flag                                 0x20000024   Data           4  main.o(.data)
    Mass_Memory_Size                         0x20000028   Data           8  mass_mal.o(.data)
    Mass_Block_Size                          0x20000030   Data           8  mass_mal.o(.data)
    Mass_Block_Count                         0x20000038   Data           8  mass_mal.o(.data)
    Status                                   0x20000040   Data           4  mass_mal.o(.data)
    SystemCoreClock                          0x20000048   Data           4  system_stm32f10x.o(.data)
    AHBPrescTable                            0x2000004c   Data          16  system_stm32f10x.o(.data)
    CustomHID_StringSerial                   0x2000005c   Data          26  usb_desc.o(.data)
    wIstr                                    0x20000078   Data           2  usb_istr.o(.data)
    bIntPackSOF                              0x2000007a   Data           1  usb_istr.o(.data)
    esof_counter                             0x2000007c   Data           4  usb_istr.o(.data)
    wCNTR                                    0x20000080   Data           4  usb_istr.o(.data)
    pEpInt_IN                                0x20000084   Data          28  usb_istr.o(.data)
    pEpInt_OUT                               0x200000a0   Data          28  usb_istr.o(.data)
    ProtocolValue                            0x200000bc   Data           4  usb_prop.o(.data)
    EXTI_Enable                              0x200000c0   Data           1  usb_prop.o(.data)
    Request                                  0x200000c1   Data           1  usb_prop.o(.data)
    Report_Buf                               0x200000c2   Data           2  usb_prop.o(.data)
    Device_Table                             0x200000c4   Data           2  usb_prop.o(.data)
    Device_Property                          0x200000c8   Data          48  usb_prop.o(.data)
    User_Standard_Requests                   0x200000f8   Data          36  usb_prop.o(.data)
    Device_Descriptor                        0x2000011c   Data           8  usb_prop.o(.data)
    Config_Descriptor                        0x20000124   Data           8  usb_prop.o(.data)
    CustomHID_Report_Descriptor              0x2000012c   Data           8  usb_prop.o(.data)
    CustomHID_Hid_Descriptor                 0x20000134   Data           8  usb_prop.o(.data)
    String_Descriptor                        0x2000013c   Data          32  usb_prop.o(.data)
    bDeviceState                             0x2000015c   Data           4  usb_pwr.o(.data)
    fSuspendEnabled                          0x20000160   Data           1  usb_pwr.o(.data)
    ResumeS                                  0x20000161   Data           2  usb_pwr.o(.data)
    remotewakeupon                           0x20000164   Data           4  usb_pwr.o(.data)
    byMenuLevel                              0x20000168   Data           1  display.o(.data)
    byMenuL0CurIndex                         0x20000169   Data           1  display.o(.data)
    byMenuL1CurIndex                         0x2000016a   Data           1  display.o(.data)
    byMenuL2CurIndex                         0x2000016b   Data           1  display.o(.data)
    byMID                                    0x2000016c   Data           1  display.o(.data)
    wdML1Offset                              0x2000016e   Data           2  display.o(.data)
    wdML1OffsetMax                           0x20000170   Data           2  display.o(.data)
    wdML1OffsetSel                           0x20000172   Data           2  display.o(.data)
    wdML2CfgOffset                           0x20000174   Data           2  display.o(.data)
    wdML2CfgOffsetMax                        0x20000176   Data           2  display.o(.data)
    wdML2CfgOffsetSel                        0x20000178   Data           2  display.o(.data)
    wdML2ChgOffset                           0x2000017a   Data           2  display.o(.data)
    wdML2ChgOffsetMax                        0x2000017c   Data           2  display.o(.data)
    wdML2ChgOffsetSel                        0x2000017e   Data           2  display.o(.data)
    CurX                                     0x20000180   Data           2  display.o(.data)
    CurY                                     0x20000182   Data           2  display.o(.data)
    byLineWidth                              0x20000184   Data           1  display.o(.data)
    wdCoTimeMin                              0x20000186   Data           2  display.o(.data)
    wdCoTimeScale                            0x20000188   Data           2  display.o(.data)
    wdCoTimeMarkSpace                        0x2000018a   Data           1  display.o(.data)
    wdCoUMin                                 0x2000018c   Data           2  display.o(.data)
    wdCoUMax                                 0x2000018e   Data           2  display.o(.data)
    wdCoUMarkSpace                           0x20000190   Data           1  display.o(.data)
    wdCoUScale                               0x20000192   Data           2  display.o(.data)
    wdCoIMarkSpace                           0x20000194   Data           1  display.o(.data)
    wdCoIMin                                 0x20000196   Data           2  display.o(.data)
    wdCoIMax                                 0x20000198   Data           2  display.o(.data)
    wdCoIScale                               0x2000019a   Data           2  display.o(.data)
    byDispNum                                0x2000019c   Data           1  display.o(.data)
    CurveTMin                                0x2000019e   Data           2  display.o(.data)
    CurveTMax                                0x200001a0   Data           2  display.o(.data)
    CurveUMin                                0x200001a2   Data           2  display.o(.data)
    CurveUMax                                0x200001a4   Data           2  display.o(.data)
    CurveIMin                                0x200001a6   Data           2  display.o(.data)
    CurveIMax                                0x200001a8   Data           2  display.o(.data)
    UnitT                                    0x200001aa   Data           2  display.o(.data)
    UnitU                                    0x200001ac   Data           2  display.o(.data)
    UnitI                                    0x200001ae   Data           2  display.o(.data)
    TMarkSpace                               0x200001b0   Data           2  display.o(.data)
    UMarkSpace                               0x200001b2   Data           2  display.o(.data)
    IMarkSpace                               0x200001b4   Data           2  display.o(.data)
    dwdDispUITCnt                            0x200001b8   Data           4  display.o(.data)
    wdDispCurUITFileInex                     0x200001bc   Data           2  display.o(.data)
    iDispCurErr                              0x200001c0   Data           4  display.o(.data)
    dwdDispChgTmLen                          0x200001c4   Data           4  display.o(.data)
    dwdDispChgCapacity                       0x200001c8   Data           4  display.o(.data)
    byState                                  0x200001d8   Data           1  ctrl.o(.data)
    byChgStep                                0x200001d9   Data           1  ctrl.o(.data)
    byErr                                    0x200001da   Data           1  ctrl.o(.data)
    bPowerUp                                 0x200001db   Data           1  ctrl.o(.data)
    bFirst                                   0x200001dc   Data           1  ctrl.o(.data)
    bChgDisable                              0x200001dd   Data           1  ctrl.o(.data)
    bySWCnt                                  0x200001de   Data           1  ctrl.o(.data)
    bTurnOn                                  0x200001df   Data           1  ctrl.o(.data)
    bTurnOff                                 0x200001e0   Data           1  ctrl.o(.data)
    wdPwrCnt                                 0x200001e2   Data           2  ctrl.o(.data)
    bADC                                     0x200001e4   Data           1  ctrl.o(.data)
    byADCCnt                                 0x200001e5   Data           1  ctrl.o(.data)
    byVolFiltCnt                             0x200001e6   Data           1  ctrl.o(.data)
    byCurrFiltCnt                            0x200001e7   Data           1  ctrl.o(.data)
    wdUPwm                                   0x200001e8   Data           2  ctrl.o(.data)
    wdIPwm                                   0x200001ea   Data           2  ctrl.o(.data)
    wdICurPwm                                0x200001ec   Data           2  ctrl.o(.data)
    bTest                                    0x200001ee   Data           1  ctrl.o(.data)
    bPCConnect                               0x200001ef   Data           1  ctrl.o(.data)
    bBTP                                     0x200001f0   Data           1  ctrl.o(.data)
    bBTN                                     0x200001f1   Data           1  ctrl.o(.data)
    bACLow                                   0x200001f2   Data           1  ctrl.o(.data)
    bACOff                                   0x200001f3   Data           1  ctrl.o(.data)
    bTem1Hi                                  0x200001f4   Data           1  ctrl.o(.data)
    bTimerPu                                 0x200001f5   Data           1  ctrl.o(.data)
    ISet                                     0x200001f6   Data           1  ctrl.o(.data)
    CSet                                     0x200001f7   Data           1  ctrl.o(.data)
    bSWRyInhi                                0x200001f8   Data           1  ctrl.o(.data)
    bSWRyOut                                 0x200001f9   Data           1  ctrl.o(.data)
    bSWMosOn                                 0x200001fa   Data           1  ctrl.o(.data)
    bSWFanOn                                 0x200001fb   Data           1  ctrl.o(.data)
    bSWPowerON                               0x200001fc   Data           1  ctrl.o(.data)
    wdUPwmLast                               0x200001fe   Data           2  ctrl.o(.data)
    wdIPwmLast                               0x20000200   Data           2  ctrl.o(.data)
    bSWRyInhiLast                            0x20000202   Data           1  ctrl.o(.data)
    bSWRyOutLast                             0x20000203   Data           1  ctrl.o(.data)
    bSWMosOnLast                             0x20000204   Data           1  ctrl.o(.data)
    bSWFanOnLast                             0x20000205   Data           1  ctrl.o(.data)
    bSWPowerONLast                           0x20000206   Data           1  ctrl.o(.data)
    bLEDR                                    0x20000207   Data           1  ctrl.o(.data)
    bLEDY                                    0x20000208   Data           1  ctrl.o(.data)
    bLEDG                                    0x20000209   Data           1  ctrl.o(.data)
    dwdCapacity                              0x20000210   Data           8  ctrl.o(.data)
    cTemp1                                   0x20000218   Data           1  ctrl.o(.data)
    cTemp2                                   0x20000219   Data           1  ctrl.o(.data)
    wdOutVoltage                             0x2000021a   Data           2  ctrl.o(.data)
    wdBtVoltage                              0x2000021c   Data           2  ctrl.o(.data)
    wdCurrent                                0x2000021e   Data           2  ctrl.o(.data)
    wdLastCurrent                            0x20000220   Data           2  ctrl.o(.data)
    wdVoltCalib                              0x20000222   Data           2  ctrl.o(.data)
    wdCurCalib                               0x20000224   Data           2  ctrl.o(.data)
    byVoltType                               0x20000226   Data           1  ctrl.o(.data)
    byCurType                                0x20000227   Data           1  ctrl.o(.data)
    byCSetType                               0x20000228   Data           1  ctrl.o(.data)
    bGetVal                                  0x20000229   Data           1  ctrl.o(.data)
    bySaveUITCnt                             0x2000022a   Data           1  ctrl.o(.data)
    byBTTestCnt                              0x2000022b   Data           1  ctrl.o(.data)
    byJudgeWaitCnt                           0x2000022c   Data           1  ctrl.o(.data)
    KeyCode                                  0x2000022d   Data           1  ctrl.o(.data)
    KeyStatus                                0x2000022e   Data           1  ctrl.o(.data)
    bKey                                     0x2000022f   Data           1  ctrl.o(.data)
    LstKS                                    0x20000230   Data           1  ctrl.o(.data)
    CurKS                                    0x20000231   Data           1  ctrl.o(.data)
    LstKStatus                               0x20000232   Data           1  ctrl.o(.data)
    KeyKeepTL                                0x20000234   Data           2  ctrl.o(.data)
    KeyChangeTL                              0x20000236   Data           1  ctrl.o(.data)
    byWaitTm                                 0x20000237   Data           1  ctrl.o(.data)
    wdWaitPCTimeLen                          0x20000238   Data           2  ctrl.o(.data)
    bConnectWithPC                           0x2000023a   Data           1  ctrl.o(.data)
    dwdTm                                    0x2000023c   Data           4  ctrl.o(.data)
    wdT1                                     0x20000240   Data           2  ctrl.o(.data)
    wdT2                                     0x20000242   Data           2  ctrl.o(.data)
    wdT3                                     0x20000244   Data           2  ctrl.o(.data)
    wdT4                                     0x20000246   Data           2  ctrl.o(.data)
    wdT5                                     0x20000248   Data           2  ctrl.o(.data)
    wdT6                                     0x2000024a   Data           2  ctrl.o(.data)
    wdCfgDataNum                             0x20000258   Data           2  db.o(.data)
    wdCurCfgDataIndex                        0x2000025a   Data           2  db.o(.data)
    bCfgDataExist                            0x2000025c   Data           1  db.o(.data)
    wdCurUITFileInex                         0x2000025e   Data           2  db.o(.data)
    wdUITFileNum                             0x20000260   Data           2  db.o(.data)
    dwdUITFileTotalNum                       0x20000262   Data           2  db.o(.data)
    dwdUITCnt                                0x20000264   Data           4  db.o(.data)
    dwdChargeBeginTm                         0x20000268   Data           4  db.o(.data)
    bRxdProc                                 0x2000026d   Data           1  communication.o(.data)
    bCom                                     0x2000026e   Data           1  communication.o(.data)
    byComWDGCnt                              0x2000026f   Data           1  communication.o(.data)
    StatusInfo                               0x20000272   Data           2  usb_core.o(.data)
    Data_Mul_MaxPacketSize                   0x20000274   Data           1  usb_core.o(.data)
    EPindex                                  0x20000278   Data           1  usb_init.o(.data)
    pInformation                             0x2000027c   Data           4  usb_init.o(.data)
    pProperty                                0x20000280   Data           4  usb_init.o(.data)
    SaveState                                0x20000284   Data           2  usb_init.o(.data)
    wInterrupt_Mask                          0x20000286   Data           2  usb_init.o(.data)
    pUser_Standard_Requests                  0x20000288   Data           4  usb_init.o(.data)
    SaveRState                               0x2000028c   Data           2  usb_int.o(.data)
    SaveTState                               0x2000028e   Data           2  usb_int.o(.data)
    b_rtc_int                                0x200002a4   Data           4  stm3210x_eval.o(.data)
    calendar                                 0x200002a8   Data           8  stm3210x_eval.o(.data)
    mcp_pwr                                  0x200002b0   Data           4  stm3210x_eval.o(.data)
    mcp_vol                                  0x200002b4   Data           4  stm3210x_eval.o(.data)
    GPIO_PORT                                0x200002b8   Data          16  stm3210x_eval.o(.data)
    BUTTON_PORT                              0x200002c8   Data          32  stm3210x_eval.o(.data)
    COM_USART                                0x200002e8   Data           8  stm3210x_eval.o(.data)
    COM_TX_PORT                              0x200002f0   Data           8  stm3210x_eval.o(.data)
    COM_RX_PORT                              0x200002f8   Data           8  stm3210x_eval.o(.data)
    TransmitFrameByteCounter                 0x20000300   Data           1  stm3210x_eval.o(.data)
    VoltageRMS                               0x20000302   Data           2  stm3210x_eval.o(.data)
    LineFrequency                            0x20000304   Data           2  stm3210x_eval.o(.data)
    ThermistorVoltage                        0x20000306   Data           2  stm3210x_eval.o(.data)
    PowerFactor                              0x20000308   Data           2  stm3210x_eval.o(.data)
    CurrentRMS                               0x2000030c   Data           4  stm3210x_eval.o(.data)
    ActivePower                              0x20000310   Data           4  stm3210x_eval.o(.data)
    ReactivePower                            0x20000314   Data           4  stm3210x_eval.o(.data)
    ApparentPower                            0x20000318   Data           4  stm3210x_eval.o(.data)
    ActiveEnergy                             0x2000031c   Data           4  stm3210x_eval.o(.data)
    ActiveEnergyCounter                      0x20000320   Data           2  stm3210x_eval.o(.data)
    CalibrationMode                          0x20000322   Data           1  stm3210x_eval.o(.data)
    CalibrationStart                         0x20000323   Data           1  stm3210x_eval.o(.data)
    commFlags                                0x20000324   Data           2  stm3210x_eval.o(.data)
    ReceiveFrameByteCounter                  0x20000326   Data           1  stm3210x_eval.o(.data)
    ReceiveFrameByteCount                    0x20000327   Data           1  stm3210x_eval.o(.data)
    GlobalChecksum                           0x20000328   Data           1  stm3210x_eval.o(.data)
    GlobalFirst                              0x20000329   Data           1  stm3210x_eval.o(.data)
    CommandArrayCounter                      0x2000032a   Data           1  stm3210x_eval.o(.data)
    StopCondition                            0x20000338   Data           4  stm3210x_eval_sdio_sd.o(.data)
    TransferError                            0x2000033c   Data           1  stm3210x_eval_sdio_sd.o(.data)
    TransferEnd                              0x20000340   Data           4  stm3210x_eval_sdio_sd.o(.data)
    DMAEndOfTransfer                         0x20000344   Data           4  stm3210x_eval_sdio_sd.o(.data)
    SD_Driver                                0x20000354   Data          20  sd_diskio.o(.data)
    mSDCardInfo                              0x20000368   Data          88  mass_mal.o(.bss)
    Receive_Buffer                           0x200003c0   Data          64  usb_endp.o(.bss)
    Receive_Buffer_Bak                       0x20000400   Data          64  usb_endp.o(.bss)
    EP                                       0x20000440   Data          32  usb_pwr.o(.bss)
    CurveUBuf                                0x20000460   Data         212  display.o(.bss)
    CurveIBuf                                0x20000534   Data         212  display.o(.bss)
    LcdData                                  0x20000608   Data        1680  lcd.o(.bss)
    awdADCValSample                          0x20000c98   Data          10  ctrl.o(.bss)
    awdADCMax                                0x20000ca2   Data          10  ctrl.o(.bss)
    awdADCMin                                0x20000cac   Data          10  ctrl.o(.bss)
    adwdADCSum                               0x20000cb8   Data          20  ctrl.o(.bss)
    awdADCVal                                0x20000ccc   Data          10  ctrl.o(.bss)
    stSelConfigData                          0x20000cd6   Data          48  ctrl.o(.bss)
    fs                                       0x20000d08   Data         560  db.o(.bss)
    stChargeCfgData                          0x20000f38   Data          44  db.o(.bss)
    acUITDataPath                            0x20000f64   Data          16  db.o(.bss)
    abyDBBuf                                 0x20000f74   Data        3072  db.o(.bss)
    acTempPath                               0x20001b74   Data          16  db.o(.bss)
    fp                                       0x20001b84   Data         556  db.o(.bss)
    bCfgValid                                0x20001db0   Data          50  db.o(.bss)
    SendBuf                                  0x20001de2   Data          64  communication.o(.bss)
    Device_Info                              0x20001e54   Data          28  usb_init.o(.bss)
    SDCardInfo                               0x20001ea0   Data          88  stm3210x_eval_sdio_sd.o(.bss)
    SDIO_InitStructure                       0x20001ef8   Data          24  stm3210x_eval_sdio_sd.o(.bss)
    SDIO_CmdInitStructure                    0x20001f10   Data          20  stm3210x_eval_sdio_sd.o(.bss)
    SDIO_DataInitStructure                   0x20001f24   Data          24  stm3210x_eval_sdio_sd.o(.bss)
    disk                                     0x20001f54   Data          12  ff_gen_drv.o(.bss)
    __libspace_start                         0x20001f60   Data          96  libspace.o(.bss)
    __temporary_stack_top$libspace           0x20001fc0   Data           0  libspace.o(.bss)



==============================================================================

Memory Map of the image

  Image Entry point : 0x08000131

  Load Region LR_IROM1 (Base: 0x08000000, Size: 0x00016b68, Max: 0x00080000, ABSOLUTE, COMPRESSED[0x000168f8])

    Execution Region ER_IROM1 (Base: 0x08000000, Size: 0x00016800, Max: 0x00080000, ABSOLUTE)

    Base Addr    Size         Type   Attr      Idx    E Section Name        Object

    0x08000000   0x00000130   Data   RO          681    RESET               startup_stm32f10x_hd.o
    0x08000130   0x00000008   Code   RO         1563  * !!!main             c_w.l(__main.o)
    0x08000138   0x00000034   Code   RO         1775    !!!scatter          c_w.l(__scatter.o)
    0x0800016c   0x0000005a   Code   RO         1773    !!dczerorl2         c_w.l(__dczerorl2.o)
    0x080001c6   0x00000002   PAD
    0x080001c8   0x0000001c   Code   RO         1777    !!handler_zi        c_w.l(__scatter_zi.o)
    0x080001e4   0x00000002   Code   RO         1713    .ARM.Collect$$libinit$$00000000  c_w.l(libinit.o)
    0x080001e6   0x00000000   Code   RO         1602    .ARM.Collect$$libinit$$00000002  c_w.l(libinit2.o)
    0x080001e6   0x00000008   Code   RO         1603    .ARM.Collect$$libinit$$00000003  c_w.l(libinit2.o)
    0x080001ee   0x00000000   Code   RO         1605    .ARM.Collect$$libinit$$00000008  c_w.l(libinit2.o)
    0x080001ee   0x00000000   Code   RO         1607    .ARM.Collect$$libinit$$0000000A  c_w.l(libinit2.o)
    0x080001ee   0x00000000   Code   RO         1609    .ARM.Collect$$libinit$$0000000C  c_w.l(libinit2.o)
    0x080001ee   0x00000000   Code   RO         1612    .ARM.Collect$$libinit$$0000000F  c_w.l(libinit2.o)
    0x080001ee   0x00000000   Code   RO         1614    .ARM.Collect$$libinit$$00000011  c_w.l(libinit2.o)
    0x080001ee   0x00000000   Code   RO         1616    .ARM.Collect$$libinit$$00000013  c_w.l(libinit2.o)
    0x080001ee   0x00000000   Code   RO         1618    .ARM.Collect$$libinit$$00000015  c_w.l(libinit2.o)
    0x080001ee   0x00000000   Code   RO         1620    .ARM.Collect$$libinit$$00000017  c_w.l(libinit2.o)
    0x080001ee   0x00000000   Code   RO         1622    .ARM.Collect$$libinit$$00000019  c_w.l(libinit2.o)
    0x080001ee   0x00000000   Code   RO         1624    .ARM.Collect$$libinit$$0000001B  c_w.l(libinit2.o)
    0x080001ee   0x00000000   Code   RO         1626    .ARM.Collect$$libinit$$0000001D  c_w.l(libinit2.o)
    0x080001ee   0x00000000   Code   RO         1628    .ARM.Collect$$libinit$$0000001F  c_w.l(libinit2.o)
    0x080001ee   0x00000000   Code   RO         1630    .ARM.Collect$$libinit$$00000021  c_w.l(libinit2.o)
    0x080001ee   0x00000000   Code   RO         1632    .ARM.Collect$$libinit$$00000023  c_w.l(libinit2.o)
    0x080001ee   0x00000000   Code   RO         1636    .ARM.Collect$$libinit$$0000002A  c_w.l(libinit2.o)
    0x080001ee   0x00000000   Code   RO         1638    .ARM.Collect$$libinit$$0000002C  c_w.l(libinit2.o)
    0x080001ee   0x00000000   Code   RO         1640    .ARM.Collect$$libinit$$0000002E  c_w.l(libinit2.o)
    0x080001ee   0x00000000   Code   RO         1642    .ARM.Collect$$libinit$$00000030  c_w.l(libinit2.o)
    0x080001ee   0x00000002   Code   RO         1643    .ARM.Collect$$libinit$$00000031  c_w.l(libinit2.o)
    0x080001f0   0x00000002   Code   RO         1770    .ARM.Collect$$libshutdown$$00000000  c_w.l(libshutdown.o)
    0x080001f2   0x00000000   Code   RO         1730    .ARM.Collect$$libshutdown$$00000003  c_w.l(libshutdown2.o)
    0x080001f2   0x00000000   Code   RO         1733    .ARM.Collect$$libshutdown$$00000006  c_w.l(libshutdown2.o)
    0x080001f2   0x00000000   Code   RO         1736    .ARM.Collect$$libshutdown$$00000009  c_w.l(libshutdown2.o)
    0x080001f2   0x00000000   Code   RO         1738    .ARM.Collect$$libshutdown$$0000000B  c_w.l(libshutdown2.o)
    0x080001f2   0x00000000   Code   RO         1741    .ARM.Collect$$libshutdown$$0000000E  c_w.l(libshutdown2.o)
    0x080001f2   0x00000002   Code   RO         1742    .ARM.Collect$$libshutdown$$0000000F  c_w.l(libshutdown2.o)
    0x080001f4   0x00000000   Code   RO         1567    .ARM.Collect$$rtentry$$00000000  c_w.l(rtentry.o)
    0x080001f4   0x00000000   Code   RO         1650    .ARM.Collect$$rtentry$$00000002  c_w.l(rtentry2.o)
    0x080001f4   0x00000006   Code   RO         1662    .ARM.Collect$$rtentry$$00000004  c_w.l(rtentry4.o)
    0x080001fa   0x00000000   Code   RO         1652    .ARM.Collect$$rtentry$$00000009  c_w.l(rtentry2.o)
    0x080001fa   0x00000004   Code   RO         1653    .ARM.Collect$$rtentry$$0000000A  c_w.l(rtentry2.o)
    0x080001fe   0x00000000   Code   RO         1655    .ARM.Collect$$rtentry$$0000000C  c_w.l(rtentry2.o)
    0x080001fe   0x00000008   Code   RO         1656    .ARM.Collect$$rtentry$$0000000D  c_w.l(rtentry2.o)
    0x08000206   0x00000002   Code   RO         1716    .ARM.Collect$$rtexit$$00000000  c_w.l(rtexit.o)
    0x08000208   0x00000000   Code   RO         1746    .ARM.Collect$$rtexit$$00000002  c_w.l(rtexit2.o)
    0x08000208   0x00000004   Code   RO         1747    .ARM.Collect$$rtexit$$00000003  c_w.l(rtexit2.o)
    0x0800020c   0x00000006   Code   RO         1748    .ARM.Collect$$rtexit$$00000004  c_w.l(rtexit2.o)
    0x08000212   0x00000002   PAD
    0x08000214   0x00000000   Code   RO         1668    .emb_text           c_w.l(maybetermalloc1.o)
    0x08000214   0x00000360   Code   RO            3    .text               hw_config.o
    0x08000574   0x00000098   Code   RO          181    .text               main.o
    0x0800060c   0x00000174   Code   RO          249    .text               mass_mal.o
    0x08000780   0x00000130   Code   RO          273    .text               stm32_it.o
    0x080008b0   0x000001e0   Code   RO          301    .text               system_stm32f10x.o
    0x08000a90   0x00000064   Code   RO          348    .text               usb_endp.o
    0x08000af4   0x000001c4   Code   RO          372    .text               usb_istr.o
    0x08000cb8   0x00000264   Code   RO          401    .text               usb_prop.o
    0x08000f1c   0x00000244   Code   RO          432    .text               usb_pwr.o
    0x08001160   0x00002b0c   Code   RO          459    .text               display.o
    0x08003c6c   0x0000072c   Code   RO          499    .text               lcd.o
    0x08004398   0x000000e8   Code   RO          526    .text               spi.o
    0x08004480   0x00002088   Code   RO          546    .text               ctrl.o
    0x08006508   0x00001034   Code   RO          586    .text               db.o
    0x0800753c   0x000004e0   Code   RO          641    .text               communication.o
    0x08007a1c   0x00000040   Code   RO          682    .text               startup_stm32f10x_hd.o
    0x08007a5c   0x00000b50   Code   RO          688    .text               usb_core.o
    0x080085ac   0x0000003c   Code   RO          711    .text               usb_init.o
    0x080085e8   0x0000033c   Code   RO          742    .text               usb_int.o
    0x08008924   0x0000005c   Code   RO          774    .text               usb_mem.o
    0x08008980   0x00000808   Code   RO          794    .text               usb_regs.o
    0x08009188   0x00000080   Code   RO          814    .text               usb_sil.o
    0x08009208   0x000000dc   Code   RO          834    .text               misc.o
    0x080092e4   0x0000044e   Code   RO          854    .text               stm32f10x_adc.o
    0x08009732   0x00000002   PAD
    0x08009734   0x000000c4   Code   RO          874    .text               stm32f10x_bkp.o
    0x080097f8   0x00000254   Code   RO          997    .text               stm32f10x_dma.o
    0x08009a4c   0x0000011c   Code   RO         1017    .text               stm32f10x_exti.o
    0x08009b68   0x000005bc   Code   RO         1037    .text               stm32f10x_flash.o
    0x0800a124   0x0000035c   Code   RO         1077    .text               stm32f10x_gpio.o
    0x0800a480   0x00000040   Code   RO         1117    .text               stm32f10x_iwdg.o
    0x0800a4c0   0x000000cc   Code   RO         1137    .text               stm32f10x_pwr.o
    0x0800a58c   0x000003a4   Code   RO         1157    .text               stm32f10x_rcc.o
    0x0800a930   0x00000160   Code   RO         1179    .text               stm32f10x_rtc.o
    0x0800aa90   0x000001c4   Code   RO         1199    .text               stm32f10x_sdio.o
    0x0800ac54   0x00000e1a   Code   RO         1239    .text               stm32f10x_tim.o
    0x0800ba6e   0x00000002   PAD
    0x0800ba70   0x00000408   Code   RO         1259    .text               stm32f10x_usart.o
    0x0800be78   0x000005bc   Code   RO         1299    .text               stm3210x_eval.o
    0x0800c434   0x000017fc   Code   RO         1325    .text               stm3210x_eval_sdio_sd.o
    0x0800dc30   0x000000b0   Code   RO         1353    .text               diskio.o
    0x0800dce0   0x00003654   Code   RO         1374    .text               ff.o
    0x08011334   0x00000088   Code   RO         1401    .text               ff_gen_drv.o
    0x080113bc   0x00000198   Code   RO         1424    .text               sd_diskio.o
    0x08011554   0x00000018   Code   RO         1447    .text               syscall.o
    0x0801156c   0x00000080   Code   RO         1470    .text               unicode.o
    0x080115ec   0x0000005e   Code   RO         1499    .text               c_w.l(h1_alloc.o)
    0x0801164a   0x0000004e   Code   RO         1501    .text               c_w.l(h1_free.o)
    0x08011698   0x000000ee   Code   RO         1557    .text               c_w.l(lludivv7m.o)
    0x08011786   0x0000008a   Code   RO         1559    .text               c_w.l(rt_memcpy_v6.o)
    0x08011810   0x00000006   Code   RO         1561    .text               c_w.l(heapauxi.o)
    0x08011816   0x00000002   PAD
    0x08011818   0x00000008   Code   RO         1575    .text               c_w.l(rt_heap_descriptor_intlibspace.o)
    0x08011820   0x00000004   Code   RO         1577    .text               c_w.l(hguard.o)
    0x08011824   0x0000008a   Code   RO         1579    .text               c_w.l(init_alloc.o)
    0x080118ae   0x0000000e   Code   RO         1583    .text               c_w.l(h1_init.o)
    0x080118bc   0x00000064   Code   RO         1597    .text               c_w.l(rt_memcpy_w.o)
    0x08011920   0x00000008   Code   RO         1646    .text               c_w.l(libspace.o)
    0x08011928   0x00000034   Code   RO         1670    .text               c_w.l(h1_extend.o)
    0x0801195c   0x0000000e   Code   RO         1674    .text               c_w.l(defsig_rtmem_outer.o)
    0x0801196a   0x00000002   Code   RO         1685    .text               c_w.l(use_no_semi.o)
    0x0801196c   0x00000000   Code   RO         1687    .text               c_w.l(indicate_semi.o)
    0x0801196c   0x0000004a   Code   RO         1688    .text               c_w.l(sys_stackheap_outer.o)
    0x080119b6   0x0000000c   Code   RO         1694    .text               c_w.l(exit.o)
    0x080119c2   0x0000000a   Code   RO         1696    .text               c_w.l(defsig_exit.o)
    0x080119cc   0x00000050   Code   RO         1702    .text               c_w.l(defsig_rtmem_inner.o)
    0x08011a1c   0x0000000c   Code   RO         1714    .text               c_w.l(sys_exit.o)
    0x08011a28   0x00000032   Code   RO         1724    .text               c_w.l(defsig_general.o)
    0x08011a5a   0x0000000e   Code   RO         1743    .text               c_w.l(sys_wrch.o)
    0x08011a68   0x000000a2   Data   RO          327    .constdata          usb_desc.o
    0x08011b0a   0x00000c6a   Data   RO          461    .constdata          display.o
    0x08012774   0x000010f6   Data   RO          548    .constdata          ctrl.o
    0x0801386a   0x00000108   Data   RO          589    .constdata          db.o
    0x08013972   0x00000002   PAD
    0x08013974   0x000000c0   Data   RO         1301    .constdata          stm3210x_eval.o
    0x08013a34   0x000000ba   Data   RO         1376    .constdata          ff.o
    0x08013aee   0x000004c0   Data   RO         1471    .constdata          unicode.o
    0x08013fae   0x00000002   PAD
    0x08013fb0   0x00000020   Data   RO         1771    Region$$Table       anon$$obj.o
    0x08013fd0   0x00002030   PAD
    0x08016000   0x00000800   Data   RO          587    .ARM.__AT_0x08016000  db.o


    Execution Region RW_IRAM1 (Base: 0x20000000, Size: 0x000029c0, Max: 0x00010000, ABSOLUTE, COMPRESSED[0x000000f8])

    Base Addr    Size         Type   Attr      Idx    E Section Name        Object

    0x20000000   0x00000011   Data   RW            4    .data               hw_config.o
    0x20000011   0x00000003   PAD
    0x20000014   0x00000014   Data   RW          182    .data               main.o
    0x20000028   0x0000001c   Data   RW          251    .data               mass_mal.o
    0x20000044   0x00000002   Data   RW          274    .data               stm32_it.o
    0x20000046   0x00000002   PAD
    0x20000048   0x00000014   Data   RW          302    .data               system_stm32f10x.o
    0x2000005c   0x0000001a   Data   RW          328    .data               usb_desc.o
    0x20000076   0x00000002   PAD
    0x20000078   0x00000044   Data   RW          373    .data               usb_istr.o
    0x200000bc   0x000000a0   Data   RW          402    .data               usb_prop.o
    0x2000015c   0x0000000c   Data   RW          434    .data               usb_pwr.o
    0x20000168   0x00000069   Data   RW          462    .data               display.o
    0x200001d1   0x00000007   PAD
    0x200001d8   0x00000080   Data   RW          549    .data               ctrl.o
    0x20000258   0x00000015   Data   RW          590    .data               db.o
    0x2000026d   0x00000004   Data   RW          643    .data               communication.o
    0x20000271   0x00000001   PAD
    0x20000272   0x00000003   Data   RW          689    .data               usb_core.o
    0x20000275   0x00000003   PAD
    0x20000278   0x00000014   Data   RW          713    .data               usb_init.o
    0x2000028c   0x00000004   Data   RW          743    .data               usb_int.o
    0x20000290   0x00000014   Data   RW         1158    .data               stm32f10x_rcc.o
    0x200002a4   0x0000008a   Data   RW         1302    .data               stm3210x_eval.o
    0x2000032e   0x00000002   PAD
    0x20000330   0x00000018   Data   RW         1327    .data               stm3210x_eval_sdio_sd.o
    0x20000348   0x00000006   Data   RW         1377    .data               ff.o
    0x2000034e   0x00000002   PAD
    0x20000350   0x00000018   Data   RW         1425    .data               sd_diskio.o
    0x20000368   0x00000058   Zero   RW          250    .bss                mass_mal.o
    0x200003c0   0x00000080   Zero   RW          349    .bss                usb_endp.o
    0x20000440   0x00000020   Zero   RW          433    .bss                usb_pwr.o
    0x20000460   0x000001a8   Zero   RW          460    .bss                display.o
    0x20000608   0x00000690   Zero   RW          500    .bss                lcd.o
    0x20000c98   0x0000006e   Zero   RW          547    .bss                ctrl.o
    0x20000d06   0x00000002   PAD
    0x20000d08   0x000010da   Zero   RW          588    .bss                db.o
    0x20001de2   0x00000070   Zero   RW          642    .bss                communication.o
    0x20001e52   0x00000002   PAD
    0x20001e54   0x0000001c   Zero   RW          712    .bss                usb_init.o
    0x20001e70   0x000000cc   Zero   RW         1326    .bss                stm3210x_eval_sdio_sd.o
    0x20001f3c   0x00000018   Zero   RW         1375    .bss                ff.o
    0x20001f54   0x0000000c   Zero   RW         1402    .bss                ff_gen_drv.o
    0x20001f60   0x00000060   Zero   RW         1647    .bss                c_w.l(libspace.o)
    0x20001fc0   0x00000600   Zero   RW          680    HEAP                startup_stm32f10x_hd.o
    0x200025c0   0x00000400   Zero   RW          679    STACK               startup_stm32f10x_hd.o


==============================================================================

Image component sizes


      Code (inc. data)   RO Data    RW Data    ZI Data      Debug   Object Name

      1248        124          0          4        112       7622   communication.o
      8328        982       4342        128        110      18780   ctrl.o
      4148        156       2312         21       4314      19453   db.o
       176          6          0          0          0       2197   diskio.o
     11020        340       3178        105        424      23058   display.o
     13908        136        186          6         24      35500   ff.o
       136          6          0          0         12       1365   ff_gen_drv.o
       864         38          0         17          0     320222   hw_config.o
      1836         16          0          0       1680       4405   lcd.o
       152         14          0         20          0       6338   main.o
       372         22          0         28         88       2571   mass_mal.o
       220         22          0          0          0       1909   misc.o
       408         10          0         24          0       2644   sd_diskio.o
       232          8          0          0          0       1017   spi.o
        64         26        304          0       2560        840   startup_stm32f10x_hd.o
      1468        112        192        138          0       9111   stm3210x_eval.o
      6140        220          0         24        204      23107   stm3210x_eval_sdio_sd.o
       304         38          0          2          0       3019   stm32_it.o
      1102         26          0          0          0      10941   stm32f10x_adc.o
       196          8          0          0          0       3572   stm32f10x_bkp.o
       596          8          0          0          0       4438   stm32f10x_dma.o
       284         10          0          0          0       2339   stm32f10x_exti.o
      1468         34          0          0          0       8034   stm32f10x_flash.o
       860         38          0          0          0       5749   stm32f10x_gpio.o
        64          6          0          0          0       1317   stm32f10x_iwdg.o
       204         14          0          0          0       1963   stm32f10x_pwr.o
       932         36          0         20          0       8960   stm32f10x_rcc.o
       352          6          0          0          0       2858   stm32f10x_rtc.o
       452         22          0          0          0       7188   stm32f10x_sdio.o
      3610         88          0          0          0      22240   stm32f10x_tim.o
      1032         22          0          0          0       8480   stm32f10x_usart.o
        24          0          0          0          0        701   syscall.o
       480         38          0         20          0       1879   system_stm32f10x.o
       128         12       1216          0          0       1585   unicode.o
      2896        114          0          3          0       8171   usb_core.o
         0          0        162         26          0       1116   usb_desc.o
       100         18          0          0        128       1691   usb_endp.o
        60         24          0         20         28       4250   usb_init.o
       828         34          0          4          0       2023   usb_int.o
       452         36          0         68          0       1671   usb_istr.o
        92          6          0          0          0       1474   usb_mem.o
       612         48          0        160          0       8026   usb_prop.o
       580         42          0         12         32       2999   usb_pwr.o
      2056         20          0          0          0      11789   usb_regs.o
       128          8          0          0          0       1494   usb_sil.o

    ----------------------------------------------------------------------
     70616       2994      20168        872       9720     620106   Object Totals
         0          0         32          0          0          0   (incl. Generated)
         4          0       8244         22          4          0   (incl. Padding)

    ----------------------------------------------------------------------

      Code (inc. data)   RO Data    RW Data    ZI Data      Debug   Library Member Name

        90          0          0          0          0          0   __dczerorl2.o
         8          0          0          0          0         68   __main.o
        52          8          0          0          0          0   __scatter.o
        28          0          0          0          0          0   __scatter_zi.o
        10          0          0          0          0         68   defsig_exit.o
        50          0          0          0          0         88   defsig_general.o
        80         58          0          0          0         76   defsig_rtmem_inner.o
        14          0          0          0          0         80   defsig_rtmem_outer.o
        12          0          0          0          0         72   exit.o
        94          0          0          0          0         80   h1_alloc.o
        52          0          0          0          0         68   h1_extend.o
        78          0          0          0          0         80   h1_free.o
        14          0          0          0          0         84   h1_init.o
         6          0          0          0          0        152   heapauxi.o
         4          0          0          0          0        136   hguard.o
         0          0          0          0          0          0   indicate_semi.o
       138          0          0          0          0        168   init_alloc.o
         2          0          0          0          0          0   libinit.o
        10          0          0          0          0          0   libinit2.o
         2          0          0          0          0          0   libshutdown.o
         2          0          0          0          0          0   libshutdown2.o
         8          4          0          0         96         68   libspace.o
       238          0          0          0          0        100   lludivv7m.o
         0          0          0          0          0          0   maybetermalloc1.o
         8          4          0          0          0         68   rt_heap_descriptor_intlibspace.o
       138          0          0          0          0         68   rt_memcpy_v6.o
       100          0          0          0          0         80   rt_memcpy_w.o
         0          0          0          0          0          0   rtentry.o
        12          0          0          0          0          0   rtentry2.o
         6          0          0          0          0          0   rtentry4.o
         2          0          0          0          0          0   rtexit.o
        10          0          0          0          0          0   rtexit2.o
        12          4          0          0          0         68   sys_exit.o
        74          0          0          0          0         80   sys_stackheap_outer.o
        14          0          0          0          0         76   sys_wrch.o
         2          0          0          0          0         68   use_no_semi.o

    ----------------------------------------------------------------------
      1376         78          0          0         96       1896   Library Totals
         6          0          0          0          0          0   (incl. Padding)

    ----------------------------------------------------------------------

      Code (inc. data)   RO Data    RW Data    ZI Data      Debug   Library Name

      1370         78          0          0         96       1896   c_w.l

    ----------------------------------------------------------------------
      1376         78          0          0         96       1896   Library Totals

    ----------------------------------------------------------------------

==============================================================================


      Code (inc. data)   RO Data    RW Data    ZI Data      Debug   

     71992       3072      20168        872       9816     615966   Grand Totals
     71992       3072      20168        248       9816     615966   ELF Image Totals (compressed)
     71992       3072      20168        248          0          0   ROM Totals

==============================================================================

    Total RO  Size (Code + RO Data)                92160 (  90.00kB)
    Total RW  Size (RW Data + ZI Data)             10688 (  10.44kB)
    Total ROM Size (Code + RO Data + RW Data)      92408 (  90.24kB)

==============================================================================

