###############################################################################
#
# IAR ELF Linker V7.80.4.12462/W32 for ARM                11/Oct/2018  20:22:58
# Copyright 2007-2017 IAR Systems AB.
#
#    Output file  =  
#        E:\DYH\01_EmbeddedSoftware\Github\0.1_OBC\SourceCode_LibV3.5_418\CiA419\Exe\OBC_OnV3.5.out
#    Map file     =  
#        E:\DYH\01_EmbeddedSoftware\Github\0.1_OBC\SourceCode_LibV3.5_418\CiA419\List\OBC_OnV3.5.map
#    Command line =  
#        E:\DYH\01_EmbeddedSoftware\Github\0.1_OBC\SourceCode_LibV3.5_418\CiA419\Obj\CAN_Driver.o
#        E:\DYH\01_EmbeddedSoftware\Github\0.1_OBC\SourceCode_LibV3.5_418\CiA419\Obj\CAN_HandlerRTOS.o
#        E:\DYH\01_EmbeddedSoftware\Github\0.1_OBC\SourceCode_LibV3.5_418\CiA419\Obj\CanOpenBasic.o
#        E:\DYH\01_EmbeddedSoftware\Github\0.1_OBC\SourceCode_LibV3.5_418\CiA419\Obj\CanOpenLifeguard.o
#        E:\DYH\01_EmbeddedSoftware\Github\0.1_OBC\SourceCode_LibV3.5_418\CiA419\Obj\CanOpenNmt.o
#        E:\DYH\01_EmbeddedSoftware\Github\0.1_OBC\SourceCode_LibV3.5_418\CiA419\Obj\CanOpenSDO.o
#        E:\DYH\01_EmbeddedSoftware\Github\0.1_OBC\SourceCode_LibV3.5_418\CiA419\Obj\CanOpenState.o
#        E:\DYH\01_EmbeddedSoftware\Github\0.1_OBC\SourceCode_LibV3.5_418\CiA419\Obj\CiA418_Profile.o
#        E:\DYH\01_EmbeddedSoftware\Github\0.1_OBC\SourceCode_LibV3.5_418\CiA419\Obj\core_cm3.o
#        E:\DYH\01_EmbeddedSoftware\Github\0.1_OBC\SourceCode_LibV3.5_418\CiA419\Obj\croutine.o
#        E:\DYH\01_EmbeddedSoftware\Github\0.1_OBC\SourceCode_LibV3.5_418\CiA419\Obj\event_groups.o
#        E:\DYH\01_EmbeddedSoftware\Github\0.1_OBC\SourceCode_LibV3.5_418\CiA419\Obj\GPIO_Driver.o
#        E:\DYH\01_EmbeddedSoftware\Github\0.1_OBC\SourceCode_LibV3.5_418\CiA419\Obj\heap_2.o
#        E:\DYH\01_EmbeddedSoftware\Github\0.1_OBC\SourceCode_LibV3.5_418\CiA419\Obj\lcd.o
#        E:\DYH\01_EmbeddedSoftware\Github\0.1_OBC\SourceCode_LibV3.5_418\CiA419\Obj\LCD_TaskHandler.o
#        E:\DYH\01_EmbeddedSoftware\Github\0.1_OBC\SourceCode_LibV3.5_418\CiA419\Obj\list.o
#        E:\DYH\01_EmbeddedSoftware\Github\0.1_OBC\SourceCode_LibV3.5_418\CiA419\Obj\main.o
#        E:\DYH\01_EmbeddedSoftware\Github\0.1_OBC\SourceCode_LibV3.5_418\CiA419\Obj\misc.o
#        E:\DYH\01_EmbeddedSoftware\Github\0.1_OBC\SourceCode_LibV3.5_418\CiA419\Obj\port.o
#        E:\DYH\01_EmbeddedSoftware\Github\0.1_OBC\SourceCode_LibV3.5_418\CiA419\Obj\portasm.o
#        E:\DYH\01_EmbeddedSoftware\Github\0.1_OBC\SourceCode_LibV3.5_418\CiA419\Obj\queue.o
#        E:\DYH\01_EmbeddedSoftware\Github\0.1_OBC\SourceCode_LibV3.5_418\CiA419\Obj\startup_stm32f10x_cl.o
#        E:\DYH\01_EmbeddedSoftware\Github\0.1_OBC\SourceCode_LibV3.5_418\CiA419\Obj\stm32f10x_adc.o
#        E:\DYH\01_EmbeddedSoftware\Github\0.1_OBC\SourceCode_LibV3.5_418\CiA419\Obj\stm32f10x_bkp.o
#        E:\DYH\01_EmbeddedSoftware\Github\0.1_OBC\SourceCode_LibV3.5_418\CiA419\Obj\stm32f10x_can.o
#        E:\DYH\01_EmbeddedSoftware\Github\0.1_OBC\SourceCode_LibV3.5_418\CiA419\Obj\stm32f10x_cec.o
#        E:\DYH\01_EmbeddedSoftware\Github\0.1_OBC\SourceCode_LibV3.5_418\CiA419\Obj\stm32f10x_crc.o
#        E:\DYH\01_EmbeddedSoftware\Github\0.1_OBC\SourceCode_LibV3.5_418\CiA419\Obj\stm32f10x_dac.o
#        E:\DYH\01_EmbeddedSoftware\Github\0.1_OBC\SourceCode_LibV3.5_418\CiA419\Obj\stm32f10x_dbgmcu.o
#        E:\DYH\01_EmbeddedSoftware\Github\0.1_OBC\SourceCode_LibV3.5_418\CiA419\Obj\stm32f10x_dma.o
#        E:\DYH\01_EmbeddedSoftware\Github\0.1_OBC\SourceCode_LibV3.5_418\CiA419\Obj\stm32f10x_exti.o
#        E:\DYH\01_EmbeddedSoftware\Github\0.1_OBC\SourceCode_LibV3.5_418\CiA419\Obj\stm32f10x_flash.o
#        E:\DYH\01_EmbeddedSoftware\Github\0.1_OBC\SourceCode_LibV3.5_418\CiA419\Obj\stm32f10x_fsmc.o
#        E:\DYH\01_EmbeddedSoftware\Github\0.1_OBC\SourceCode_LibV3.5_418\CiA419\Obj\stm32f10x_gpio.o
#        E:\DYH\01_EmbeddedSoftware\Github\0.1_OBC\SourceCode_LibV3.5_418\CiA419\Obj\stm32f10x_i2c.o
#        E:\DYH\01_EmbeddedSoftware\Github\0.1_OBC\SourceCode_LibV3.5_418\CiA419\Obj\stm32f10x_it.o
#        E:\DYH\01_EmbeddedSoftware\Github\0.1_OBC\SourceCode_LibV3.5_418\CiA419\Obj\stm32f10x_iwdg.o
#        E:\DYH\01_EmbeddedSoftware\Github\0.1_OBC\SourceCode_LibV3.5_418\CiA419\Obj\stm32f10x_pwr.o
#        E:\DYH\01_EmbeddedSoftware\Github\0.1_OBC\SourceCode_LibV3.5_418\CiA419\Obj\stm32f10x_rcc.o
#        E:\DYH\01_EmbeddedSoftware\Github\0.1_OBC\SourceCode_LibV3.5_418\CiA419\Obj\stm32f10x_rtc.o
#        E:\DYH\01_EmbeddedSoftware\Github\0.1_OBC\SourceCode_LibV3.5_418\CiA419\Obj\stm32f10x_sdio.o
#        E:\DYH\01_EmbeddedSoftware\Github\0.1_OBC\SourceCode_LibV3.5_418\CiA419\Obj\stm32f10x_spi.o
#        E:\DYH\01_EmbeddedSoftware\Github\0.1_OBC\SourceCode_LibV3.5_418\CiA419\Obj\stm32f10x_tim.o
#        E:\DYH\01_EmbeddedSoftware\Github\0.1_OBC\SourceCode_LibV3.5_418\CiA419\Obj\stm32f10x_usart.o
#        E:\DYH\01_EmbeddedSoftware\Github\0.1_OBC\SourceCode_LibV3.5_418\CiA419\Obj\stm32f10x_wwdg.o
#        E:\DYH\01_EmbeddedSoftware\Github\0.1_OBC\SourceCode_LibV3.5_418\CiA419\Obj\system_stm32f10x.o
#        E:\DYH\01_EmbeddedSoftware\Github\0.1_OBC\SourceCode_LibV3.5_418\CiA419\Obj\tasks.o
#        E:\DYH\01_EmbeddedSoftware\Github\0.1_OBC\SourceCode_LibV3.5_418\CiA419\Obj\TIM_Driver.o
#        E:\DYH\01_EmbeddedSoftware\Github\0.1_OBC\SourceCode_LibV3.5_418\CiA419\Obj\timers.o
#        E:\DYH\01_EmbeddedSoftware\Github\0.1_OBC\SourceCode_LibV3.5_418\CiA419\Obj\TSK_PeriodicTask.o
#        E:\DYH\01_EmbeddedSoftware\Github\0.1_OBC\SourceCode_LibV3.5_418\CiA419\Obj\TSK_TaskCommonApi.o
#        E:\DYH\01_EmbeddedSoftware\Github\0.1_OBC\SourceCode_LibV3.5_418\CiA419\Obj\UserDefineIsr.o
#        -o
#        E:\DYH\01_EmbeddedSoftware\Github\0.1_OBC\SourceCode_LibV3.5_418\CiA419\Exe\OBC_OnV3.5.out
#        --map
#        E:\DYH\01_EmbeddedSoftware\Github\0.1_OBC\SourceCode_LibV3.5_418\CiA419\List\OBC_OnV3.5.map
#        --config "E:\Program Files (x86)\IAR Systems\Embedded Workbench
#        7.5\arm\config\linker\ST\stm32f105xB.icf" --semihosting --entry
#        __iar_program_start --vfe
#
###############################################################################

*******************************************************************************
*** RUNTIME MODEL ATTRIBUTES
***

CppFlavor       = *
__CPP_Language  = EC++
__SystemLibrary = DLib


*******************************************************************************
*** PLACEMENT SUMMARY
***

"A0":  place at 0x08000000 { ro section .intvec };
"P1":  place in [from 0x08000000 to 0x0801ffff] { ro };
"P2":  place in [from 0x20000000 to 0x20007fff] { rw, block CSTACK, block HEAP };
initialize by copy { rw };

  Section            Kind        Address    Size  Object
  -------            ----        -------    ----  ------
"A0":                                      0x150
  .intvec            ro code  0x08000000   0x150  startup_stm32f10x_cl.o [1]
                            - 0x08000150   0x150

"P1":                                     0x3644
  .text              ro code  0x08000150   0x7d8  tasks.o [1]
  .text              ro code  0x08000928   0x130  heap_2.o [1]
  .text              ro code  0x08000a58    0x98  list.o [1]
  .text              ro code  0x08000af0    0xe4  port.o [1]
  CODE               ro code  0x08000bd4    0x88  portasm.o [1]
  .rodata            const    0x08000c5c   0x600  lcd.o [1]
  .text              ro code  0x0800125c   0x4c8  stm32f10x_can.o [1]
  .text              ro code  0x08001724    0x6c  stm32f10x_rcc.o [1]
  .text              ro code  0x08001790   0x4b0  queue.o [1]
  .text              ro code  0x08001c40    0x76  ABImemcpy_unaligned.o [4]
  .rodata            const    0x08001cb6     0x2  heap_2.o [1]
  .text              ro code  0x08001cb8   0x45c  lcd.o [1]
  .text              ro code  0x08002114    0xe0  stm32f10x_gpio.o [1]
  .text              ro code  0x080021f4    0xde  LCD_TaskHandler.o [1]
  .rodata            const    0x080022d2     0x2  TSK_PeriodicTask.o [1]
  .text              ro code  0x080022d4   0x230  CanOpenSDO.o [1]
  .text              ro code  0x08002504    0x66  ABImemset.o [4]
  .rodata            const    0x0800256a     0x2  TSK_PeriodicTask.o [1]
  .text              ro code  0x0800256c   0x210  CAN_HandlerRTOS.o [1]
  .text              ro code  0x0800277c   0x160  CiA418_Profile.o [1]
  .text              ro code  0x080028dc    0x98  TIM_Driver.o [1]
  .text              ro code  0x08002974    0x82  CanOpenBasic.o [1]
  .rodata            const    0x080029f6     0x2  TSK_PeriodicTask.o [1]
  .text              ro code  0x080029f8   0x124  stm32f10x_tim.o [1]
  .text              ro code  0x08002b1c    0x70  misc.o [1]
  .text              ro code  0x08002b8c    0x54  CanOpenState.o [1]
  .text              ro code  0x08002be0    0x80  CanOpenLifeguard.o [1]
  .text              ro code  0x08002c60    0xa8  CanOpenNmt.o [1]
  .text              ro code  0x08002d08   0x14c  system_stm32f10x.o [1]
  .text              ro code  0x08002e54   0x130  CAN_Driver.o [1]
  .text              ro code  0x08002f84   0x110  TSK_PeriodicTask.o [1]
  .text              ro code  0x08003094    0xa0  TSK_TaskCommonApi.o [1]
  .text              ro code  0x08003134    0x78  lz77_init_single.o [4]
  .text              ro code  0x080031ac    0x68  GPIO_Driver.o [1]
  .text              ro code  0x08003214    0x40  zero_init3.o [4]
  .text              ro code  0x08003254    0x2e  main.o [1]
  .rodata            const    0x08003282     0x2  TSK_PeriodicTask.o [1]
  .text              ro code  0x08003284    0x28  data_init.o [4]
  .iar.init_table    const    0x080032ac    0x20  - Linker created -
  .text              ro code  0x080032cc    0x1a  cmain.o [4]
  .text              ro code  0x080032e6     0x4  low_level_init.o [3]
  .text              ro code  0x080032ea     0x4  exit.o [3]
  .rodata            const    0x080032ee     0x2  TSK_PeriodicTask.o [1]
  .text              ro code  0x080032f0     0xa  cexit.o [4]
  .rodata            const    0x080032fa     0x2  TSK_PeriodicTask.o [1]
  .text              ro code  0x080032fc    0x14  exit.o [5]
  .rodata            const    0x08003310    0x14  LCD_TaskHandler.o [1]
  .text              ro code  0x08003324    0x10  startup_stm32f10x_cl.o [1]
  .rodata            const    0x08003334     0xc  CanOpenSDO.o [1]
  .rodata            const    0x08003340     0xc  TSK_TaskCommonApi.o [1]
  .rodata            const    0x0800334c     0xc  TSK_TaskCommonApi.o [1]
  .text              ro code  0x08003358     0xc  stm32f10x_it.o [1]
  .text              ro code  0x08003364     0xc  cstartup_M.o [4]
  .rodata            const    0x08003370     0x8  tasks.o [1]
  .rodata            const    0x08003378     0x8  TSK_TaskCommonApi.o [1]
  .rodata            const    0x08003380     0x8  TSK_TaskCommonApi.o [1]
  .rodata            const    0x08003388     0x8  TSK_TaskCommonApi.o [1]
  .rodata            const    0x08003390     0x4  CanOpenSDO.o [1]
  .text              ro code  0x08003394     0x4  startup_stm32f10x_cl.o [1]
  .text              ro code  0x08003398     0x4  startup_stm32f10x_cl.o [1]
  .text              ro code  0x0800339c     0x4  startup_stm32f10x_cl.o [1]
  .text              ro code  0x080033a0     0x4  startup_stm32f10x_cl.o [1]
  .text              ro code  0x080033a4     0x4  startup_stm32f10x_cl.o [1]
  .text              ro code  0x080033a8     0x4  startup_stm32f10x_cl.o [1]
  .text              ro code  0x080033ac     0x4  startup_stm32f10x_cl.o [1]
  .text              ro code  0x080033b0     0x4  startup_stm32f10x_cl.o [1]
  .text              ro code  0x080033b4     0x4  startup_stm32f10x_cl.o [1]
  .text              ro code  0x080033b8     0x4  startup_stm32f10x_cl.o [1]
  .text              ro code  0x080033bc     0x4  startup_stm32f10x_cl.o [1]
  .text              ro code  0x080033c0     0x4  startup_stm32f10x_cl.o [1]
  .text              ro code  0x080033c4     0x4  startup_stm32f10x_cl.o [1]
  .text              ro code  0x080033c8     0x4  startup_stm32f10x_cl.o [1]
  .text              ro code  0x080033cc     0x4  startup_stm32f10x_cl.o [1]
  .text              ro code  0x080033d0     0x4  startup_stm32f10x_cl.o [1]
  .text              ro code  0x080033d4     0x4  startup_stm32f10x_cl.o [1]
  .text              ro code  0x080033d8     0x4  startup_stm32f10x_cl.o [1]
  .text              ro code  0x080033dc     0x4  startup_stm32f10x_cl.o [1]
  .text              ro code  0x080033e0     0x4  startup_stm32f10x_cl.o [1]
  .text              ro code  0x080033e4     0x4  startup_stm32f10x_cl.o [1]
  .text              ro code  0x080033e8     0x4  startup_stm32f10x_cl.o [1]
  .text              ro code  0x080033ec     0x4  startup_stm32f10x_cl.o [1]
  .text              ro code  0x080033f0     0x4  startup_stm32f10x_cl.o [1]
  .text              ro code  0x080033f4     0x4  startup_stm32f10x_cl.o [1]
  .text              ro code  0x080033f8     0x4  startup_stm32f10x_cl.o [1]
  .text              ro code  0x080033fc     0x4  startup_stm32f10x_cl.o [1]
  .text              ro code  0x08003400     0x4  startup_stm32f10x_cl.o [1]
  .text              ro code  0x08003404     0x4  startup_stm32f10x_cl.o [1]
  .text              ro code  0x08003408     0x4  startup_stm32f10x_cl.o [1]
  .text              ro code  0x0800340c     0x4  startup_stm32f10x_cl.o [1]
  .text              ro code  0x08003410     0x4  startup_stm32f10x_cl.o [1]
  .text              ro code  0x08003414     0x4  startup_stm32f10x_cl.o [1]
  .text              ro code  0x08003418     0x4  startup_stm32f10x_cl.o [1]
  .text              ro code  0x0800341c     0x4  startup_stm32f10x_cl.o [1]
  .text              ro code  0x08003420     0x4  startup_stm32f10x_cl.o [1]
  .text              ro code  0x08003424     0x4  startup_stm32f10x_cl.o [1]
  .text              ro code  0x08003428     0x4  startup_stm32f10x_cl.o [1]
  .text              ro code  0x0800342c     0x4  startup_stm32f10x_cl.o [1]
  .text              ro code  0x08003430     0x4  startup_stm32f10x_cl.o [1]
  .text              ro code  0x08003434     0x4  startup_stm32f10x_cl.o [1]
  .text              ro code  0x08003438     0x4  startup_stm32f10x_cl.o [1]
  .text              ro code  0x0800343c     0x4  startup_stm32f10x_cl.o [1]
  .text              ro code  0x08003440     0x4  startup_stm32f10x_cl.o [1]
  .text              ro code  0x08003444     0x4  startup_stm32f10x_cl.o [1]
  .text              ro code  0x08003448     0x4  startup_stm32f10x_cl.o [1]
  .text              ro code  0x0800344c     0x4  startup_stm32f10x_cl.o [1]
  .text              ro code  0x08003450     0x4  startup_stm32f10x_cl.o [1]
  .text              ro code  0x08003454     0x4  startup_stm32f10x_cl.o [1]
  .text              ro code  0x08003458     0x4  startup_stm32f10x_cl.o [1]
  .text              ro code  0x0800345c     0x4  startup_stm32f10x_cl.o [1]
  .text              ro code  0x08003460     0x4  startup_stm32f10x_cl.o [1]
  .text              ro code  0x08003464     0x4  startup_stm32f10x_cl.o [1]
  .text              ro code  0x08003468     0x4  startup_stm32f10x_cl.o [1]
  .text              ro code  0x0800346c     0x4  startup_stm32f10x_cl.o [1]
  .text              ro code  0x08003470     0x4  startup_stm32f10x_cl.o [1]
  .text              ro code  0x08003474     0x4  startup_stm32f10x_cl.o [1]
  .text              ro code  0x08003478     0x4  startup_stm32f10x_cl.o [1]
  .text              ro code  0x0800347c     0x4  startup_stm32f10x_cl.o [1]
  .rodata            const    0x08003480     0x1  CiA418_Profile.o [1]
  .rodata            const    0x08003481     0x1  CiA418_Profile.o [1]
  .rodata            const    0x08003482     0x1  CiA418_Profile.o [1]
  .rodata            const    0x08003483     0x1  CiA418_Profile.o [1]
  .rodata            const    0x08003484     0x1  CiA418_Profile.o [1]
  .rodata            const    0x08003485     0x1  CiA418_Profile.o [1]
  .rodata            const    0x08003486     0x1  CiA418_Profile.o [1]
  .rodata            const    0x08003487     0x1  CiA418_Profile.o [1]
  .rodata            const    0x08003488     0x1  CiA418_Profile.o [1]
  .rodata            const    0x08003489     0x1  CiA418_Profile.o [1]
  .rodata            const    0x0800348a     0x1  CiA418_Profile.o [1]
  .rodata            const    0x0800348b     0x1  CiA418_Profile.o [1]
  .rodata            const    0x0800348c     0x1  CiA418_Profile.o [1]
  .rodata            const    0x0800348d     0x1  CiA418_Profile.o [1]
  .rodata            const    0x0800348e     0x1  CiA418_Profile.o [1]
  .rodata            const    0x0800348f     0x1  CiA418_Profile.o [1]
  .rodata            const    0x08003490     0x1  CiA418_Profile.o [1]
  .rodata            const    0x08003491     0x1  CiA418_Profile.o [1]
  .rodata            const    0x08003492     0x1  CiA418_Profile.o [1]
  .rodata            const    0x08003493     0x1  CiA418_Profile.o [1]
  .rodata            const    0x08003494     0x0  zero_init3.o [4]
  .rodata            const    0x08003494     0x0  lz77_init_single.o [4]
  Initializer bytes  const    0x08003494   0x300  <for P2-1>
                            - 0x08003794  0x3644

"P2", part 1 of 3:                         0x5a1
  P2-1                        0x20000000   0x5a1  <Init block>
    .data            inited   0x20000000     0xc  CanOpenSDO.o [1]
    .data            inited   0x2000000c     0x4  CiA418_Profile.o [1]
    .data            inited   0x20000010     0x8  CiA418_Profile.o [1]
    .data            inited   0x20000018     0x8  CiA418_Profile.o [1]
    .data            inited   0x20000020     0x8  CiA418_Profile.o [1]
    .data            inited   0x20000028     0x8  CiA418_Profile.o [1]
    .data            inited   0x20000030     0x4  CiA418_Profile.o [1]
    .data            inited   0x20000034     0x4  CiA418_Profile.o [1]
    .data            inited   0x20000038     0x4  CiA418_Profile.o [1]
    .data            inited   0x2000003c     0x4  CiA418_Profile.o [1]
    .data            inited   0x20000040    0x28  CiA418_Profile.o [1]
    .data            inited   0x20000068    0x20  CiA418_Profile.o [1]
    .data            inited   0x20000088     0x4  CiA418_Profile.o [1]
    .data            inited   0x2000008c    0x38  CiA418_Profile.o [1]
    .data            inited   0x200000c4     0x4  CiA418_Profile.o [1]
    .data            inited   0x200000c8    0x10  CiA418_Profile.o [1]
    .data            inited   0x200000d8     0x4  CiA418_Profile.o [1]
    .data            inited   0x200000dc    0x38  CiA418_Profile.o [1]
    .data            inited   0x20000114     0x4  CiA418_Profile.o [1]
    .data            inited   0x20000118     0x4  CiA418_Profile.o [1]
    .data            inited   0x2000011c    0x18  CiA418_Profile.o [1]
    .data            inited   0x20000134     0x4  CiA418_Profile.o [1]
    .data            inited   0x20000138    0x38  CiA418_Profile.o [1]
    .data            inited   0x20000170     0x4  CiA418_Profile.o [1]
    .data            inited   0x20000174     0x4  CiA418_Profile.o [1]
    .data            inited   0x20000178    0x18  CiA418_Profile.o [1]
    .data            inited   0x20000190     0x4  CiA418_Profile.o [1]
    .data            inited   0x20000194    0x38  CiA418_Profile.o [1]
    .data            inited   0x200001cc     0x4  CiA418_Profile.o [1]
    .data            inited   0x200001d0     0x4  CiA418_Profile.o [1]
    .data            inited   0x200001d4     0x4  CiA418_Profile.o [1]
    .data            inited   0x200001d8    0x20  CiA418_Profile.o [1]
    .data            inited   0x200001f8     0x4  CiA418_Profile.o [1]
    .data            inited   0x200001fc    0x38  CiA418_Profile.o [1]
    .data            inited   0x20000234     0x4  CiA418_Profile.o [1]
    .data            inited   0x20000238     0x4  CiA418_Profile.o [1]
    .data            inited   0x2000023c     0x4  CiA418_Profile.o [1]
    .data            inited   0x20000240    0x20  CiA418_Profile.o [1]
    .data            inited   0x20000260     0x4  CiA418_Profile.o [1]
    .data            inited   0x20000264    0x38  CiA418_Profile.o [1]
    .data            inited   0x2000029c     0x4  CiA418_Profile.o [1]
    .data            inited   0x200002a0     0x4  CiA418_Profile.o [1]
    .data            inited   0x200002a4    0x18  CiA418_Profile.o [1]
    .data            inited   0x200002bc     0x8  CiA418_Profile.o [1]
    .data            inited   0x200002c4     0x8  CiA418_Profile.o [1]
    .data            inited   0x200002cc     0x8  CiA418_Profile.o [1]
    .data            inited   0x200002d4    0x28  CiA418_Profile.o [1]
    .data            inited   0x200002fc    0x20  CiA418_Profile.o [1]
    .data            inited   0x2000031c    0x28  CiA418_Profile.o [1]
    .data            inited   0x20000344    0x28  CiA418_Profile.o [1]
    .data            inited   0x2000036c    0x28  CiA418_Profile.o [1]
    .data            inited   0x20000394     0x8  CiA418_Profile.o [1]
    .data            inited   0x2000039c     0x8  CiA418_Profile.o [1]
    .data            inited   0x200003a4     0x8  CiA418_Profile.o [1]
    .data            inited   0x200003ac     0x8  CiA418_Profile.o [1]
    .data            inited   0x200003b4    0x18  CiA418_Profile.o [1]
    .data            inited   0x200003cc     0x8  CiA418_Profile.o [1]
    .data            inited   0x200003d4     0x8  CiA418_Profile.o [1]
    .data            inited   0x200003dc     0x8  CiA418_Profile.o [1]
    .data            inited   0x200003e4     0x8  CiA418_Profile.o [1]
    .data            inited   0x200003ec     0x8  CiA418_Profile.o [1]
    .data            inited   0x200003f4   0x120  CiA418_Profile.o [1]
    .data            inited   0x20000514     0x4  heap_2.o [1]
    .data            inited   0x20000518     0x4  port.o [1]
    .data            inited   0x2000051c    0x78  TSK_TaskCommonApi.o [1]
    .data            inited   0x20000594     0x2  CiA418_Profile.o [1]
    .data            inited   0x20000596     0x1  CanOpenSDO.o [1]
    .data            inited   0x20000597     0x1  CiA418_Profile.o [1]
    .data            inited   0x20000598     0x1  CiA418_Profile.o [1]
    .data            inited   0x20000599     0x1  CiA418_Profile.o [1]
    .data            inited   0x2000059a     0x1  CiA418_Profile.o [1]
    .data            inited   0x2000059b     0x1  CiA418_Profile.o [1]
    .data            inited   0x2000059c     0x1  CiA418_Profile.o [1]
    .data            inited   0x2000059d     0x1  CiA418_Profile.o [1]
    .data            inited   0x2000059e     0x1  CiA418_Profile.o [1]
    .data            inited   0x2000059f     0x1  CiA418_Profile.o [1]
    .data            inited   0x200005a0     0x1  CiA418_Profile.o [1]
                            - 0x200005a1   0x5a1

"P2", part 2 of 3:                         0x800
  CSTACK                      0x200005a8   0x800  <Block>
    CSTACK           uninit   0x200005a8   0x800  <Block tail>
                            - 0x20000da8   0x800

"P2", part 3 of 3:                        0x4900
  .bss               zero     0x20000da8  0x4400  heap_2.o [1]
  .bss               zero     0x200051a8   0x1fc  CanOpenSDO.o [1]
  .bss               zero     0x200053a4    0xc8  CAN_HandlerRTOS.o [1]
  .bss               zero     0x2000546c    0x78  CAN_HandlerRTOS.o [1]
  .bss               zero     0x200054e4    0x64  tasks.o [1]
  .bss               zero     0x20005548    0x14  tasks.o [1]
  .bss               zero     0x2000555c    0x14  tasks.o [1]
  .bss               zero     0x20005570    0x14  tasks.o [1]
  .bss               zero     0x20005584    0x14  tasks.o [1]
  .bss               zero     0x20005598    0x14  tasks.o [1]
  .bss               zero     0x200055ac     0xc  CanOpenBasic.o [1]
  .bss               zero     0x200055b8     0x8  heap_2.o [1]
  .bss               zero     0x200055c0     0x8  heap_2.o [1]
  .bss               zero     0x200055c8     0x4  CAN_HandlerRTOS.o [1]
  .bss               zero     0x200055cc     0x4  CAN_HandlerRTOS.o [1]
  .bss               zero     0x200055d0     0x4  CiA418_Profile.o [1]
  .bss               zero     0x200055d4     0x4  CiA418_Profile.o [1]
  .bss               zero     0x200055d8     0x4  CiA418_Profile.o [1]
  .bss               zero     0x200055dc     0x4  CiA418_Profile.o [1]
  .bss               zero     0x200055e0     0x4  CiA418_Profile.o [1]
  .bss               zero     0x200055e4     0x4  CiA418_Profile.o [1]
  .bss               zero     0x200055e8     0x4  CiA418_Profile.o [1]
  .bss               zero     0x200055ec     0x4  CiA418_Profile.o [1]
  .bss               zero     0x200055f0     0x4  CiA418_Profile.o [1]
  .bss               zero     0x200055f4     0x4  CiA418_Profile.o [1]
  .bss               zero     0x200055f8     0x4  CiA418_Profile.o [1]
  .bss               zero     0x200055fc     0x4  CiA418_Profile.o [1]
  .bss               zero     0x20005600     0x4  CiA418_Profile.o [1]
  .bss               zero     0x20005604     0x4  CiA418_Profile.o [1]
  .bss               zero     0x20005608     0x4  CiA418_Profile.o [1]
  .bss               zero     0x2000560c     0x4  CiA418_Profile.o [1]
  .bss               zero     0x20005610     0x4  CiA418_Profile.o [1]
  .bss               zero     0x20005614     0x4  CiA418_Profile.o [1]
  .bss               zero     0x20005618     0x4  CiA418_Profile.o [1]
  .bss               zero     0x2000561c     0x4  CiA418_Profile.o [1]
  .bss               zero     0x20005620     0x4  heap_2.o [1]
  .bss               zero     0x20005624     0x4  LCD_TaskHandler.o [1]
  .bss               zero     0x20005628     0x4  tasks.o [1]
  .bss               zero     0x2000562c     0x4  tasks.o [1]
  .bss               zero     0x20005630     0x4  tasks.o [1]
  .bss               zero     0x20005634     0x4  tasks.o [1]
  .bss               zero     0x20005638     0x4  tasks.o [1]
  .bss               zero     0x2000563c     0x4  tasks.o [1]
  .bss               zero     0x20005640     0x4  tasks.o [1]
  .bss               zero     0x20005644     0x4  tasks.o [1]
  .bss               zero     0x20005648     0x4  tasks.o [1]
  .bss               zero     0x2000564c     0x4  tasks.o [1]
  .bss               zero     0x20005650     0x4  tasks.o [1]
  .bss               zero     0x20005654     0x4  tasks.o [1]
  .bss               zero     0x20005658     0x4  tasks.o [1]
  .bss               zero     0x2000565c     0x4  tasks.o [1]
  .bss               zero     0x20005660     0x4  tasks.o [1]
  .bss               zero     0x20005664     0x2  CanOpenSDO.o [1]
  .bss               zero     0x20005666     0x2  CiA418_Profile.o [1]
  .bss               zero     0x20005668     0x2  CiA418_Profile.o [1]
  .bss               zero     0x2000566a     0x2  CiA418_Profile.o [1]
  .bss               zero     0x2000566c     0x2  CiA418_Profile.o [1]
  .bss               zero     0x2000566e     0x2  CiA418_Profile.o [1]
  .bss               zero     0x20005670     0x2  CiA418_Profile.o [1]
  .bss               zero     0x20005672     0x2  CiA418_Profile.o [1]
  .bss               zero     0x20005674     0x2  CiA418_Profile.o [1]
  .bss               zero     0x20005676     0x2  CiA418_Profile.o [1]
  .bss               zero     0x20005678     0x2  CiA418_Profile.o [1]
  .bss               zero     0x2000567a     0x2  CiA418_Profile.o [1]
  .bss               zero     0x2000567c     0x2  CiA418_Profile.o [1]
  .bss               zero     0x2000567e     0x2  CiA418_Profile.o [1]
  .bss               zero     0x20005680     0x2  CiA418_Profile.o [1]
  .bss               zero     0x20005682     0x2  CiA418_Profile.o [1]
  .bss               zero     0x20005684     0x2  CiA418_Profile.o [1]
  .bss               zero     0x20005686     0x2  CiA418_Profile.o [1]
  .bss               zero     0x20005688     0x2  CiA418_Profile.o [1]
  .bss               zero     0x2000568a     0x2  TIM_Driver.o [1]
  .bss               zero     0x2000568c     0x2  TSK_PeriodicTask.o [1]
  .bss               zero     0x2000568e     0x2  TSK_PeriodicTask.o [1]
  .bss               zero     0x20005690     0x2  TSK_PeriodicTask.o [1]
  .bss               zero     0x20005692     0x2  TSK_PeriodicTask.o [1]
  .bss               zero     0x20005694     0x2  TSK_PeriodicTask.o [1]
  .bss               zero     0x20005696     0x1  CAN_HandlerRTOS.o [1]
  .bss               zero     0x20005697     0x1  CAN_HandlerRTOS.o [1]
  .bss               zero     0x20005698     0x1  CAN_HandlerRTOS.o [1]
  .bss               zero     0x20005699     0x1  CAN_HandlerRTOS.o [1]
  .bss               zero     0x2000569a     0x1  CiA418_Profile.o [1]
  .bss               zero     0x2000569b     0x1  CiA418_Profile.o [1]
  .bss               zero     0x2000569c     0x1  CiA418_Profile.o [1]
  .bss               zero     0x2000569d     0x1  CiA418_Profile.o [1]
  .bss               zero     0x2000569e     0x1  CiA418_Profile.o [1]
  .bss               zero     0x2000569f     0x1  CiA418_Profile.o [1]
  .bss               zero     0x200056a0     0x1  CiA418_Profile.o [1]
  .bss               zero     0x200056a1     0x1  CiA418_Profile.o [1]
  .bss               zero     0x200056a2     0x1  CiA418_Profile.o [1]
  .bss               zero     0x200056a3     0x1  CiA418_Profile.o [1]
  .bss               zero     0x200056a4     0x1  LCD_TaskHandler.o [1]
  .bss               zero     0x200056a5     0x1  TSK_TaskCommonApi.o [1]
                            - 0x200056a6  0x48fe


*******************************************************************************
*** INIT TABLE
***

          Address     Size
          -------     ----
Zero (__iar_zero_init3)
    1 destination range, total size 0x48fe:
          0x20000da8  0x48fe

Copy/lz77 (__iar_lz77_init_single3)
    1 source range, total size 0x300 (53% of destination):
          0x08003494   0x300
    1 destination range, total size 0x5a1:
          0x20000000   0x5a1



*******************************************************************************
*** MODULE SUMMARY
***

    Module                  ro code  ro data  rw data
    ------                  -------  -------  -------
E:\DYH\01_EmbeddedSoftware\Github\0.1_OBC\SourceCode_LibV3.5_418\CiA419\Obj: [1]
    CAN_Driver.o                304
    CAN_HandlerRTOS.o           528               332
    CanOpenBasic.o              130                12
    CanOpenLifeguard.o          128
    CanOpenNmt.o                168
    CanOpenSDO.o                560       22      523
    CanOpenState.o               84
    CiA418_Profile.o            352      713    1 426
    GPIO_Driver.o               104
    LCD_TaskHandler.o           222       20        5
    TIM_Driver.o                152                 2
    TSK_PeriodicTask.o          272       12       10
    TSK_TaskCommonApi.o         160      112      121
    heap_2.o                    304        4   17 432
    lcd.o                     1 116    1 536
    list.o                      152
    main.o                       46
    misc.o                      112
    port.o                      228        3        4
    portasm.o                   136
    queue.o                   1 200
    startup_stm32f10x_cl.o      588
    stm32f10x_can.o           1 224
    stm32f10x_gpio.o            224
    stm32f10x_it.o               12
    stm32f10x_rcc.o             108
    stm32f10x_tim.o             292
    system_stm32f10x.o          332
    tasks.o                   2 008        8      260
    -------------------------------------------------
    Total:                   11 246    2 430   20 127

command line: [2]
    -------------------------------------------------
    Total:

dl7M_tln.a: [3]
    exit.o                        4
    low_level_init.o              4
    -------------------------------------------------
    Total:                        8

rt7M_tl.a: [4]
    ABImemcpy_unaligned.o       118
    ABImemset.o                 102
    cexit.o                      10
    cmain.o                      26
    cstartup_M.o                 12
    data_init.o                  40
    lz77_init_single.o          120
    zero_init3.o                 64
    -------------------------------------------------
    Total:                      492

shb_l.a: [5]
    exit.o                       20
    -------------------------------------------------
    Total:                       20

    Linker created                        32    2 048
-----------------------------------------------------
    Grand Total:             11 766    2 462   22 175


*******************************************************************************
*** ENTRY LIST
***

Entry                      Address    Size  Type      Object
-----                      -------    ----  ----      ------
.iar.init_table$$Base   0x080032ac           --   Gb  - Linker created -
.iar.init_table$$Limit  0x080032cc           --   Gb  - Linker created -
?main                   0x080032cd          Code  Gb  cmain.o [4]
BlockWrite              0x08001f07    0x4e  Code  Gb  lcd.o [1]
BusFault_Handler        0x0800335f     0x2  Code  Gb  stm32f10x_it.o [1]
CAN2_Config             0x08002e65   0x116  Code  Gb  CAN_Driver.o [1]
CAN2_RX1_IRQHandler     0x080026db    0x78  Code  Gb  CAN_HandlerRTOS.o [1]
CAN_DeInit              0x0800125d    0x36  Code  Gb  stm32f10x_can.o [1]
CAN_FilterInit          0x080013ab   0x112  Code  Gb  stm32f10x_can.o [1]
CAN_ITConfig            0x080016f1    0x18  Code  Gb  stm32f10x_can.o [1]
CAN_Init                0x08001293   0x118  Code  Gb  stm32f10x_can.o [1]
CAN_Initial             0x08002e55    0x10  Code  Gb  CAN_Driver.o [1]
CAN_Receive             0x08001609    0xe8  Code  Gb  stm32f10x_can.o [1]
CAN_RequestSend         0x0800265d    0x7e  Code  Gb  CAN_HandlerRTOS.o [1]
CAN_RxHandlerTask       0x080025a5    0x60  Code  Gb  CAN_HandlerRTOS.o [1]
CAN_StructInit          0x080014bd    0x2e  Code  Gb  stm32f10x_can.o [1]
CAN_Transmit            0x080014eb   0x11e  Code  Gb  stm32f10x_can.o [1]
CAN_TxHandlerTask       0x08002605    0x58  Code  Gb  CAN_HandlerRTOS.o [1]
CSTACK$$Base            0x200005a8           --   Gb  - Linker created -
CSTACK$$Limit           0x20000da8           --   Gb  - Linker created -
CanNodeID               0x20000596     0x1  Data  Lc  CanOpenSDO.o [1]
CanOpenInitial          0x08002975    0x1e  Code  Gb  CanOpenBasic.o [1]
CanOpenRxCmdHandler     0x08002993    0x50  Code  Gb  CanOpenBasic.o [1]
CanOpenTimerDispatch    0x080029e9     0xe  Code  Gb  CanOpenBasic.o [1]
CanRxMsgBuf             0x2000546c    0x78  Data  Gb  CAN_HandlerRTOS.o [1]
CanRxReadIndex          0x20005699     0x1  Data  Gb  CAN_HandlerRTOS.o [1]
CanRxSaveIndex          0x20005698     0x1  Data  Gb  CAN_HandlerRTOS.o [1]
CanTxMsgBuf             0x200053a4    0xc8  Data  Gb  CAN_HandlerRTOS.o [1]
CanTxReadIndex          0x20005697     0x1  Data  Gb  CAN_HandlerRTOS.o [1]
CanTxSaveIndex          0x20005696     0x1  Data  Gb  CAN_HandlerRTOS.o [1]
DebugMon_Handler        0x08003363     0x2  Code  Gb  stm32f10x_it.o [1]
Delay                   0x080022c9     0xa  Code  Gb  LCD_TaskHandler.o [1]
DispColor               0x08001f55    0x40  Code  Gb  lcd.o [1]
DispOneChar             0x08001ff7    0x6a  Code  Gb  lcd.o [1]
DispStr                 0x08002061    0x58  Code  Gb  lcd.o [1]
DrawLine                0x080020b9    0x4e  Code  Gb  lcd.o [1]
ExpeditedSDOReturnCS    0x08003390     0x4  Data  Gb  CanOpenSDO.o [1]
GPIO_Init               0x08002115    0xca  Code  Gb  stm32f10x_gpio.o [1]
GPIO_Initial            0x080031ad    0x68  Code  Gb  GPIO_Driver.o [1]
GPIO_ResetBits          0x080021e5     0x6  Code  Gb  stm32f10x_gpio.o [1]
GPIO_SetBits            0x080021df     0x6  Code  Gb  stm32f10x_gpio.o [1]
GPIO_TogglePin          0x080021eb     0xa  Code  Gb  stm32f10x_gpio.o [1]
GetNodeState            0x08002b95     0x8  Code  Gb  CanOpenState.o [1]
HardFault_Handler       0x0800335b     0x2  Code  Gb  stm32f10x_it.o [1]
HeardBeatClearCounter   0x08002bf1     0x8  Code  Gb  CanOpenLifeguard.o [1]
HeardBeatInitial        0x08002be1    0x10  Code  Gb  CanOpenLifeguard.o [1]
HeartBeatHandler        0x08002bf9    0x62  Code  Gb  CanOpenLifeguard.o [1]
LCD_Init                0x08001d4b   0x1bc  Code  Gb  lcd.o [1]
LCD_PresentState        0x200056a4     0x1  Data  Lc  LCD_TaskHandler.o [1]
LCD_TaskHandler         0x08002253    0x56  Code  Gb  LCD_TaskHandler.o [1]
LCD_TaskSem             0x20005624     0x4  Data  Lc  LCD_TaskHandler.o [1]
LCD_TaskTrigger         0x080022a9    0x12  Code  Gb  LCD_TaskHandler.o [1]
MemManage_Handler       0x0800335d     0x2  Code  Gb  stm32f10x_it.o [1]
NMI_Handler             0x08003359     0x2  Code  Gb  stm32f10x_it.o [1]
NVIC_Init               0x08002b1d    0x60  Code  Gb  misc.o [1]
OBJ6000_BattStatus      0x200056a1     0x1  Data  Gb  CiA418_Profile.o [1]
OBJ6010_BattTemperature
                        0x200056a2     0x1  Data  Gb  CiA418_Profile.o [1]
OBJ6020_AhCap           0x2000567a     0x2  Data  Gb  CiA418_Profile.o [1]
OBJ6020_BattType        0x20005678     0x2  Data  Gb  CiA418_Profile.o [1]
OBJ6020_CellNum         0x2000567e     0x2  Data  Gb  CiA418_Profile.o [1]
OBJ6020_HighestSubIndex
                        0x0800348e     0x1  Data  Lc  CiA418_Profile.o [1]
OBJ6020_MaxChgCurrent   0x2000567c     0x2  Data  Gb  CiA418_Profile.o [1]
OBJ6030_HighestSubIndex
                        0x0800348f     0x1  Data  Lc  CiA418_Profile.o [1]
OBJ6030_SerialNum0      0x200055d8     0x4  Data  Gb  CiA418_Profile.o [1]
OBJ6030_SerialNum1      0x200055dc     0x4  Data  Gb  CiA418_Profile.o [1]
OBJ6030_SerialNum2      0x200055e0     0x4  Data  Gb  CiA418_Profile.o [1]
OBJ6031_HighestSubIndex
                        0x08003490     0x1  Data  Lc  CiA418_Profile.o [1]
OBJ6031_ID0             0x200055e4     0x4  Data  Gb  CiA418_Profile.o [1]
OBJ6031_ID1             0x200055e8     0x4  Data  Gb  CiA418_Profile.o [1]
OBJ6031_ID2             0x200055ec     0x4  Data  Gb  CiA418_Profile.o [1]
OBJ6031_ID3             0x200055f0     0x4  Data  Gb  CiA418_Profile.o [1]
OBJ6040_HighestSubIndex
                        0x08003491     0x1  Data  Lc  CiA418_Profile.o [1]
OBJ6040_SerialNum0      0x200055f4     0x4  Data  Gb  CiA418_Profile.o [1]
OBJ6040_SerialNum1      0x200055f8     0x4  Data  Gb  CiA418_Profile.o [1]
OBJ6040_SerialNum2      0x200055fc     0x4  Data  Gb  CiA418_Profile.o [1]
OBJ6040_SerialNum3      0x20005600     0x4  Data  Gb  CiA418_Profile.o [1]
OBJ6041_HighestSubIndex
                        0x08003492     0x1  Data  Lc  CiA418_Profile.o [1]
OBJ6041_ID0             0x20005604     0x4  Data  Gb  CiA418_Profile.o [1]
OBJ6041_ID1             0x20005608     0x4  Data  Gb  CiA418_Profile.o [1]
OBJ6041_ID2             0x2000560c     0x4  Data  Gb  CiA418_Profile.o [1]
OBJ6041_ID3             0x20005610     0x4  Data  Gb  CiA418_Profile.o [1]
OBJ6050_CumulativeTotal_AH
                        0x20005614     0x4  Data  Gb  CiA418_Profile.o [1]
OBJ6051_LastExpended_0_125_AH
                        0x20005680     0x2  Data  Gb  CiA418_Profile.o [1]
OBJ6052_LastChg_0_125_AH
                        0x20005682     0x2  Data  Gb  CiA418_Profile.o [1]
OBJ6053_LastEqual_0_125_AH
                        0x20005684     0x2  Data  Gb  CiA418_Profile.o [1]
OBJ6054_DayOfLastEqual  0x20005688     0x2  Data  Gb  CiA418_Profile.o [1]
OBJ6054_MinuteOfLastEqual
                        0x20005686     0x2  Data  Gb  CiA418_Profile.o [1]
OBJ6054_SubHighestIndex
                        0x08003493     0x1  Data  Lc  CiA418_Profile.o [1]
OBJ6060_BatteryVolts_Q10V
                        0x20005618     0x4  Data  Gb  CiA418_Profile.o [1]
OBJ6070_ChargeCurrntRequest_Q4A
                        0x2000561c     0x4  Data  Gb  CiA418_Profile.o [1]
OBJ6080_ChargeSOC       0x2000059f     0x1  Data  Gb  CiA418_Profile.o [1]
OBJ6081_BatterySOC      0x200005a0     0x1  Data  Gb  CiA418_Profile.o [1]
OBJ6090_WaterLevelStatus
                        0x200056a3     0x1  Data  Gb  CiA418_Profile.o [1]
OD_u16EventTimerRPDO1_ms
                        0x20005666     0x2  Data  Gb  CiA418_Profile.o [1]
OD_u16EventTimerRPDO2_ms
                        0x2000566c     0x2  Data  Gb  CiA418_Profile.o [1]
OD_u16EventTimerRPDO3_ms
                        0x20005672     0x2  Data  Gb  CiA418_Profile.o [1]
OD_u16EventTimerTPDO1_ms
                        0x2000566a     0x2  Data  Gb  CiA418_Profile.o [1]
OD_u16EventTimerTPDO2_ms
                        0x20005670     0x2  Data  Gb  CiA418_Profile.o [1]
OD_u16EventTimerTPDO3_ms
                        0x20005676     0x2  Data  Gb  CiA418_Profile.o [1]
OD_u16HeartBeat_ms      0x20000594     0x2  Data  Gb  CiA418_Profile.o [1]
OD_u16InhibitTimerTPDO2_us
                        0x2000566e     0x2  Data  Gb  CiA418_Profile.o [1]
OD_u16InhibitTimerTPDO3_us
                        0x20005674     0x2  Data  Gb  CiA418_Profile.o [1]
OD_u32AppObj1_1600      0x200000c4     0x4  Data  Gb  CiA418_Profile.o [1]
OD_u32AppObj1_1601      0x20000170     0x4  Data  Gb  CiA418_Profile.o [1]
OD_u32AppObj1_1602      0x20000234     0x4  Data  Gb  CiA418_Profile.o [1]
OD_u32AppObj1_1A00      0x20000114     0x4  Data  Gb  CiA418_Profile.o [1]
OD_u32AppObj1_1A01      0x200001cc     0x4  Data  Gb  CiA418_Profile.o [1]
OD_u32AppObj1_1A02      0x2000029c     0x4  Data  Gb  CiA418_Profile.o [1]
OD_u32AppObj2_1601      0x20000174     0x4  Data  Gb  CiA418_Profile.o [1]
OD_u32AppObj2_1602      0x20000238     0x4  Data  Gb  CiA418_Profile.o [1]
OD_u32AppObj2_1A00      0x20000118     0x4  Data  Gb  CiA418_Profile.o [1]
OD_u32AppObj2_1A01      0x200001d0     0x4  Data  Gb  CiA418_Profile.o [1]
OD_u32AppObj2_1A02      0x200002a0     0x4  Data  Gb  CiA418_Profile.o [1]
OD_u32AppObj3_1602      0x2000023c     0x4  Data  Gb  CiA418_Profile.o [1]
OD_u32AppObj3_1A01      0x200001d4     0x4  Data  Gb  CiA418_Profile.o [1]
OD_u32CobIdUsedByRPDO1  0x20000088     0x4  Data  Gb  CiA418_Profile.o [1]
OD_u32CobIdUsedByRPDO2  0x20000134     0x4  Data  Gb  CiA418_Profile.o [1]
OD_u32CobIdUsedByRPDO3  0x200001f8     0x4  Data  Gb  CiA418_Profile.o [1]
OD_u32CobIdUsedByTPDO1  0x200000d8     0x4  Data  Gb  CiA418_Profile.o [1]
OD_u32CobIdUsedByTPDO2  0x20000190     0x4  Data  Gb  CiA418_Profile.o [1]
OD_u32CobIdUsedByTPDO3  0x20000260     0x4  Data  Gb  CiA418_Profile.o [1]
OD_u32DeviceType        0x2000000c     0x4  Data  Gb  CiA418_Profile.o [1]
OD_u32ProductCode       0x20000034     0x4  Data  Gb  CiA418_Profile.o [1]
OD_u32RevisionNum       0x20000038     0x4  Data  Gb  CiA418_Profile.o [1]
OD_u32SerialNum         0x2000003c     0x4  Data  Gb  CiA418_Profile.o [1]
OD_u32TimeStamp         0x200055d4     0x4  Data  Gb  CiA418_Profile.o [1]
OD_u32VendorId          0x20000030     0x4  Data  Gb  CiA418_Profile.o [1]
OD_u8ErrorBehavior_01   0x2000569a     0x1  Data  Gb  CiA418_Profile.o [1]
OD_u8ErrorBehavior_02   0x20000597     0x1  Data  Gb  CiA418_Profile.o [1]
OD_u8ErrorBehavior_03   0x20000598     0x1  Data  Gb  CiA418_Profile.o [1]
OD_u8InhibitTImeTPDO1_us
                        0x20005668     0x2  Data  Gb  CiA418_Profile.o [1]
OD_u8MaxSubIndex_1018   0x08003480     0x1  Data  Lc  CiA418_Profile.o [1]
OD_u8MaxSubIndex_1029   0x08003481     0x1  Data  Lc  CiA418_Profile.o [1]
OD_u8MaxSubIndex_1400   0x08003482     0x1  Data  Lc  CiA418_Profile.o [1]
OD_u8MaxSubIndex_1401   0x08003486     0x1  Data  Lc  CiA418_Profile.o [1]
OD_u8MaxSubIndex_1402   0x0800348a     0x1  Data  Lc  CiA418_Profile.o [1]
OD_u8MaxSubIndex_1600   0x08003483     0x1  Data  Lc  CiA418_Profile.o [1]
OD_u8MaxSubIndex_1601   0x08003487     0x1  Data  Lc  CiA418_Profile.o [1]
OD_u8MaxSubIndex_1602   0x0800348b     0x1  Data  Lc  CiA418_Profile.o [1]
OD_u8MaxSubIndex_1800   0x08003484     0x1  Data  Lc  CiA418_Profile.o [1]
OD_u8MaxSubIndex_1801   0x08003488     0x1  Data  Lc  CiA418_Profile.o [1]
OD_u8MaxSubIndex_1802   0x0800348c     0x1  Data  Lc  CiA418_Profile.o [1]
OD_u8MaxSubIndex_1A00   0x08003485     0x1  Data  Lc  CiA418_Profile.o [1]
OD_u8MaxSubIndex_1A01   0x08003489     0x1  Data  Lc  CiA418_Profile.o [1]
OD_u8MaxSubIndex_1A02   0x0800348d     0x1  Data  Lc  CiA418_Profile.o [1]
OD_u8SyncStartValRPDO1  0x2000569b     0x1  Data  Gb  CiA418_Profile.o [1]
OD_u8SyncStartValRPDO2  0x2000569d     0x1  Data  Gb  CiA418_Profile.o [1]
OD_u8SyncStartValRPDO3  0x2000569f     0x1  Data  Gb  CiA418_Profile.o [1]
OD_u8SyncStartValTPDO1  0x2000569c     0x1  Data  Gb  CiA418_Profile.o [1]
OD_u8SyncStartValTPDO2  0x2000569e     0x1  Data  Gb  CiA418_Profile.o [1]
OD_u8SyncStartValTPDO3  0x200056a0     0x1  Data  Gb  CiA418_Profile.o [1]
OD_u8TransmissionTypeRPDO1
                        0x20000599     0x1  Data  Gb  CiA418_Profile.o [1]
OD_u8TransmissionTypeRPDO2
                        0x2000059b     0x1  Data  Gb  CiA418_Profile.o [1]
OD_u8TransmissionTypeRPDO3
                        0x2000059d     0x1  Data  Gb  CiA418_Profile.o [1]
OD_u8TransmissionTypeTPDO1
                        0x2000059a     0x1  Data  Gb  CiA418_Profile.o [1]
OD_u8TransmissionTypeTPDO2
                        0x2000059c     0x1  Data  Gb  CiA418_Profile.o [1]
OD_u8TransmissionTypeTPDO3
                        0x2000059e     0x1  Data  Gb  CiA418_Profile.o [1]
PeriodTask_100ms        0x0800304f     0x2  Code  Lc  TSK_PeriodicTask.o [1]
PeriodTask_10ms         0x08003049     0x2  Code  Lc  TSK_PeriodicTask.o [1]
PeriodTask_1s           0x0800308d     0x8  Code  Lc  TSK_PeriodicTask.o [1]
PeriodTask_20ms         0x0800304b     0x2  Code  Lc  TSK_PeriodicTask.o [1]
PeriodTask_500ms        0x08003051     0xc  Code  Lc  TSK_PeriodicTask.o [1]
PeriodTask_50ms         0x0800304d     0x2  Code  Lc  TSK_PeriodicTask.o [1]
PeriodTask_5ms          0x08003047     0x2  Code  Lc  TSK_PeriodicTask.o [1]
PlotChargeCurve         0x080021f5    0x5e  Code  Gb  LCD_TaskHandler.o [1]
PollingMsg              0x20000000     0xc  Data  Lc  CanOpenSDO.o [1]
PollingNodeDeviceProfileType
                        0x080022e7    0x64  Code  Gb  CanOpenSDO.o [1]
ProceedExpSdoRxData     0x080023f7    0xf0  Code  Gb  CanOpenSDO.o [1]
ProcessNmtCommand       0x08002c61    0xa4  Code  Gb  CanOpenNmt.o [1]
RCC_APB1PeriphClockCmd  0x08001745    0x20  Code  Gb  stm32f10x_rcc.o [1]
RCC_APB1PeriphResetCmd  0x08001765    0x20  Code  Gb  stm32f10x_rcc.o [1]
RCC_APB2PeriphClockCmd  0x08001725    0x20  Code  Gb  stm32f10x_rcc.o [1]
ReadOdMap               0x0800277d    0x9e  Code  Gb  CiA418_Profile.o [1]
Region$$Table$$Base     0x080032ac           --   Gb  - Linker created -
Region$$Table$$Limit    0x080032cc           --   Gb  - Linker created -
SDOCyclicHandler        0x0800234b    0xac  Code  Gb  CanOpenSDO.o [1]
SDOCyclicHandler::CyclicCounter
                        0x20005664     0x2  Data  Lc  CanOpenSDO.o [1]
SDOInitial              0x080022d5    0x12  Code  Gb  CanOpenSDO.o [1]
SendDataSPI             0x08001cb9    0x40  Code  Gb  lcd.o [1]
SetNodeState            0x08002b9d    0x40  Code  Gb  CanOpenState.o [1]
SetSysClock             0x08002d53     0x8  Code  Lc  system_stm32f10x.o [1]
SetSysClockTo72         0x08002d5b    0xe2  Code  Lc  system_stm32f10x.o [1]
StateInitial            0x08002b8d     0x8  Code  Gb  CanOpenState.o [1]
SystemInit              0x08002d09    0x4a  Code  Gb  system_stm32f10x.o [1]
TIM5_IRQHandler         0x08002945    0x26  Code  Gb  TIM_Driver.o [1]
TIM_ClearITPendingBit   0x08002aeb     0x8  Code  Gb  stm32f10x_tim.o [1]
TIM_Cmd                 0x08002a8b    0x1c  Code  Gb  stm32f10x_tim.o [1]
TIM_DisableTimerInterrupt
                        0x0800256d    0x10  Code  Lc  CAN_HandlerRTOS.o [1]
TIM_EnableTimerInterrupt
                        0x0800257d     0xe  Code  Lc  CAN_HandlerRTOS.o [1]
TIM_GetCounter          0x08002abf     0x4  Code  Gb  stm32f10x_tim.o [1]
TIM_GetITStatus         0x08002ac3    0x28  Code  Gb  stm32f10x_tim.o [1]
TIM_ITConfig            0x08002aa7    0x18  Code  Gb  stm32f10x_tim.o [1]
TIM_Initial             0x080028dd    0x68  Code  Gb  TIM_Driver.o [1]
TIM_TimeBaseInit        0x080029f9    0x92  Code  Gb  stm32f10x_tim.o [1]
TSK_100msTaskBaseOn5ms  0x08003282     0x2  Data  Gb  TSK_PeriodicTask.o [1]
TSK_10msTaskBaseOn5ms   0x080022d2     0x2  Data  Gb  TSK_PeriodicTask.o [1]
TSK_1sTaskBaseOn5ms     0x080032fa     0x2  Data  Gb  TSK_PeriodicTask.o [1]
TSK_20msTaskBaseOn5ms   0x0800256a     0x2  Data  Gb  TSK_PeriodicTask.o [1]
TSK_500msTaskBaseOn5ms  0x080032ee     0x2  Data  Gb  TSK_PeriodicTask.o [1]
TSK_50msTaskBaseOn5ms   0x080029f6     0x2  Data  Gb  TSK_PeriodicTask.o [1]
TSK_CreateTasks         0x08003095    0x72  Code  Gb  TSK_TaskCommonApi.o [1]
TSK_PeriodicTaskHandler
                        0x08002f85    0xc2  Code  Gb  TSK_PeriodicTask.o [1]
TSK_PeriodicTaskHandler::TSK_u16TimerCnt100msOn5ms
                        0x20005690     0x2  Data  Lc  TSK_PeriodicTask.o [1]
TSK_PeriodicTaskHandler::TSK_u16TimerCnt1sOn5ms
                        0x20005694     0x2  Data  Lc  TSK_PeriodicTask.o [1]
TSK_PeriodicTaskHandler::TSK_u16TimerCnt500msOn5ms
                        0x20005692     0x2  Data  Lc  TSK_PeriodicTask.o [1]
TSK_PeriodicTaskHandler::TSK_u16TimerCnt50msOn5ms
                        0x2000568e     0x2  Data  Lc  TSK_PeriodicTask.o [1]
TSK_PeriodicTaskHandler::TSK_u16TimerCntOn5ms
                        0x2000568c     0x2  Data  Lc  TSK_PeriodicTask.o [1]
ToOrd                   0x08001fa9    0x4e  Code  Gb  lcd.o [1]
UsageFault_Handler      0x08003361     0x2  Code  Gb  stm32f10x_it.o [1]
WriteComm               0x08001cf9    0x2c  Code  Gb  lcd.o [1]
WriteData               0x08001d25    0x26  Code  Gb  lcd.o [1]
WriteOdMap              0x0800281b    0xbc  Code  Gb  CiA418_Profile.o [1]
WriteOneDot             0x08001f95    0x14  Code  Gb  lcd.o [1]
__aeabi_memset          0x08002505          Code  Gb  ABImemset.o [4]
__cmain                 0x080032cd          Code  Gb  cmain.o [4]
__exit                  0x080032fd    0x14  Code  Gb  exit.o [5]
__iar_Memset            0x08002505          Code  Gb  ABImemset.o [4]
__iar_Memset_word       0x0800250d          Code  Gb  ABImemset.o [4]
__iar_data_init3        0x08003285    0x28  Code  Gb  data_init.o [4]
__iar_lz77_init_single3
                        0x08003135    0x78  Code  Gb  lz77_init_single.o [4]
__iar_program_start     0x08003365          Code  Gb  cstartup_M.o [4]
__iar_unaligned___aeabi_memcpy
                        0x08001c41          Code  Gb  ABImemcpy_unaligned.o [4]
__iar_unaligned___aeabi_memcpy4
                        0x08001c61          Code  Gb  ABImemcpy_unaligned.o [4]
__iar_unaligned___aeabi_memcpy8
                        0x08001c61          Code  Gb  ABImemcpy_unaligned.o [4]
__iar_zero_init3        0x08003215    0x40  Code  Gb  zero_init3.o [4]
__low_level_init        0x080032e7     0x4  Code  Gb  low_level_init.o [3]
__vector_table          0x08000000          Data  Gb  startup_stm32f10x_cl.o [1]
_call_main              0x080032d9          Code  Gb  cmain.o [4]
_exit                   0x080032f1          Code  Gb  cexit.o [4]
_main                   0x080032e3          Code  Gb  cmain.o [4]
ascii                   0x08000c5c   0x600  Data  Gb  lcd.o [1]
exit                    0x080032eb     0x4  Code  Gb  exit.o [3]
f_CanBufferInit         0x0800258b    0x1a  Code  Lc  CAN_HandlerRTOS.o [1]
f_StateMachineTask      0x0800312b     0xa  Code  Gb  TSK_TaskCommonApi.o [1]
f_TimerTask             0x08003111    0x1a  Code  Gb  TSK_TaskCommonApi.o [1]
heapSTRUCT_SIZE         0x08001cb6     0x2  Data  Lc  heap_2.o [1]
main                    0x08003255    0x2e  Code  Gb  main.o [1]
prvAddCurrentTaskToDelayedList
                        0x08000865    0x80  Code  Lc  tasks.o [1]
prvAddNewTaskToReadyList
                        0x08000249    0xb8  Code  Lc  tasks.o [1]
prvCheckTasksWaitingTermination
                        0x080007a5    0x56  Code  Lc  tasks.o [1]
prvCopyDataFromQueue    0x08001b6f    0x2a  Code  Lc  queue.o [1]
prvCopyDataToQueue      0x08001afd    0x72  Code  Lc  queue.o [1]
prvDeleteTCB            0x080007fb    0x12  Code  Lc  tasks.o [1]
prvHeapInit             0x08000a17    0x2a  Code  Lc  heap_2.o [1]
prvIdleTask             0x0800072d    0x22  Code  Lc  tasks.o [1]
prvInitialiseNewQueue   0x08001845    0x1c  Code  Lc  queue.o [1]
prvInitialiseNewTask    0x080001c7    0x82  Code  Lc  tasks.o [1]
prvInitialiseTaskLists  0x0800074f    0x56  Code  Lc  tasks.o [1]
prvIsQueueEmpty         0x08001c07    0x1c  Code  Lc  queue.o [1]
prvIsQueueFull          0x08001c23    0x1e  Code  Lc  queue.o [1]
prvResetNextTaskUnblockTime
                        0x0800080d    0x2c  Code  Lc  tasks.o [1]
prvTaskExitError        0x08000b11    0x10  Code  Lc  port.o [1]
prvUnlockQueue          0x08001b99    0x6e  Code  Lc  queue.o [1]
pvPortMalloc            0x08000929    0xb2  Code  Gb  heap_2.o [1]
pvPortMalloc::xHeapHasBeenInitialised
                        0x20005620     0x4  Data  Lc  heap_2.o [1]
pxCurrentTCB            0x20005628     0x4  Data  Gb  tasks.o [1]
pxDelayedTaskList       0x2000562c     0x4  Data  Lc  tasks.o [1]
pxOverflowDelayedTaskList
                        0x20005630     0x4  Data  Lc  tasks.o [1]
pxPortInitialiseStack   0x08000af1    0x20  Code  Gb  port.o [1]
pxReadyTasksLists       0x200054e4    0x64  Data  Lc  tasks.o [1]
recv_sem                0x200055c8     0x4  Data  Lc  CAN_HandlerRTOS.o [1]
s_TSK_u8OsStarted       0x200056a5     0x1  Data  Gb  TSK_TaskCommonApi.o [1]
s_arrayUserDefineTasks  0x2000051c    0x78  Data  Gb  TSK_TaskCommonApi.o [1]
stCanOpenDate           0x200055ac     0xc  Data  Gb  CanOpenBasic.o [1]
stErrorRegister         0x200055d0     0x4  Data  Gb  CiA418_Profile.o [1]
stNodeDeviceProfile     0x200051a8   0x1fc  Data  Gb  CanOpenSDO.o [1]
stOb1000_DeviceType     0x20000010     0x8  Data  Gb  CiA418_Profile.o [1]
stOb1001_ErrorRegister  0x20000018     0x8  Data  Gb  CiA418_Profile.o [1]
stOb1012_TimeStamp      0x20000020     0x8  Data  Gb  CiA418_Profile.o [1]
stOb1017_HeartBeat      0x20000028     0x8  Data  Gb  CiA418_Profile.o [1]
stOb1017_Identify       0x20000040    0x28  Data  Gb  CiA418_Profile.o [1]
stOb1029_ErrorBehavior  0x20000068    0x20  Data  Gb  CiA418_Profile.o [1]
stOb1400_RPDO1          0x2000008c    0x38  Data  Gb  CiA418_Profile.o [1]
stOb1401_RPDO2          0x20000138    0x38  Data  Gb  CiA418_Profile.o [1]
stOb1402_RPDO3          0x200001fc    0x38  Data  Gb  CiA418_Profile.o [1]
stOb1600_RPDO1          0x200000c8    0x10  Data  Gb  CiA418_Profile.o [1]
stOb1601_RPDO2          0x20000178    0x18  Data  Gb  CiA418_Profile.o [1]
stOb1602_RPDO3          0x20000240    0x20  Data  Gb  CiA418_Profile.o [1]
stOb1800_TPDO1          0x200000dc    0x38  Data  Gb  CiA418_Profile.o [1]
stOb1801_TPDO2          0x20000194    0x38  Data  Gb  CiA418_Profile.o [1]
stOb1802_TPDO3          0x20000264    0x38  Data  Gb  CiA418_Profile.o [1]
stOb1A00_TPDO1          0x2000011c    0x18  Data  Gb  CiA418_Profile.o [1]
stOb1A01_TPDO2          0x200001d8    0x20  Data  Gb  CiA418_Profile.o [1]
stOb1A02_TPDO3          0x200002a4    0x18  Data  Gb  CiA418_Profile.o [1]
stObIndex6000           0x200002bc     0x8  Data  Gb  CiA418_Profile.o [1]
stObIndex6001           0x200002c4     0x8  Data  Gb  CiA418_Profile.o [1]
stObIndex6010           0x200002cc     0x8  Data  Gb  CiA418_Profile.o [1]
stObIndex6020           0x200002d4    0x28  Data  Gb  CiA418_Profile.o [1]
stObIndex6030           0x200002fc    0x20  Data  Gb  CiA418_Profile.o [1]
stObIndex6031           0x2000031c    0x28  Data  Gb  CiA418_Profile.o [1]
stObIndex6040           0x20000344    0x28  Data  Gb  CiA418_Profile.o [1]
stObIndex6041           0x2000036c    0x28  Data  Gb  CiA418_Profile.o [1]
stObIndex6050           0x20000394     0x8  Data  Gb  CiA418_Profile.o [1]
stObIndex6051           0x2000039c     0x8  Data  Gb  CiA418_Profile.o [1]
stObIndex6052           0x200003a4     0x8  Data  Gb  CiA418_Profile.o [1]
stObIndex6053           0x200003ac     0x8  Data  Gb  CiA418_Profile.o [1]
stObIndex6054           0x200003b4    0x18  Data  Gb  CiA418_Profile.o [1]
stObIndex6060           0x200003cc     0x8  Data  Gb  CiA418_Profile.o [1]
stObIndex6070           0x200003d4     0x8  Data  Gb  CiA418_Profile.o [1]
stObIndex6080           0x200003dc     0x8  Data  Gb  CiA418_Profile.o [1]
stObIndex6081           0x200003e4     0x8  Data  Gb  CiA418_Profile.o [1]
stObIndex6090           0x200003ec     0x8  Data  Gb  CiA418_Profile.o [1]
stOdSubInfoMap_CiA418   0x200003f4   0x120  Data  Gb  CiA418_Profile.o [1]
tran_sem                0x200055cc     0x4  Data  Lc  CAN_HandlerRTOS.o [1]
u16TimerLast            0x2000568a     0x2  Data  Lc  TIM_Driver.o [1]
ucHeap                  0x20000da8  0x4400  Data  Lc  heap_2.o [1]
uxCriticalNesting       0x20000518     0x4  Data  Lc  port.o [1]
uxCurrentNumberOfTasks  0x20005638     0x4  Data  Lc  tasks.o [1]
uxDeletedTasksWaitingCleanUp
                        0x20005634     0x4  Data  Lc  tasks.o [1]
uxListRemove            0x08000acb    0x26  Code  Gb  list.o [1]
uxPendedTicks           0x20005648     0x4  Data  Lc  tasks.o [1]
uxSchedulerSuspended    0x20005660     0x4  Data  Lc  tasks.o [1]
uxTaskNumber            0x20005654     0x4  Data  Lc  tasks.o [1]
uxTopReadyPriority      0x20005640     0x4  Data  Lc  tasks.o [1]
vListInitialise         0x08000a59    0x1e  Code  Gb  list.o [1]
vListInitialiseItem     0x08000a77     0x6  Code  Gb  list.o [1]
vListInsert             0x08000a95    0x36  Code  Gb  list.o [1]
vListInsertEnd          0x08000a7d    0x18  Code  Gb  list.o [1]
vPortEnterCritical      0x08000b4d    0x1a  Code  Gb  port.o [1]
vPortExitCritical       0x08000b67    0x1a  Code  Gb  port.o [1]
vPortFree               0x080009db    0x3c  Code  Gb  heap_2.o [1]
vPortSVCHandler         0x08000c1b          Code  Gb  portasm.o [1]
vPortSetupTimerInterrupt
                        0x08000bb9    0x1c  Code  Wk  port.o [1]
vPortStartFirstTask     0x08000c3b          Code  Gb  portasm.o [1]
vTaskDelay              0x08000361    0x32  Code  Gb  tasks.o [1]
vTaskDelayUntil         0x08000301    0x60  Code  Gb  tasks.o [1]
vTaskMissedYield        0x08000723     0xa  Code  Gb  tasks.o [1]
vTaskPlaceOnEventList   0x08000635    0x1a  Code  Gb  tasks.o [1]
vTaskSetTimeOutState    0x080006b7    0x12  Code  Gb  tasks.o [1]
vTaskStartScheduler     0x08000393    0x50  Code  Gb  tasks.o [1]
vTaskSuspendAll         0x080003e3    0x10  Code  Gb  tasks.o [1]
vTaskSwitchContext      0x080005e1    0x54  Code  Gb  tasks.o [1]
xDelayedTaskList1       0x20005548    0x14  Data  Lc  tasks.o [1]
xDelayedTaskList2       0x2000555c    0x14  Data  Lc  tasks.o [1]
xEnd                    0x200055c0     0x8  Data  Lc  heap_2.o [1]
xFreeBytesRemaining     0x20000514     0x4  Data  Lc  heap_2.o [1]
xIdleTaskHandle         0x2000565c     0x4  Data  Lc  tasks.o [1]
xNextTaskUnblockTime    0x20005658     0x4  Data  Lc  tasks.o [1]
xNumOfOverflows         0x20005650     0x4  Data  Lc  tasks.o [1]
xPendingReadyList       0x20005570    0x14  Data  Lc  tasks.o [1]
xPortPendSVHandler      0x08000bd5          Code  Gb  portasm.o [1]
xPortStartScheduler     0x08000b21    0x2c  Code  Gb  port.o [1]
xPortSysTickHandler     0x08000b81    0x28  Code  Gb  port.o [1]
xQueueGenericCreate     0x0800180f    0x36  Code  Gb  queue.o [1]
xQueueGenericReceive    0x080019c3   0x134  Code  Gb  queue.o [1]
xQueueGenericReset      0x08001791    0x7e  Code  Gb  queue.o [1]
xQueueGenericSend       0x08001861   0x108  Code  Gb  queue.o [1]
xQueueGiveFromISR       0x08001969    0x5a  Code  Gb  queue.o [1]
xSchedulerRunning       0x20005644     0x4  Data  Lc  tasks.o [1]
xStart                  0x200055b8     0x8  Data  Lc  heap_2.o [1]
xSuspendedTaskList      0x20005598    0x14  Data  Lc  tasks.o [1]
xTaskCheckForTimeOut    0x080006c9    0x5a  Code  Gb  tasks.o [1]
xTaskCreate             0x08000151    0x76  Code  Gb  tasks.o [1]
xTaskGetTickCount       0x080004d3     0x8  Code  Gb  tasks.o [1]
xTaskIncrementTick      0x080004db   0x106  Code  Gb  tasks.o [1]
xTaskRemoveFromEventList
                        0x0800064f    0x68  Code  Gb  tasks.o [1]
xTaskResumeAll          0x080003f3    0xe0  Code  Gb  tasks.o [1]
xTasksWaitingTermination
                        0x20005584    0x14  Data  Lc  tasks.o [1]
xTickCount              0x2000563c     0x4  Data  Lc  tasks.o [1]
xYieldPending           0x2000564c     0x4  Data  Lc  tasks.o [1]


[1] = E:\DYH\01_EmbeddedSoftware\Github\0.1_OBC\SourceCode_LibV3.5_418\CiA419\Obj
[2] = command line
[3] = dl7M_tln.a
[4] = rt7M_tl.a
[5] = shb_l.a

  11 766 bytes of readonly  code memory
   2 462 bytes of readonly  data memory
  22 175 bytes of readwrite data memory

Errors: none
Warnings: none
