Product: MDK-ARM Standard 5.10
Component: ARM Compiler 5.04 update 1 (build 49)
Tool: armlink [5040049]

==============================================================================

Section Cross References

    startup_stm32f10x_cl.o(STACK) refers (Special) to heapauxi.o(.text) for __use_two_region_memory
    startup_stm32f10x_cl.o(HEAP) refers (Special) to heapauxi.o(.text) for __use_two_region_memory
    startup_stm32f10x_cl.o(RESET) refers (Special) to heapauxi.o(.text) for __use_two_region_memory
    startup_stm32f10x_cl.o(RESET) refers to startup_stm32f10x_cl.o(STACK) for __initial_sp
    startup_stm32f10x_cl.o(RESET) refers to startup_stm32f10x_cl.o(.text) for Reset_Handler
    startup_stm32f10x_cl.o(RESET) refers to stm32f10x_it.o(.text) for NMI_Handler
    startup_stm32f10x_cl.o(RESET) refers to port.o(.emb_text) for vPortSVCHandler
    startup_stm32f10x_cl.o(RESET) refers to port.o(.text) for xPortSysTickHandler
    startup_stm32f10x_cl.o(RESET) refers to tim_driver.o(.text) for TIM5_IRQHandler
    startup_stm32f10x_cl.o(RESET) refers to can_handlerrtos.o(.text) for CAN2_RX1_IRQHandler
    startup_stm32f10x_cl.o(.text) refers (Special) to heapauxi.o(.text) for __use_two_region_memory
    startup_stm32f10x_cl.o(.text) refers to system_stm32f10x.o(.text) for SystemInit
    startup_stm32f10x_cl.o(.text) refers to __main.o(!!!main) for __main
    startup_stm32f10x_cl.o(.text) refers to startup_stm32f10x_cl.o(HEAP) for Heap_Mem
    startup_stm32f10x_cl.o(.text) refers to startup_stm32f10x_cl.o(STACK) for Stack_Mem
    main.o(.text) refers to system_stm32f10x.o(.text) for SystemInit
    main.o(.text) refers to gpio_driver.o(.text) for GPIO_Initial
    main.o(.text) refers to can_driver.o(.text) for CAN_Initial
    main.o(.text) refers to tsk_taskcommonapi.o(.text) for TSK_CreateTasks
    main.o(.text) refers to tasks.o(.text) for vTaskStartScheduler
    tsk_periodictask.o(.text) refers to lcd_taskhandler.o(.text) for LCD_TaskTrigger
    tsk_periodictask.o(.text) refers to stm32f10x_gpio.o(.text) for GPIO_TogglePin
    tsk_periodictask.o(.text) refers to tsk_periodictask.o(.data) for TSK_u16TimerCntOn5ms
    tsk_taskcommonapi.o(.text) refers to tasks.o(.text) for xTaskCreate
    tsk_taskcommonapi.o(.text) refers to tsk_periodictask.o(.text) for TSK_PeriodicTaskHandler
    tsk_taskcommonapi.o(.text) refers to tsk_taskcommonapi.o(.data) for s_arrayUserDefineTasks
    tsk_taskcommonapi.o(.data) refers to tsk_taskcommonapi.o(.text) for f_TimerTask
    tsk_taskcommonapi.o(.data) refers to tsk_taskcommonapi.o(.conststring) for .conststring
    tsk_taskcommonapi.o(.data) refers to can_handlerrtos.o(.text) for CAN_RxHandlerTask
    tsk_taskcommonapi.o(.data) refers to lcd_taskhandler.o(.text) for LCD_TaskHandler
    can_driver.o(.text) refers to stm32f10x_rcc.o(.text) for RCC_APB2PeriphClockCmd
    can_driver.o(.text) refers to stm32f10x_gpio.o(.text) for GPIO_Init
    can_driver.o(.text) refers to misc.o(.text) for NVIC_Init
    can_driver.o(.text) refers to stm32f10x_can.o(.text) for CAN_DeInit
    gpio_driver.o(.text) refers to stm32f10x_rcc.o(.text) for RCC_APB2PeriphClockCmd
    gpio_driver.o(.text) refers to stm32f10x_gpio.o(.text) for GPIO_Init
    tim_driver.o(.text) refers to stm32f10x_rcc.o(.text) for RCC_APB1PeriphClockCmd
    tim_driver.o(.text) refers to stm32f10x_tim.o(.text) for TIM_TimeBaseInit
    tim_driver.o(.text) refers to misc.o(.text) for NVIC_Init
    tim_driver.o(.text) refers to canopenbasic.o(.text) for CanOpenTimerDispatch
    tim_driver.o(.text) refers to tim_driver.o(.data) for u16TimerLast
    spi_driver.o(.text) refers to stm32f10x_rcc.o(.text) for RCC_APB2PeriphClockCmd
    spi_driver.o(.text) refers to stm32f10x_gpio.o(.text) for GPIO_Init
    spi_driver.o(.text) refers to stm32f10x_spi.o(.text) for SPI_Init
    lcd_taskhandler.o(.text) refers to lcd.o(.text) for DrawLine
    lcd_taskhandler.o(.text) refers to queue.o(.text) for xQueueGenericCreate
    lcd_taskhandler.o(.text) refers to tasks.o(.text) for vTaskDelay
    lcd_taskhandler.o(.text) refers to lcd_taskhandler.o(.data) for LCD_TaskSem
    lcd.o(.text) refers to stm32f10x_gpio.o(.text) for GPIO_SetBits
    lcd.o(.text) refers to lcd_taskhandler.o(.text) for Delay
    lcd.o(.text) refers to rt_memcpy_w.o(.text) for __aeabi_memcpy4
    lcd.o(.text) refers to lcd.o(.constdata) for .constdata
    stm32f10x_adc.o(.text) refers to stm32f10x_rcc.o(.text) for RCC_APB2PeriphResetCmd
    stm32f10x_bkp.o(.text) refers to stm32f10x_rcc.o(.text) for RCC_BackupResetCmd
    stm32f10x_can.o(.text) refers to stm32f10x_rcc.o(.text) for RCC_APB1PeriphResetCmd
    stm32f10x_cec.o(.text) refers to stm32f10x_rcc.o(.text) for RCC_APB1PeriphResetCmd
    stm32f10x_dac.o(.text) refers to stm32f10x_rcc.o(.text) for RCC_APB1PeriphResetCmd
    stm32f10x_gpio.o(.text) refers to stm32f10x_rcc.o(.text) for RCC_APB2PeriphResetCmd
    stm32f10x_i2c.o(.text) refers to stm32f10x_rcc.o(.text) for RCC_APB1PeriphResetCmd
[...]
    PeriodTask_500ms                         0x08000341   Thumb Code    12  tsk_periodictask.o(.text)
    PeriodTask_100ms                         0x0800034d   Thumb Code     2  tsk_periodictask.o(.text)
    PeriodTask_50ms                          0x0800034f   Thumb Code     2  tsk_periodictask.o(.text)
    PeriodTask_20ms                          0x08000351   Thumb Code     2  tsk_periodictask.o(.text)
    PeriodTask_10ms                          0x08000353   Thumb Code     2  tsk_periodictask.o(.text)
    PeriodTask_5ms                           0x08000355   Thumb Code     2  tsk_periodictask.o(.text)
    .text                                    0x0800040c   Section        0  tsk_taskcommonapi.o(.text)
    .text                                    0x08000498   Section        0  can_driver.o(.text)
    .text                                    0x080006fc   Section        0  gpio_driver.o(.text)
    .text                                    0x08000764   Section        0  stm32f10x_it.o(.text)
    .text                                    0x08000780   Section        0  tim_driver.o(.text)
    .text                                    0x08000830   Section        0  lcd_taskhandler.o(.text)
    .text                                    0x0800091c   Section        0  lcd.o(.text)
    .text                                    0x080014f8   Section        0  system_stm32f10x.o(.text)
    SetSysClockTo72                          0x080014f9   Thumb Code   220  system_stm32f10x.o(.text)
    SetSysClock                              0x080015d5   Thumb Code     8  system_stm32f10x.o(.text)
    .text                                    0x08001630   Section        0  misc.o(.text)
    .text                                    0x0800170c   Section        0  stm32f10x_can.o(.text)
    CheckITStatus                            0x08001f0f   Thumb Code    18  stm32f10x_can.o(.text)
    .text                                    0x080020fc   Section        0  stm32f10x_gpio.o(.text)
    .text                                    0x08002460   Section        0  stm32f10x_rcc.o(.text)
    .text                                    0x08002960   Section        0  stm32f10x_tim.o(.text)
    TI4_Config                               0x08002e07   Thumb Code   130  stm32f10x_tim.o(.text)
    TI3_Config                               0x08002e9b   Thumb Code   122  stm32f10x_tim.o(.text)
    TI2_Config                               0x08002f2f   Thumb Code   130  stm32f10x_tim.o(.text)
    TI1_Config                               0x08002fc3   Thumb Code   108  stm32f10x_tim.o(.text)
    .text                                    0x0800377a   Section        0  list.o(.text)
    .text                                    0x08003810   Section        0  queue.o(.text)
    prvInitialiseNewQueue                    0x0800388b   Thumb Code    38  queue.o(.text)
    prvUnlockQueue                           0x080038e9   Thumb Code   126  queue.o(.text)
    prvIsQueueFull                           0x08003967   Thumb Code    30  queue.o(.text)
    prvCopyDataToQueue                       0x08003985   Thumb Code   106  queue.o(.text)
    prvIsQueueEmpty                          0x08003c01   Thumb Code    26  queue.o(.text)
    prvCopyDataFromQueue                     0x08003c1b   Thumb Code    46  queue.o(.text)
    .text                                    0x08003eb0   Section        0  tasks.o(.text)
    prvInitialiseTaskLists                   0x08003eb1   Thumb Code    64  tasks.o(.text)
    prvAddNewTaskToReadyList                 0x08003ef1   Thumb Code   150  tasks.o(.text)
    prvInitialiseNewTask                     0x08003f87   Thumb Code   128  tasks.o(.text)
    prvResetNextTaskUnblockTime              0x08004067   Thumb Code    42  tasks.o(.text)
    prvAddCurrentTaskToDelayedList           0x08004243   Thumb Code   200  tasks.o(.text)
    prvTaskIsTaskSuspended                   0x080045c5   Thumb Code    56  tasks.o(.text)
    prvCheckTasksWaitingTermination          0x0800471f   Thumb Code     2  tasks.o(.text)
    prvIdleTask                              0x08004721   Thumb Code    32  tasks.o(.text)
    .text                                    0x08004d18   Section        0  port.o(.text)
    prvTaskExitError                         0x08004d19   Thumb Code    22  port.o(.text)
    .text                                    0x08004e00   Section        0  heap_2.o(.text)
    prvHeapInit                              0x08004e01   Thumb Code    42  heap_2.o(.text)
    .text                                    0x08004f24   Section        0  canopenbasic.o(.text)
    .text                                    0x08004fb4   Section        0  canopenlifeguard.o(.text)
    .text                                    0x08005030   Section        0  canopenstate.o(.text)
    .text                                    0x08005080   Section        0  can_handlerrtos.o(.text)
    f_CanBufferInit                          0x08005081   Thumb Code    20  can_handlerrtos.o(.text)
    .text                                    0x08005288   Section        0  cia418_profile.o(.text)
    .text                                    0x08005408   Section        0  canopensdo.o(.text)
    .text                                    0x08005610   Section        0  canopennmt.o(.text)
    .text                                    0x080056e4   Section      138  rt_memcpy_v6.o(.text)
    .text                                    0x0800576e   Section      100  rt_memcpy_w.o(.text)
    .text                                    0x080057d2   Section       68  rt_memclr.o(.text)
    .text                                    0x08005816   Section        0  heapauxi.o(.text)
    .text                                    0x0800581c   Section       78  rt_memclr_w.o(.text)
    .text                                    0x0800586a   Section       74  sys_stackheap_outer.o(.text)
    .text                                    0x080058b4   Section        0  exit.o(.text)
    .text                                    0x080058c0   Section        8  libspace.o(.text)
    .text                                    0x080058c8   Section        0  sys_exit.o(.text)
    .text                                    0x080058d4   Section        2  use_no_semi.o(.text)
    .text                                    0x080058d6   Section        0  indicate_semi.o(.text)
    .constdata                               0x080058d8   Section     1568  lcd.o(.constdata)
    .constdata                               0x08005ef8   Section       20  cia418_profile.o(.constdata)
    .constdata                               0x08005f0c   Section       16  canopensdo.o(.constdata)
    .conststring                             0x08005f1c   Section       46  tsk_taskcommonapi.o(.conststring)
    .data                                    0x20000000   Section       50  tsk_periodictask.o(.data)
    TSK_u16TimerCntOn5ms                     0x20000028   Data           2  tsk_periodictask.o(.data)
    TSK_u16TimerCnt50msOn5ms                 0x2000002a   Data           2  tsk_periodictask.o(.data)
    TSK_u16TimerCnt100msOn5ms                0x2000002c   Data           2  tsk_periodictask.o(.data)
    TSK_u16TimerCnt500msOn5ms                0x2000002e   Data           2  tsk_periodictask.o(.data)
    TSK_u16TimerCnt1sOn5ms                   0x20000030   Data           2  tsk_periodictask.o(.data)
    .data                                    0x20000034   Section      121  tsk_taskcommonapi.o(.data)
    .data                                    0x200000ae   Section        2  tim_driver.o(.data)
    u16TimerLast                             0x200000ae   Data           2  tim_driver.o(.data)
    .data                                    0x200000b0   Section        5  lcd_taskhandler.o(.data)
    LCD_TaskSem                              0x200000b0   Data           4  lcd_taskhandler.o(.data)
    LCD_PresentState                         0x200000b4   Data           1  lcd_taskhandler.o(.data)
    .data                                    0x200000b5   Section       20  stm32f10x_rcc.o(.data)
    APBAHBPrescTable                         0x200000b5   Data          16  stm32f10x_rcc.o(.data)
    ADCPrescTable                            0x200000c5   Data           4  stm32f10x_rcc.o(.data)
    .data                                    0x200000cc   Section       56  tasks.o(.data)
    pxDelayedTaskList                        0x200000d0   Data           4  tasks.o(.data)
    pxOverflowDelayedTaskList                0x200000d4   Data           4  tasks.o(.data)
    uxCurrentNumberOfTasks                   0x200000d8   Data           4  tasks.o(.data)
    xTickCount                               0x200000dc   Data           4  tasks.o(.data)
    uxTopReadyPriority                       0x200000e0   Data           4  tasks.o(.data)
    xSchedulerRunning                        0x200000e4   Data           4  tasks.o(.data)
    uxPendedTicks                            0x200000e8   Data           4  tasks.o(.data)
    xYieldPending                            0x200000ec   Data           4  tasks.o(.data)
    xNumOfOverflows                          0x200000f0   Data           4  tasks.o(.data)
    uxTaskNumber                             0x200000f4   Data           4  tasks.o(.data)
    xNextTaskUnblockTime                     0x200000f8   Data           4  tasks.o(.data)
    xIdleTaskHandle                          0x200000fc   Data           4  tasks.o(.data)
    uxSchedulerSuspended                     0x20000100   Data           4  tasks.o(.data)
    .data                                    0x20000104   Section        4  port.o(.data)
    uxCriticalNesting                        0x20000104   Data           4  port.o(.data)
    .data                                    0x20000108   Section       24  heap_2.o(.data)
    xStart                                   0x20000108   Data           8  heap_2.o(.data)
    xEnd                                     0x20000110   Data           8  heap_2.o(.data)
    xFreeBytesRemaining                      0x20000118   Data           4  heap_2.o(.data)
    xHeapHasBeenInitialised                  0x2000011c   Data           4  heap_2.o(.data)
    .data                                    0x20000120   Section       12  can_handlerrtos.o(.data)
    recv_sem                                 0x20000124   Data           4  can_handlerrtos.o(.data)
    tran_sem                                 0x20000128   Data           4  can_handlerrtos.o(.data)
    .data                                    0x2000012c   Section     1472  cia418_profile.o(.data)
    .data                                    0x200006ec   Section       16  canopensdo.o(.data)
    CanNodeID                                0x200006ec   Data           1  canopensdo.o(.data)
    PollingMsg                               0x200006ee   Data          12  canopensdo.o(.data)
    CyclicCounter                            0x200006fa   Data           2  canopensdo.o(.data)
    .bss                                     0x200006fc   Section      180  tasks.o(.bss)
    pxReadyTasksLists                        0x200006fc   Data         100  tasks.o(.bss)
    xDelayedTaskList1                        0x20000760   Data          20  tasks.o(.bss)
    xDelayedTaskList2                        0x20000774   Data          20  tasks.o(.bss)
    xPendingReadyList                        0x20000788   Data          20  tasks.o(.bss)
    xSuspendedTaskList                       0x2000079c   Data          20  tasks.o(.bss)
    .bss                                     0x200007b0   Section     8192  heap_2.o(.bss)
    ucHeap                                   0x200007b0   Data        8192  heap_2.o(.bss)
    .bss                                     0x200027b0   Section       12  canopenbasic.o(.bss)
    .bss                                     0x200027bc   Section      320  can_handlerrtos.o(.bss)
    .bss                                     0x200028fc   Section      508  canopensdo.o(.bss)
    .bss                                     0x20002af8   Section       96  libspace.o(.bss)
    HEAP                                     0x20002b58   Section      512  startup_stm32f10x_cl.o(HEAP)
    Heap_Mem                                 0x20002b58   Data         512  startup_stm32f10x_cl.o(HEAP)
    STACK                                    0x20002d58   Section     1024  startup_stm32f10x_cl.o(STACK)
    Stack_Mem                                0x20002d58   Data        1024  startup_stm32f10x_cl.o(STACK)
    __initial_sp                             0x20003158   Data           0  startup_stm32f10x_cl.o(STACK)

    Global Symbols

    Symbol Name                              Value     Ov Type        Size  Object(Section)

    BuildAttributes$$THM_ISAv4$P$D$K$B$S$PE$A:L22UL41UL21$X:L11$S22US41US21$IEEE1$IW$USESV6$~STKCKD$USESV7$~SHL$OSPACE$ROPI$EBA8$UX$STANDARDLIB$REQ8$PRES8$EABIv2 0x00000000   Number         0  anon$$obj.o ABSOLUTE
    __ARM_use_no_argv                        0x00000000   Number         0  main.o ABSOLUTE
    __ARM_exceptions_init                     - Undefined Weak Reference
    __alloca_initialize                       - Undefined Weak Reference
    __cpp_initialize__aeabi_                  - Undefined Weak Reference
    __cxa_finalize                            - Undefined Weak Reference
    __rt_locale                               - Undefined Weak Reference
    __sigvec_lookup                           - Undefined Weak Reference
    _atexit_init                              - Undefined Weak Reference
    _call_atexit_fns                          - Undefined Weak Reference
    _clock_init                               - Undefined Weak Reference
    _fp_trap_init                             - Undefined Weak Reference
    _fp_trap_shutdown                         - Undefined Weak Reference
    _get_lc_collate                           - Undefined Weak Reference
    _get_lc_ctype                             - Undefined Weak Reference
    _get_lc_monetary                          - Undefined Weak Reference
    _get_lc_numeric                           - Undefined Weak Reference
    _get_lc_time                              - Undefined Weak Reference
    _getenv_init                              - Undefined Weak Reference
    _handle_redirection                       - Undefined Weak Reference
    _init_alloc                               - Undefined Weak Reference
    _init_user_alloc                          - Undefined Weak Reference
    _initio                                   - Undefined Weak Reference
    _rand_init                                - Undefined Weak Reference
    _signal_finish                            - Undefined Weak Reference
    _signal_init                              - Undefined Weak Reference
    _terminate_alloc                          - Undefined Weak Reference
    _terminate_user_alloc                     - Undefined Weak Reference
    _terminateio                              - Undefined Weak Reference
    __Vectors_Size                           0x00000150   Number         0  startup_stm32f10x_cl.o ABSOLUTE
    __Vectors                                0x08000000   Data           4  startup_stm32f10x_cl.o(RESET)
    __Vectors_End                            0x08000150   Data           0  startup_stm32f10x_cl.o(RESET)
    __main                                   0x08000151   Thumb Code     8  __main.o(!!!main)
    __scatterload                            0x08000159   Thumb Code     0  __scatter.o(!!!scatter)
    __scatterload_rt2                        0x08000159   Thumb Code    44  __scatter.o(!!!scatter)
    __scatterload_rt2_thumb_only             0x08000159   Thumb Code     0  __scatter.o(!!!scatter)
    __scatterload_null                       0x08000167   Thumb Code     0  __scatter.o(!!!scatter)
    __decompress                             0x0800018d   Thumb Code    90  __dczerorl2.o(!!dczerorl2)
    __decompress1                            0x0800018d   Thumb Code     0  __dczerorl2.o(!!dczerorl2)
    __scatterload_zeroinit                   0x080001e9   Thumb Code    28  __scatter_zi.o(!!handler_zi)
    __rt_lib_init                            0x08000205   Thumb Code     0  libinit.o(.ARM.Collect$$libinit$$00000000)
    __rt_lib_init_alloca_1                   0x08000207   Thumb Code     0  libinit2.o(.ARM.Collect$$libinit$$0000002C)
    __rt_lib_init_argv_1                     0x08000207   Thumb Code     0  libinit2.o(.ARM.Collect$$libinit$$0000002A)
    __rt_lib_init_atexit_1                   0x08000207   Thumb Code     0  libinit2.o(.ARM.Collect$$libinit$$00000019)
    __rt_lib_init_clock_1                    0x08000207   Thumb Code     0  libinit2.o(.ARM.Collect$$libinit$$0000001F)
    __rt_lib_init_cpp_1                      0x08000207   Thumb Code     0  libinit2.o(.ARM.Collect$$libinit$$00000030)
    __rt_lib_init_exceptions_1               0x08000207   Thumb Code     0  libinit2.o(.ARM.Collect$$libinit$$0000002E)
    __rt_lib_init_fp_1                       0x08000207   Thumb Code     0  libinit2.o(.ARM.Collect$$libinit$$00000002)
    __rt_lib_init_fp_trap_1                  0x08000207   Thumb Code     0  libinit2.o(.ARM.Collect$$libinit$$0000001D)
    __rt_lib_init_getenv_1                   0x08000207   Thumb Code     0  libinit2.o(.ARM.Collect$$libinit$$00000021)
    __rt_lib_init_heap_1                     0x08000207   Thumb Code     0  libinit2.o(.ARM.Collect$$libinit$$00000008)
    __rt_lib_init_lc_collate_1               0x08000207   Thumb Code     0  libinit2.o(.ARM.Collect$$libinit$$0000000F)
    __rt_lib_init_lc_ctype_1                 0x08000207   Thumb Code     0  libinit2.o(.ARM.Collect$$libinit$$00000011)
    __rt_lib_init_lc_monetary_1              0x08000207   Thumb Code     0  libinit2.o(.ARM.Collect$$libinit$$00000013)
    __rt_lib_init_lc_numeric_1               0x08000207   Thumb Code     0  libinit2.o(.ARM.Collect$$libinit$$00000015)
    __rt_lib_init_lc_time_1                  0x08000207   Thumb Code     0  libinit2.o(.ARM.Collect$$libinit$$00000017)
    __rt_lib_init_rand_1                     0x08000207   Thumb Code     0  libinit2.o(.ARM.Collect$$libinit$$0000000C)
    __rt_lib_init_return                     0x08000207   Thumb Code     0  libinit2.o(.ARM.Collect$$libinit$$00000031)
    __rt_lib_init_signal_1                   0x08000207   Thumb Code     0  libinit2.o(.ARM.Collect$$libinit$$0000001B)
    __rt_lib_init_stdio_1                    0x08000207   Thumb Code     0  libinit2.o(.ARM.Collect$$libinit$$00000023)
    __rt_lib_init_user_alloc_1               0x08000207   Thumb Code     0  libinit2.o(.ARM.Collect$$libinit$$0000000A)
    __rt_lib_shutdown                        0x08000209   Thumb Code     0  libshutdown.o(.ARM.Collect$$libshutdown$$00000000)
    __rt_lib_shutdown_fp_trap_1              0x0800020b   Thumb Code     0  libshutdown2.o(.ARM.Collect$$libshutdown$$00000006)
    __rt_lib_shutdown_heap_1                 0x0800020b   Thumb Code     0  libshutdown2.o(.ARM.Collect$$libshutdown$$0000000E)
    __rt_lib_shutdown_return                 0x0800020b   Thumb Code     0  libshutdown2.o(.ARM.Collect$$libshutdown$$0000000F)
    __rt_lib_shutdown_signal_1               0x0800020b   Thumb Code     0  libshutdown2.o(.ARM.Collect$$libshutdown$$00000009)
    __rt_lib_shutdown_stdio_1                0x0800020b   Thumb Code     0  libshutdown2.o(.ARM.Collect$$libshutdown$$00000003)
    __rt_lib_shutdown_user_alloc_1           0x0800020b   Thumb Code     0  libshutdown2.o(.ARM.Collect$$libshutdown$$0000000B)
    __rt_entry                               0x0800020d   Thumb Code     0  rtentry.o(.ARM.Collect$$rtentry$$00000000)
    __rt_entry_presh_1                       0x0800020d   Thumb Code     0  rtentry2.o(.ARM.Collect$$rtentry$$00000002)
    __rt_entry_sh                            0x0800020d   Thumb Code     0  rtentry4.o(.ARM.Collect$$rtentry$$00000004)
    __rt_entry_li                            0x08000213   Thumb Code     0  rtentry2.o(.ARM.Collect$$rtentry$$0000000A)
    __rt_entry_postsh_1                      0x08000213   Thumb Code     0  rtentry2.o(.ARM.Collect$$rtentry$$00000009)
    __rt_entry_main                          0x08000217   Thumb Code     0  rtentry2.o(.ARM.Collect$$rtentry$$0000000D)
    __rt_entry_postli_1                      0x08000217   Thumb Code     0  rtentry2.o(.ARM.Collect$$rtentry$$0000000C)
    __rt_exit                                0x0800021f   Thumb Code     0  rtexit.o(.ARM.Collect$$rtexit$$00000000)
    __rt_exit_ls                             0x08000221   Thumb Code     0  rtexit2.o(.ARM.Collect$$rtexit$$00000003)
    __rt_exit_prels_1                        0x08000221   Thumb Code     0  rtexit2.o(.ARM.Collect$$rtexit$$00000002)
    __rt_exit_exit                           0x08000225   Thumb Code     0  rtexit2.o(.ARM.Collect$$rtexit$$00000004)
    vPortSVCHandler                          0x0800022d   Thumb Code    32  port.o(.emb_text)
    __asm___6_port_c_39a90d8d__prvStartFirstTask 0x08000251   Thumb Code    28  port.o(.emb_text)
    xPortPendSVHandler                       0x08000271   Thumb Code    72  port.o(.emb_text)
    vPortGetIPSR                             0x080002bd   Thumb Code     6  port.o(.emb_text)
    Reset_Handler                            0x080002c5   Thumb Code     8  startup_stm32f10x_cl.o(.text)
    ADC1_2_IRQHandler                        0x080002df   Thumb Code     0  startup_stm32f10x_cl.o(.text)
    CAN1_RX0_IRQHandler                      0x080002df   Thumb Code     0  startup_stm32f10x_cl.o(.text)
    CAN1_RX1_IRQHandler                      0x080002df   Thumb Code     0  startup_stm32f10x_cl.o(.text)
    CAN1_SCE_IRQHandler                      0x080002df   Thumb Code     0  startup_stm32f10x_cl.o(.text)
    CAN1_TX_IRQHandler                       0x080002df   Thumb Code     0  startup_stm32f10x_cl.o(.text)
    CAN2_RX0_IRQHandler                      0x080002df   Thumb Code     0  startup_stm32f10x_cl.o(.text)
    CAN2_SCE_IRQHandler                      0x080002df   Thumb Code     0  startup_stm32f10x_cl.o(.text)
    CAN2_TX_IRQHandler                       0x080002df   Thumb Code     0  startup_stm32f10x_cl.o(.text)
    DMA1_Channel1_IRQHandler                 0x080002df   Thumb Code     0  startup_stm32f10x_cl.o(.text)
    DMA1_Channel2_IRQHandler                 0x080002df   Thumb Code     0  startup_stm32f10x_cl.o(.text)
    DMA1_Channel3_IRQHandler                 0x080002df   Thumb Code     0  startup_stm32f10x_cl.o(.text)
    DMA1_Channel4_IRQHandler                 0x080002df   Thumb Code     0  startup_stm32f10x_cl.o(.text)
    DMA1_Channel5_IRQHandler                 0x080002df   Thumb Code     0  startup_stm32f10x_cl.o(.text)
    DMA1_Channel6_IRQHandler                 0x080002df   Thumb Code     0  startup_stm32f10x_cl.o(.text)
    DMA1_Channel7_IRQHandler                 0x080002df   Thumb Code     0  startup_stm32f10x_cl.o(.text)
    DMA2_Channel1_IRQHandler                 0x080002df   Thumb Code     0  startup_stm32f10x_cl.o(.text)
    DMA2_Channel2_IRQHandler                 0x080002df   Thumb Code     0  startup_stm32f10x_cl.o(.text)
    DMA2_Channel3_IRQHandler                 0x080002df   Thumb Code     0  startup_stm32f10x_cl.o(.text)
    DMA2_Channel4_IRQHandler                 0x080002df   Thumb Code     0  startup_stm32f10x_cl.o(.text)
    DMA2_Channel5_IRQHandler                 0x080002df   Thumb Code     0  startup_stm32f10x_cl.o(.text)
    ETH_IRQHandler                           0x080002df   Thumb Code     0  startup_stm32f10x_cl.o(.text)
    ETH_WKUP_IRQHandler                      0x080002df   Thumb Code     0  startup_stm32f10x_cl.o(.text)
    EXTI0_IRQHandler                         0x080002df   Thumb Code     0  startup_stm32f10x_cl.o(.text)
    EXTI15_10_IRQHandler                     0x080002df   Thumb Code     0  startup_stm32f10x_cl.o(.text)
    EXTI1_IRQHandler                         0x080002df   Thumb Code     0  startup_stm32f10x_cl.o(.text)
    EXTI2_IRQHandler                         0x080002df   Thumb Code     0  startup_stm32f10x_cl.o(.text)
    EXTI3_IRQHandler                         0x080002df   Thumb Code     0  startup_stm32f10x_cl.o(.text)
    EXTI4_IRQHandler                         0x080002df   Thumb Code     0  startup_stm32f10x_cl.o(.text)
    EXTI9_5_IRQHandler                       0x080002df   Thumb Code     0  startup_stm32f10x_cl.o(.text)
    FLASH_IRQHandler                         0x080002df   Thumb Code     0  startup_stm32f10x_cl.o(.text)
    I2C1_ER_IRQHandler                       0x080002df   Thumb Code     0  startup_stm32f10x_cl.o(.text)
    I2C1_EV_IRQHandler                       0x080002df   Thumb Code     0  startup_stm32f10x_cl.o(.text)
    I2C2_ER_IRQHandler                       0x080002df   Thumb Code     0  startup_stm32f10x_cl.o(.text)
    I2C2_EV_IRQHandler                       0x080002df   Thumb Code     0  startup_stm32f10x_cl.o(.text)
    OTG_FS_IRQHandler                        0x080002df   Thumb Code     0  startup_stm32f10x_cl.o(.text)
    OTG_FS_WKUP_IRQHandler                   0x080002df   Thumb Code     0  startup_stm32f10x_cl.o(.text)
    PVD_IRQHandler                           0x080002df   Thumb Code     0  startup_stm32f10x_cl.o(.text)
    RCC_IRQHandler                           0x080002df   Thumb Code     0  startup_stm32f10x_cl.o(.text)
    RTCAlarm_IRQHandler                      0x080002df   Thumb Code     0  startup_stm32f10x_cl.o(.text)
    RTC_IRQHandler                           0x080002df   Thumb Code     0  startup_stm32f10x_cl.o(.text)
    SPI1_IRQHandler                          0x080002df   Thumb Code     0  startup_stm32f10x_cl.o(.text)
    SPI2_IRQHandler                          0x080002df   Thumb Code     0  startup_stm32f10x_cl.o(.text)
    SPI3_IRQHandler                          0x080002df   Thumb Code     0  startup_stm32f10x_cl.o(.text)
    TAMPER_IRQHandler                        0x080002df   Thumb Code     0  startup_stm32f10x_cl.o(.text)
    TIM1_BRK_IRQHandler                      0x080002df   Thumb Code     0  startup_stm32f10x_cl.o(.text)
    TIM1_CC_IRQHandler                       0x080002df   Thumb Code     0  startup_stm32f10x_cl.o(.text)
    TIM1_TRG_COM_IRQHandler                  0x080002df   Thumb Code     0  startup_stm32f10x_cl.o(.text)
    TIM1_UP_IRQHandler                       0x080002df   Thumb Code     0  startup_stm32f10x_cl.o(.text)
    TIM2_IRQHandler                          0x080002df   Thumb Code     0  startup_stm32f10x_cl.o(.text)
    TIM3_IRQHandler                          0x080002df   Thumb Code     0  startup_stm32f10x_cl.o(.text)
    TIM4_IRQHandler                          0x080002df   Thumb Code     0  startup_stm32f10x_cl.o(.text)
    TIM6_IRQHandler                          0x080002df   Thumb Code     0  startup_stm32f10x_cl.o(.text)
    TIM7_IRQHandler                          0x080002df   Thumb Code     0  startup_stm32f10x_cl.o(.text)
    UART4_IRQHandler                         0x080002df   Thumb Code     0  startup_stm32f10x_cl.o(.text)
    UART5_IRQHandler                         0x080002df   Thumb Code     0  startup_stm32f10x_cl.o(.text)
    USART1_IRQHandler                        0x080002df   Thumb Code     0  startup_stm32f10x_cl.o(.text)
    USART2_IRQHandler                        0x080002df   Thumb Code     0  startup_stm32f10x_cl.o(.text)
    USART3_IRQHandler                        0x080002df   Thumb Code     0  startup_stm32f10x_cl.o(.text)
    WWDG_IRQHandler                          0x080002df   Thumb Code     0  startup_stm32f10x_cl.o(.text)
    __user_initial_stackheap                 0x080002e1   Thumb Code     0  startup_stm32f10x_cl.o(.text)
    main                                     0x08000305   Thumb Code    52  main.o(.text)
    TSK_PeriodicTaskHandler                  0x08000357   Thumb Code   158  tsk_periodictask.o(.text)
    TSK_CreateTasks                          0x0800040d   Thumb Code    94  tsk_taskcommonapi.o(.text)
    f_TimerTask                              0x0800046b   Thumb Code    26  tsk_taskcommonapi.o(.text)
    f_StateMachineTask                       0x08000485   Thumb Code    10  tsk_taskcommonapi.o(.text)
    CAN2_Config                              0x08000499   Thumb Code   252  can_driver.o(.text)
    CAN_Initial                              0x08000595   Thumb Code    16  can_driver.o(.text)
    Init_RxMes                               0x080005a5   Thumb Code    36  can_driver.o(.text)
    CAN1_Config                              0x080005c9   Thumb Code   252  can_driver.o(.text)
    CAN_SendData                             0x080006c5   Thumb Code    42  can_driver.o(.text)
    GPIO_Initial                             0x080006fd   Thumb Code    90  gpio_driver.o(.text)
    NMI_Handler                              0x08000765   Thumb Code     2  stm32f10x_it.o(.text)
    HardFault_Handler                        0x08000767   Thumb Code     4  stm32f10x_it.o(.text)
    MemManage_Handler                        0x0800076b   Thumb Code     4  stm32f10x_it.o(.text)
    BusFault_Handler                         0x0800076f   Thumb Code     4  stm32f10x_it.o(.text)
    UsageFault_Handler                       0x08000773   Thumb Code     4  stm32f10x_it.o(.text)
    SVC_Handler                              0x08000777   Thumb Code     2  stm32f10x_it.o(.text)
    DebugMon_Handler                         0x08000779   Thumb Code     2  stm32f10x_it.o(.text)
    PendSV_Handler                           0x0800077b   Thumb Code     2  stm32f10x_it.o(.text)
    SysTick_Handler                          0x0800077d   Thumb Code     2  stm32f10x_it.o(.text)
    TIM_Initial                              0x08000781   Thumb Code    96  tim_driver.o(.text)
    TIM5_IRQHandler                          0x080007e1   Thumb Code    36  tim_driver.o(.text)
    TIM_GetElapsedTime                       0x08000805   Thumb Code    36  tim_driver.o(.text)
    PlotChargeCurve                          0x08000831   Thumb Code    92  lcd_taskhandler.o(.text)
    LCD_TaskHandler                          0x0800088d   Thumb Code    86  lcd_taskhandler.o(.text)
    LCD_TaskTrigger                          0x080008e3   Thumb Code    18  lcd_taskhandler.o(.text)
    Delay                                    0x080008f5   Thumb Code    12  lcd_taskhandler.o(.text)
    DelayUs                                  0x0800091d   Thumb Code    12  lcd.o(.text)
    SendDataSPI                              0x08000929   Thumb Code    58  lcd.o(.text)
    SendData_SPI_2_lane                      0x08000963   Thumb Code    78  lcd.o(.text)
    WriteComm                                0x080009b1   Thumb Code    38  lcd.o(.text)
    WriteData                                0x080009d7   Thumb Code    34  lcd.o(.text)
    BlockWrite                               0x080009f9   Thumb Code    82  lcd.o(.text)
    DispColor_SPI_2_lane                     0x08000a4b   Thumb Code    56  lcd.o(.text)
    WriteDispData                            0x08000a83   Thumb Code    32  lcd.o(.text)
    LCD_EnterSleep                           0x08000aa3   Thumb Code    28  lcd.o(.text)
    DispColor                                0x08000abf   Thumb Code    62  lcd.o(.text)
    LCD_Init                                 0x08000afd   Thumb Code   438  lcd.o(.text)
    DispBand                                 0x08000cb3   Thumb Code   162  lcd.o(.text)
    DispFrame                                0x08000d55   Thumb Code   196  lcd.o(.text)
    DispScaleHor1                            0x08000e19   Thumb Code   354  lcd.o(.text)
    DispScaleVer                             0x08000f7b   Thumb Code   158  lcd.o(.text)
    DispScaleVer_Red                         0x08001019   Thumb Code    82  lcd.o(.text)
    DispScaleVer_Green                       0x0800106b   Thumb Code    82  lcd.o(.text)
    WriteOneDot                              0x080010bd   Thumb Code    18  lcd.o(.text)
    ToOrd                                    0x080010cf   Thumb Code    80  lcd.o(.text)
    DispOneChar                              0x0800111f   Thumb Code   108  lcd.o(.text)
    DispStr                                  0x0800118b   Thumb Code    86  lcd.o(.text)
    DispInt                                  0x080011e1   Thumb Code   116  lcd.o(.text)
    DispRegValue                             0x08001255   Thumb Code   110  lcd.o(.text)
    PutPixel                                 0x080012c3   Thumb Code    52  lcd.o(.text)
    DrawLine                                 0x080012f7   Thumb Code    82  lcd.o(.text)
    DrawGird                                 0x08001349   Thumb Code    58  lcd.o(.text)
    Disp_GRAY_565                            0x08001383   Thumb Code   100  lcd.o(.text)
    Disp_GRAY_666                            0x080013e7   Thumb Code   122  lcd.o(.text)
    Disp_GRAY_888                            0x08001461   Thumb Code   122  lcd.o(.text)
    SystemInit                               0x080015dd   Thumb Code    68  system_stm32f10x.o(.text)
    NVIC_PriorityGroupConfig                 0x08001631   Thumb Code    10  misc.o(.text)
    NVIC_Init                                0x0800163b   Thumb Code   100  misc.o(.text)
    NVIC_SetVectorTable                      0x0800169f   Thumb Code    14  misc.o(.text)
    NVIC_SystemLPConfig                      0x080016ad   Thumb Code    34  misc.o(.text)
    SysTick_CLKSourceConfig                  0x080016cf   Thumb Code    40  misc.o(.text)
    CAN_DeInit                               0x0800170d   Thumb Code    50  stm32f10x_can.o(.text)
    CAN_Init                                 0x0800173f   Thumb Code   276  stm32f10x_can.o(.text)
    CAN_FilterInit                           0x08001853   Thumb Code   258  stm32f10x_can.o(.text)
    CAN_StructInit                           0x08001955   Thumb Code    32  stm32f10x_can.o(.text)
    CAN_SlaveStartBank                       0x08001975   Thumb Code    48  stm32f10x_can.o(.text)
    CAN_DBGFreeze                            0x080019a5   Thumb Code    22  stm32f10x_can.o(.text)
    CAN_TTComModeCmd                         0x080019bb   Thumb Code   118  stm32f10x_can.o(.text)
    CAN_Transmit                             0x08001a31   Thumb Code   304  stm32f10x_can.o(.text)
    CAN_TransmitStatus                       0x08001b61   Thumb Code   138  stm32f10x_can.o(.text)
    CAN_CancelTransmit                       0x08001beb   Thumb Code    48  stm32f10x_can.o(.text)
    CAN_Receive                              0x08001c1b   Thumb Code   240  stm32f10x_can.o(.text)
    CAN_FIFORelease                          0x08001d0b   Thumb Code    22  stm32f10x_can.o(.text)
    CAN_MessagePending                       0x08001d21   Thumb Code    30  stm32f10x_can.o(.text)
    CAN_OperatingModeRequest                 0x08001d3f   Thumb Code   162  stm32f10x_can.o(.text)
    CAN_Sleep                                0x08001de1   Thumb Code    30  stm32f10x_can.o(.text)
    CAN_WakeUp                               0x08001dff   Thumb Code    48  stm32f10x_can.o(.text)
    CAN_GetLastErrorCode                     0x08001e2f   Thumb Code    12  stm32f10x_can.o(.text)
    CAN_GetReceiveErrorCounter               0x08001e3b   Thumb Code    10  stm32f10x_can.o(.text)
    CAN_GetLSBTransmitErrorCounter           0x08001e45   Thumb Code    12  stm32f10x_can.o(.text)
    CAN_ITConfig                             0x08001e51   Thumb Code    18  stm32f10x_can.o(.text)
    CAN_GetFlagStatus                        0x08001e63   Thumb Code   120  stm32f10x_can.o(.text)
    CAN_ClearFlag                            0x08001edb   Thumb Code    52  stm32f10x_can.o(.text)
    CAN_GetITStatus                          0x08001f21   Thumb Code   310  stm32f10x_can.o(.text)
    CAN_ClearITPendingBit                    0x08002057   Thumb Code   162  stm32f10x_can.o(.text)
    GPIO_DeInit                              0x080020fd   Thumb Code   172  stm32f10x_gpio.o(.text)
    GPIO_AFIODeInit                          0x080021a9   Thumb Code    20  stm32f10x_gpio.o(.text)
    GPIO_Init                                0x080021bd   Thumb Code   278  stm32f10x_gpio.o(.text)
    GPIO_StructInit                          0x080022d3   Thumb Code    16  stm32f10x_gpio.o(.text)
    GPIO_ReadInputDataBit                    0x080022e3   Thumb Code    18  stm32f10x_gpio.o(.text)
    GPIO_ReadInputData                       0x080022f5   Thumb Code     8  stm32f10x_gpio.o(.text)
    GPIO_ReadOutputDataBit                   0x080022fd   Thumb Code    18  stm32f10x_gpio.o(.text)
    GPIO_ReadOutputData                      0x0800230f   Thumb Code     8  stm32f10x_gpio.o(.text)
    GPIO_SetBits                             0x08002317   Thumb Code     4  stm32f10x_gpio.o(.text)
    GPIO_ResetBits                           0x0800231b   Thumb Code     4  stm32f10x_gpio.o(.text)
    GPIO_TogglePin                           0x0800231f   Thumb Code     8  stm32f10x_gpio.o(.text)
    GPIO_WriteBit                            0x08002327   Thumb Code    10  stm32f10x_gpio.o(.text)
    GPIO_Write                               0x08002331   Thumb Code     4  stm32f10x_gpio.o(.text)
    GPIO_PinLockConfig                       0x08002335   Thumb Code    18  stm32f10x_gpio.o(.text)
    GPIO_EventOutputConfig                   0x08002347   Thumb Code    26  stm32f10x_gpio.o(.text)
    GPIO_EventOutputCmd                      0x08002361   Thumb Code     6  stm32f10x_gpio.o(.text)
    GPIO_PinRemapConfig                      0x08002367   Thumb Code   138  stm32f10x_gpio.o(.text)
    GPIO_EXTILineConfig                      0x080023f1   Thumb Code    66  stm32f10x_gpio.o(.text)
    GPIO_ETH_MediaInterfaceConfig            0x08002433   Thumb Code     8  stm32f10x_gpio.o(.text)
    RCC_DeInit                               0x08002461   Thumb Code    78  stm32f10x_rcc.o(.text)
    RCC_HSEConfig                            0x080024af   Thumb Code    70  stm32f10x_rcc.o(.text)
    RCC_GetFlagStatus                        0x080024f5   Thumb Code    56  stm32f10x_rcc.o(.text)
    RCC_WaitForHSEStartUp                    0x0800252d   Thumb Code    56  stm32f10x_rcc.o(.text)
    RCC_AdjustHSICalibrationValue            0x08002565   Thumb Code    20  stm32f10x_rcc.o(.text)
    RCC_HSICmd                               0x08002579   Thumb Code     6  stm32f10x_rcc.o(.text)
    RCC_PLLConfig                            0x0800257f   Thumb Code    24  stm32f10x_rcc.o(.text)
    RCC_PLLCmd                               0x08002597   Thumb Code     6  stm32f10x_rcc.o(.text)
    RCC_PREDIV1Config                        0x0800259d   Thumb Code    24  stm32f10x_rcc.o(.text)
    RCC_PREDIV2Config                        0x080025b5   Thumb Code    18  stm32f10x_rcc.o(.text)
    RCC_PLL2Config                           0x080025c7   Thumb Code    18  stm32f10x_rcc.o(.text)
    RCC_PLL2Cmd                              0x080025d9   Thumb Code     6  stm32f10x_rcc.o(.text)
    RCC_PLL3Config                           0x080025df   Thumb Code    18  stm32f10x_rcc.o(.text)
    RCC_PLL3Cmd                              0x080025f1   Thumb Code     6  stm32f10x_rcc.o(.text)
    RCC_SYSCLKConfig                         0x080025f7   Thumb Code    18  stm32f10x_rcc.o(.text)
    RCC_GetSYSCLKSource                      0x08002609   Thumb Code    10  stm32f10x_rcc.o(.text)
    RCC_HCLKConfig                           0x08002613   Thumb Code    18  stm32f10x_rcc.o(.text)
    RCC_PCLK1Config                          0x08002625   Thumb Code    18  stm32f10x_rcc.o(.text)
    RCC_PCLK2Config                          0x08002637   Thumb Code    20  stm32f10x_rcc.o(.text)
    RCC_ITConfig                             0x0800264b   Thumb Code    26  stm32f10x_rcc.o(.text)
    RCC_OTGFSCLKConfig                       0x08002665   Thumb Code     8  stm32f10x_rcc.o(.text)
    RCC_ADCCLKConfig                         0x0800266d   Thumb Code    18  stm32f10x_rcc.o(.text)
    RCC_I2S2CLKConfig                        0x0800267f   Thumb Code     6  stm32f10x_rcc.o(.text)
    RCC_I2S3CLKConfig                        0x08002685   Thumb Code     8  stm32f10x_rcc.o(.text)
    RCC_LSEConfig                            0x0800268d   Thumb Code    50  stm32f10x_rcc.o(.text)
    RCC_LSICmd                               0x080026bf   Thumb Code     6  stm32f10x_rcc.o(.text)
    RCC_RTCCLKConfig                         0x080026c5   Thumb Code    12  stm32f10x_rcc.o(.text)
    RCC_RTCCLKCmd                            0x080026d1   Thumb Code     8  stm32f10x_rcc.o(.text)
    RCC_GetClocksFreq                        0x080026d9   Thumb Code   420  stm32f10x_rcc.o(.text)
    RCC_AHBPeriphClockCmd                    0x0800287d   Thumb Code    26  stm32f10x_rcc.o(.text)
    RCC_APB2PeriphClockCmd                   0x08002897   Thumb Code    26  stm32f10x_rcc.o(.text)
    RCC_APB1PeriphClockCmd                   0x080028b1   Thumb Code    26  stm32f10x_rcc.o(.text)
    RCC_AHBPeriphResetCmd                    0x080028cb   Thumb Code    26  stm32f10x_rcc.o(.text)
    RCC_APB2PeriphResetCmd                   0x080028e5   Thumb Code    26  stm32f10x_rcc.o(.text)
    RCC_APB1PeriphResetCmd                   0x080028ff   Thumb Code    26  stm32f10x_rcc.o(.text)
    RCC_BackupResetCmd                       0x08002919   Thumb Code     6  stm32f10x_rcc.o(.text)
    RCC_ClockSecuritySystemCmd               0x0800291f   Thumb Code     6  stm32f10x_rcc.o(.text)
    RCC_MCOConfig                            0x08002925   Thumb Code     6  stm32f10x_rcc.o(.text)
    RCC_ClearFlag                            0x0800292b   Thumb Code    14  stm32f10x_rcc.o(.text)
    RCC_GetITStatus                          0x08002939   Thumb Code    20  stm32f10x_rcc.o(.text)
    RCC_ClearITPendingBit                    0x0800294d   Thumb Code     6  stm32f10x_rcc.o(.text)
    TIM_DeInit                               0x08002961   Thumb Code   424  stm32f10x_tim.o(.text)
    TIM_TimeBaseInit                         0x08002b09   Thumb Code   122  stm32f10x_tim.o(.text)
    TIM_OC1Init                              0x08002b83   Thumb Code   132  stm32f10x_tim.o(.text)
    TIM_OC2Init                              0x08002c07   Thumb Code   154  stm32f10x_tim.o(.text)
    TIM_OC3Init                              0x08002ca1   Thumb Code   150  stm32f10x_tim.o(.text)
    TIM_OC4Init                              0x08002d37   Thumb Code   182  stm32f10x_tim.o(.text)
    TIM_SetIC4Prescaler                      0x08002ded   Thumb Code    26  stm32f10x_tim.o(.text)
    TIM_SetIC3Prescaler                      0x08002e89   Thumb Code    18  stm32f10x_tim.o(.text)
    TIM_SetIC2Prescaler                      0x08002f15   Thumb Code    26  stm32f10x_tim.o(.text)
    TIM_SetIC1Prescaler                      0x08002fb1   Thumb Code    18  stm32f10x_tim.o(.text)
    TIM_ICInit                               0x0800302f   Thumb Code   150  stm32f10x_tim.o(.text)
    TIM_PWMIConfig                           0x080030c5   Thumb Code   124  stm32f10x_tim.o(.text)
    TIM_BDTRConfig                           0x08003141   Thumb Code    32  stm32f10x_tim.o(.text)
    TIM_TimeBaseStructInit                   0x08003161   Thumb Code    18  stm32f10x_tim.o(.text)
    TIM_OCStructInit                         0x08003173   Thumb Code    20  stm32f10x_tim.o(.text)
    TIM_ICStructInit                         0x08003187   Thumb Code    18  stm32f10x_tim.o(.text)
    TIM_BDTRStructInit                       0x08003199   Thumb Code    40  stm32f10x_tim.o(.text)
    TIM_Cmd                                  0x080031c1   Thumb Code    24  stm32f10x_tim.o(.text)
    TIM_CtrlPWMOutputs                       0x080031d9   Thumb Code    30  stm32f10x_tim.o(.text)
    TIM_ITConfig                             0x080031f7   Thumb Code    18  stm32f10x_tim.o(.text)
    TIM_GenerateEvent                        0x08003209   Thumb Code     4  stm32f10x_tim.o(.text)
    TIM_DMAConfig                            0x0800320d   Thumb Code    10  stm32f10x_tim.o(.text)
    TIM_DMACmd                               0x08003217   Thumb Code    18  stm32f10x_tim.o(.text)
    TIM_InternalClockConfig                  0x08003229   Thumb Code    12  stm32f10x_tim.o(.text)
    TIM_SelectInputTrigger                   0x08003235   Thumb Code    18  stm32f10x_tim.o(.text)
    TIM_ITRxExternalClockConfig              0x08003247   Thumb Code    24  stm32f10x_tim.o(.text)
    TIM_TIxExternalClockConfig               0x0800325f   Thumb Code    62  stm32f10x_tim.o(.text)
    TIM_ETRConfig                            0x0800329d   Thumb Code    28  stm32f10x_tim.o(.text)
    TIM_ETRClockMode1Config                  0x080032b9   Thumb Code    54  stm32f10x_tim.o(.text)
    TIM_ETRClockMode2Config                  0x080032ef   Thumb Code    32  stm32f10x_tim.o(.text)
    TIM_PrescalerConfig                      0x0800330f   Thumb Code     6  stm32f10x_tim.o(.text)
    TIM_CounterModeConfig                    0x08003315   Thumb Code    18  stm32f10x_tim.o(.text)
    TIM_EncoderInterfaceConfig               0x08003327   Thumb Code    66  stm32f10x_tim.o(.text)
    TIM_ForcedOC1Config                      0x08003369   Thumb Code    18  stm32f10x_tim.o(.text)
    TIM_ForcedOC2Config                      0x0800337b   Thumb Code    26  stm32f10x_tim.o(.text)
    TIM_ForcedOC3Config                      0x08003395   Thumb Code    18  stm32f10x_tim.o(.text)
    TIM_ForcedOC4Config                      0x080033a7   Thumb Code    26  stm32f10x_tim.o(.text)
    TIM_ARRPreloadConfig                     0x080033c1   Thumb Code    24  stm32f10x_tim.o(.text)
    TIM_SelectCOM                            0x080033d9   Thumb Code    24  stm32f10x_tim.o(.text)
    TIM_SelectCCDMA                          0x080033f1   Thumb Code    24  stm32f10x_tim.o(.text)
    TIM_CCPreloadControl                     0x08003409   Thumb Code    24  stm32f10x_tim.o(.text)
    TIM_OC1PreloadConfig                     0x08003421   Thumb Code    18  stm32f10x_tim.o(.text)
    TIM_OC2PreloadConfig                     0x08003433   Thumb Code    26  stm32f10x_tim.o(.text)
    TIM_OC3PreloadConfig                     0x0800344d   Thumb Code    18  stm32f10x_tim.o(.text)
    TIM_OC4PreloadConfig                     0x0800345f   Thumb Code    26  stm32f10x_tim.o(.text)
    TIM_OC1FastConfig                        0x08003479   Thumb Code    18  stm32f10x_tim.o(.text)
    TIM_OC2FastConfig                        0x0800348b   Thumb Code    26  stm32f10x_tim.o(.text)
    TIM_OC3FastConfig                        0x080034a5   Thumb Code    18  stm32f10x_tim.o(.text)
    TIM_OC4FastConfig                        0x080034b7   Thumb Code    26  stm32f10x_tim.o(.text)
    TIM_ClearOC1Ref                          0x080034d1   Thumb Code    18  stm32f10x_tim.o(.text)
    TIM_ClearOC2Ref                          0x080034e3   Thumb Code    24  stm32f10x_tim.o(.text)
    TIM_ClearOC3Ref                          0x080034fb   Thumb Code    18  stm32f10x_tim.o(.text)
    TIM_ClearOC4Ref                          0x0800350d   Thumb Code    24  stm32f10x_tim.o(.text)
    TIM_OC1PolarityConfig                    0x08003525   Thumb Code    18  stm32f10x_tim.o(.text)
    TIM_OC1NPolarityConfig                   0x08003537   Thumb Code    18  stm32f10x_tim.o(.text)
    TIM_OC2PolarityConfig                    0x08003549   Thumb Code    26  stm32f10x_tim.o(.text)
    TIM_OC2NPolarityConfig                   0x08003563   Thumb Code    26  stm32f10x_tim.o(.text)
    TIM_OC3PolarityConfig                    0x0800357d   Thumb Code    26  stm32f10x_tim.o(.text)
    TIM_OC3NPolarityConfig                   0x08003597   Thumb Code    26  stm32f10x_tim.o(.text)
    TIM_OC4PolarityConfig                    0x080035b1   Thumb Code    26  stm32f10x_tim.o(.text)
    TIM_CCxCmd                               0x080035cb   Thumb Code    30  stm32f10x_tim.o(.text)
    TIM_CCxNCmd                              0x080035e9   Thumb Code    30  stm32f10x_tim.o(.text)
    TIM_SelectOCxM                           0x08003607   Thumb Code    82  stm32f10x_tim.o(.text)
    TIM_UpdateDisableConfig                  0x08003659   Thumb Code    24  stm32f10x_tim.o(.text)
    TIM_UpdateRequestConfig                  0x08003671   Thumb Code    24  stm32f10x_tim.o(.text)
    TIM_SelectHallSensor                     0x08003689   Thumb Code    24  stm32f10x_tim.o(.text)
    TIM_SelectOnePulseMode                   0x080036a1   Thumb Code    18  stm32f10x_tim.o(.text)
    TIM_SelectOutputTrigger                  0x080036b3   Thumb Code    18  stm32f10x_tim.o(.text)
    TIM_SelectSlaveMode                      0x080036c5   Thumb Code    18  stm32f10x_tim.o(.text)
    TIM_SelectMasterSlaveMode                0x080036d7   Thumb Code    18  stm32f10x_tim.o(.text)
    TIM_SetCounter                           0x080036e9   Thumb Code     4  stm32f10x_tim.o(.text)
    TIM_SetAutoreload                        0x080036ed   Thumb Code     4  stm32f10x_tim.o(.text)
    TIM_SetCompare1                          0x080036f1   Thumb Code     4  stm32f10x_tim.o(.text)
    TIM_SetCompare2                          0x080036f5   Thumb Code     4  stm32f10x_tim.o(.text)
    TIM_SetCompare3                          0x080036f9   Thumb Code     4  stm32f10x_tim.o(.text)
    TIM_SetCompare4                          0x080036fd   Thumb Code     6  stm32f10x_tim.o(.text)
    TIM_SetClockDivision                     0x08003703   Thumb Code    18  stm32f10x_tim.o(.text)
    TIM_GetCapture1                          0x08003715   Thumb Code     6  stm32f10x_tim.o(.text)
    TIM_GetCapture2                          0x0800371b   Thumb Code     6  stm32f10x_tim.o(.text)
    TIM_GetCapture3                          0x08003721   Thumb Code     6  stm32f10x_tim.o(.text)
    TIM_GetCapture4                          0x08003727   Thumb Code     8  stm32f10x_tim.o(.text)
    TIM_GetCounter                           0x0800372f   Thumb Code     6  stm32f10x_tim.o(.text)
    TIM_GetPrescaler                         0x08003735   Thumb Code     6  stm32f10x_tim.o(.text)
    TIM_GetFlagStatus                        0x0800373b   Thumb Code    18  stm32f10x_tim.o(.text)
    TIM_ClearFlag                            0x0800374d   Thumb Code     6  stm32f10x_tim.o(.text)
    TIM_GetITStatus                          0x08003753   Thumb Code    34  stm32f10x_tim.o(.text)
    TIM_ClearITPendingBit                    0x08003775   Thumb Code     6  stm32f10x_tim.o(.text)
    vListInitialise                          0x0800377b   Thumb Code    26  list.o(.text)
    vListInitialiseItem                      0x08003795   Thumb Code     6  list.o(.text)
    vListInsertEnd                           0x0800379b   Thumb Code    24  list.o(.text)
    vListInsert                              0x080037b3   Thumb Code    52  list.o(.text)
    uxListRemove                             0x080037e7   Thumb Code    40  list.o(.text)
    xQueueGenericReset                       0x08003811   Thumb Code   122  queue.o(.text)
    xQueueGenericCreate                      0x080038b1   Thumb Code    56  queue.o(.text)
    xQueueGenericSend                        0x080039ef   Thumb Code   276  queue.o(.text)
    xQueueGenericSendFromISR                 0x08003b03   Thumb Code   134  queue.o(.text)
    xQueueGiveFromISR                        0x08003b89   Thumb Code   120  queue.o(.text)
    xQueueGenericReceive                     0x08003c49   Thumb Code   312  queue.o(.text)
    xQueueReceiveFromISR                     0x08003d81   Thumb Code   130  queue.o(.text)
    xQueuePeekFromISR                        0x08003e03   Thumb Code    74  queue.o(.text)
    uxQueueMessagesWaiting                   0x08003e4d   Thumb Code    18  queue.o(.text)
    uxQueueSpacesAvailable                   0x08003e5f   Thumb Code    24  queue.o(.text)
    uxQueueMessagesWaitingFromISR            0x08003e77   Thumb Code     6  queue.o(.text)
    vQueueDelete                             0x08003e7d   Thumb Code    14  queue.o(.text)
    xQueueIsQueueEmptyFromISR                0x08003e8b   Thumb Code    14  queue.o(.text)
    xQueueIsQueueFullFromISR                 0x08003e99   Thumb Code    18  queue.o(.text)
    xTaskCreate                              0x08004007   Thumb Code    96  tasks.o(.text)
    xTaskIncrementTick                       0x08004091   Thumb Code   238  tasks.o(.text)
    xTaskResumeAll                           0x0800417f   Thumb Code   196  tasks.o(.text)
    vTaskSuspendAll                          0x0800430b   Thumb Code    12  tasks.o(.text)
    vTaskDelayUntil                          0x08004317   Thumb Code   106  tasks.o(.text)
    vTaskDelay                               0x08004381   Thumb Code    46  tasks.o(.text)
    uxTaskPriorityGet                        0x080043af   Thumb Code    30  tasks.o(.text)
    uxTaskPriorityGetFromISR                 0x080043cd   Thumb Code    52  tasks.o(.text)
    vTaskPrioritySet                         0x08004401   Thumb Code   216  tasks.o(.text)
    vTaskSwitchContext                       0x080044d9   Thumb Code    76  tasks.o(.text)
    vTaskSuspend                             0x08004525   Thumb Code   160  tasks.o(.text)
    vTaskResume                              0x080045fd   Thumb Code   104  tasks.o(.text)
    xTaskResumeFromISR                       0x08004665   Thumb Code   186  tasks.o(.text)
    vTaskStartScheduler                      0x08004741   Thumb Code    72  tasks.o(.text)
    vTaskEndScheduler                        0x08004789   Thumb Code    32  tasks.o(.text)
    xTaskGetTickCount                        0x080047a9   Thumb Code     6  tasks.o(.text)
    xTaskGetTickCountFromISR                 0x080047af   Thumb Code     8  tasks.o(.text)
    uxTaskGetNumberOfTasks                   0x080047b7   Thumb Code     6  tasks.o(.text)
    pcTaskGetName                            0x080047bd   Thumb Code    20  tasks.o(.text)
    vTaskPlaceOnEventList                    0x080047d1   Thumb Code    28  tasks.o(.text)
    vTaskPlaceOnUnorderedEventList           0x080047ed   Thumb Code    40  tasks.o(.text)
    xTaskRemoveFromEventList                 0x08004815   Thumb Code   104  tasks.o(.text)
    xTaskRemoveFromUnorderedEventList        0x0800487d   Thumb Code    94  tasks.o(.text)
    vTaskSetTimeOutState                     0x080048db   Thumb Code    14  tasks.o(.text)
    xTaskCheckForTimeOut                     0x080048e9   Thumb Code    84  tasks.o(.text)
    vTaskMissedYield                         0x0800493d   Thumb Code     8  tasks.o(.text)
    uxTaskResetEventItemValue                0x08004945   Thumb Code    24  tasks.o(.text)
    ulTaskNotifyTake                         0x0800495d   Thumb Code   108  tasks.o(.text)
    xTaskNotifyWait                          0x080049c9   Thumb Code   150  tasks.o(.text)
    xTaskGenericNotify                       0x08004a5f   Thumb Code   244  tasks.o(.text)
    xTaskGenericNotifyFromISR                0x08004b53   Thumb Code   228  tasks.o(.text)
    vTaskNotifyGiveFromISR                   0x08004c37   Thumb Code   154  tasks.o(.text)
    xTaskNotifyStateClear                    0x08004cd1   Thumb Code    48  tasks.o(.text)
    pxPortInitialiseStack                    0x08004d2f   Thumb Code    30  port.o(.text)
    vPortSetupTimerInterrupt                 0x08004d4d   Thumb Code    14  port.o(.text)
    xPortStartScheduler                      0x08004d5b   Thumb Code    42  port.o(.text)
    vPortEndScheduler                        0x08004d85   Thumb Code     2  port.o(.text)
    vPortEnterCritical                       0x08004d87   Thumb Code    30  port.o(.text)
    vPortExitCritical                        0x08004da5   Thumb Code    28  port.o(.text)
    xPortSysTickHandler                      0x08004dc1   Thumb Code    48  port.o(.text)
    pvPortMalloc                             0x08004e2b   Thumb Code   166  heap_2.o(.text)
    vPortFree                                0x08004ed1   Thumb Code    56  heap_2.o(.text)
    xPortGetFreeHeapSize                     0x08004f09   Thumb Code     6  heap_2.o(.text)
    vPortInitialiseBlocks                    0x08004f0f   Thumb Code     2  heap_2.o(.text)
    CanOpenInitial                           0x08004f25   Thumb Code    28  canopenbasic.o(.text)
    CanOpenRxCmdHandler                      0x08004f41   Thumb Code    98  canopenbasic.o(.text)
    CanOpenTimerDispatch                     0x08004fa3   Thumb Code    14  canopenbasic.o(.text)
    HeardBeatInitial                         0x08004fb5   Thumb Code    14  canopenlifeguard.o(.text)
    HeardBeatStop                            0x08004fc3   Thumb Code    10  canopenlifeguard.o(.text)
    HeardBeatClearCounter                    0x08004fcd   Thumb Code     8  canopenlifeguard.o(.text)
    HeartBeatHandler                         0x08004fd5   Thumb Code    88  canopenlifeguard.o(.text)
    StateInitial                             0x08005031   Thumb Code     8  canopenstate.o(.text)
    GetNodeState                             0x08005039   Thumb Code     6  canopenstate.o(.text)
    SetNodeState                             0x0800503f   Thumb Code    62  canopenstate.o(.text)
    CAN_RxHandlerTask                        0x08005095   Thumb Code   120  can_handlerrtos.o(.text)
    CAN_TxHandlerTask                        0x0800510d   Thumb Code    94  can_handlerrtos.o(.text)
    CAN_RequestSend                          0x0800516b   Thumb Code   120  can_handlerrtos.o(.text)
    CAN2_RX1_IRQHandler                      0x080051e3   Thumb Code   124  can_handlerrtos.o(.text)
    ReadOdMap                                0x08005289   Thumb Code   136  cia418_profile.o(.text)
    WriteOdMap                               0x08005311   Thumb Code   162  cia418_profile.o(.text)
    TestOdReadWrite                          0x080053b3   Thumb Code    76  cia418_profile.o(.text)
    SDOInitial                               0x08005409   Thumb Code    14  canopensdo.o(.text)
    PollingNodeDeviceProfileType             0x08005417   Thumb Code    94  canopensdo.o(.text)
    SDOCyclicHandler                         0x08005475   Thumb Code   156  canopensdo.o(.text)
    ProceedExpSdoRxData                      0x08005511   Thumb Code   228  canopensdo.o(.text)
    ChangeSlaveNodeState                     0x08005611   Thumb Code    54  canopennmt.o(.text)
    ProcessNmtCommand                        0x08005647   Thumb Code   154  canopennmt.o(.text)
    __aeabi_memcpy                           0x080056e5   Thumb Code     0  rt_memcpy_v6.o(.text)
    __rt_memcpy                              0x080056e5   Thumb Code   138  rt_memcpy_v6.o(.text)
    _memcpy_lastbytes                        0x0800574b   Thumb Code     0  rt_memcpy_v6.o(.text)
    __aeabi_memcpy4                          0x0800576f   Thumb Code     0  rt_memcpy_w.o(.text)
    __aeabi_memcpy8                          0x0800576f   Thumb Code     0  rt_memcpy_w.o(.text)
    __rt_memcpy_w                            0x0800576f   Thumb Code   100  rt_memcpy_w.o(.text)
    _memcpy_lastbytes_aligned                0x080057b7   Thumb Code     0  rt_memcpy_w.o(.text)
    __aeabi_memclr                           0x080057d3   Thumb Code     0  rt_memclr.o(.text)
    __rt_memclr                              0x080057d3   Thumb Code    68  rt_memclr.o(.text)
    _memset                                  0x080057d7   Thumb Code     0  rt_memclr.o(.text)
    __use_two_region_memory                  0x08005817   Thumb Code     2  heapauxi.o(.text)
    __rt_heap_escrow$2region                 0x08005819   Thumb Code     2  heapauxi.o(.text)
    __rt_heap_expand$2region                 0x0800581b   Thumb Code     2  heapauxi.o(.text)
    __aeabi_memclr4                          0x0800581d   Thumb Code     0  rt_memclr_w.o(.text)
    __aeabi_memclr8                          0x0800581d   Thumb Code     0  rt_memclr_w.o(.text)
    __rt_memclr_w                            0x0800581d   Thumb Code    78  rt_memclr_w.o(.text)
    _memset_w                                0x08005821   Thumb Code     0  rt_memclr_w.o(.text)
    __user_setup_stackheap                   0x0800586b   Thumb Code    74  sys_stackheap_outer.o(.text)
    exit                                     0x080058b5   Thumb Code    12  exit.o(.text)
    __user_libspace                          0x080058c1   Thumb Code     8  libspace.o(.text)
    __user_perproc_libspace                  0x080058c1   Thumb Code     0  libspace.o(.text)
    __user_perthread_libspace                0x080058c1   Thumb Code     0  libspace.o(.text)
    _sys_exit                                0x080058c9   Thumb Code     8  sys_exit.o(.text)
    __I$use$semihosting                      0x080058d5   Thumb Code     0  use_no_semi.o(.text)
    __use_no_semihosting_swi                 0x080058d5   Thumb Code     2  use_no_semi.o(.text)
    __semihosting_library_function           0x080058d7   Thumb Code     0  indicate_semi.o(.text)
    ascii                                    0x080058d8   Data        1536  lcd.o(.constdata)
    OD_u8MaxSubIndex_1018                    0x08005ef8   Data           1  cia418_profile.o(.constdata)
    OD_u8MaxSubIndex_1029                    0x08005ef9   Data           1  cia418_profile.o(.constdata)
    OD_u8MaxSubIndex_1400                    0x08005efa   Data           1  cia418_profile.o(.constdata)
    OD_u8MaxSubIndex_1600                    0x08005efb   Data           1  cia418_profile.o(.constdata)
    OD_u8MaxSubIndex_1800                    0x08005efc   Data           1  cia418_profile.o(.constdata)
    OD_u8MaxSubIndex_1A00                    0x08005efd   Data           1  cia418_profile.o(.constdata)
    OD_u8MaxSubIndex_1401                    0x08005efe   Data           1  cia418_profile.o(.constdata)
    OD_u8MaxSubIndex_1601                    0x08005eff   Data           1  cia418_profile.o(.constdata)
    OD_u8MaxSubIndex_1801                    0x08005f00   Data           1  cia418_profile.o(.constdata)
    OD_u8MaxSubIndex_1A01                    0x08005f01   Data           1  cia418_profile.o(.constdata)
    OD_u8MaxSubIndex_1402                    0x08005f02   Data           1  cia418_profile.o(.constdata)
    OD_u8MaxSubIndex_1602                    0x08005f03   Data           1  cia418_profile.o(.constdata)
    OD_u8MaxSubIndex_1802                    0x08005f04   Data           1  cia418_profile.o(.constdata)
    OD_u8MaxSubIndex_1A02                    0x08005f05   Data           1  cia418_profile.o(.constdata)
    OBJ6020_HighestSubIndex                  0x08005f06   Data           1  cia418_profile.o(.constdata)
    OBJ6030_HighestSubIndex                  0x08005f07   Data           1  cia418_profile.o(.constdata)
    OBJ6031_HighestSubIndex                  0x08005f08   Data           1  cia418_profile.o(.constdata)
    OBJ6040_HighestSubIndex                  0x08005f09   Data           1  cia418_profile.o(.constdata)
    OBJ6041_HighestSubIndex                  0x08005f0a   Data           1  cia418_profile.o(.constdata)
    OBJ6054_SubHighestIndex                  0x08005f0b   Data           1  cia418_profile.o(.constdata)
    ExpeditedSDOReturnCS                     0x08005f0c   Data           4  canopensdo.o(.constdata)
    Region$$Table$$Base                      0x08005f4c   Number         0  anon$$obj.o(Region$$Table)
    Region$$Table$$Limit                     0x08005f6c   Number         0  anon$$obj.o(Region$$Table)
    TxMsg1                                   0x20000000   Data          20  tsk_periodictask.o(.data)
    TxMsg2                                   0x20000014   Data          20  tsk_periodictask.o(.data)
    s_arrayUserDefineTasks                   0x20000034   Data         120  tsk_taskcommonapi.o(.data)
    s_TSK_u8OsStarted                        0x200000ac   Data           1  tsk_taskcommonapi.o(.data)
    pxCurrentTCB                             0x200000cc   Data           4  tasks.o(.data)
    CanTxSaveIndex                           0x20000120   Data           1  can_handlerrtos.o(.data)
    CanTxReadIndex                           0x20000121   Data           1  can_handlerrtos.o(.data)
    CanRxSaveIndex                           0x20000122   Data           1  can_handlerrtos.o(.data)
    CanRxReadIndex                           0x20000123   Data           1  can_handlerrtos.o(.data)
    OD_u32DeviceType                         0x2000012c   Data           4  cia418_profile.o(.data)
    stOb1000_DeviceType                      0x20000130   Data           8  cia418_profile.o(.data)
    stErrorRegister                          0x20000138   Data           1  cia418_profile.o(.data)
    stOb1001_ErrorRegister                   0x2000013c   Data           8  cia418_profile.o(.data)
    OD_u32TimeStamp                          0x20000144   Data           4  cia418_profile.o(.data)
    stOb1012_TimeStamp                       0x20000148   Data           8  cia418_profile.o(.data)
    OD_u16HeartBeat_ms                       0x20000150   Data           2  cia418_profile.o(.data)
    stOb1017_HeartBeat                       0x20000154   Data           8  cia418_profile.o(.data)
    OD_u32VendorId                           0x2000015c   Data           4  cia418_profile.o(.data)
    OD_u32ProductCode                        0x20000160   Data           4  cia418_profile.o(.data)
    OD_u32RevisionNum                        0x20000164   Data           4  cia418_profile.o(.data)
    OD_u32SerialNum                          0x20000168   Data           4  cia418_profile.o(.data)
    stOb1017_Identify                        0x2000016c   Data          40  cia418_profile.o(.data)
    OD_u8ErrorBehavior_01                    0x20000194   Data           1  cia418_profile.o(.data)
    OD_u8ErrorBehavior_02                    0x20000195   Data           1  cia418_profile.o(.data)
    OD_u8ErrorBehavior_03                    0x20000196   Data           1  cia418_profile.o(.data)
    stOb1029_ErrorBehavior                   0x20000198   Data          32  cia418_profile.o(.data)
    OD_u32CobIdUsedByRPDO1                   0x200001b8   Data           4  cia418_profile.o(.data)
    OD_u8TransmissionTypeRPDO1               0x200001bc   Data           1  cia418_profile.o(.data)
    OD_u16EventTimerRPDO1_ms                 0x200001be   Data           2  cia418_profile.o(.data)
    OD_u8SyncStartValRPDO1                   0x200001c0   Data           1  cia418_profile.o(.data)
    stOb1400_RPDO1                           0x200001c4   Data          56  cia418_profile.o(.data)
    OD_u32AppObj1_1600                       0x200001fc   Data           4  cia418_profile.o(.data)
    stOb1600_RPDO1                           0x20000200   Data          16  cia418_profile.o(.data)
    OD_u32CobIdUsedByTPDO1                   0x20000210   Data           4  cia418_profile.o(.data)
    OD_u8TransmissionTypeTPDO1               0x20000214   Data           1  cia418_profile.o(.data)
    OD_u8InhibitTImeTPDO1_us                 0x20000216   Data           2  cia418_profile.o(.data)
    OD_u16EventTimerTPDO1_ms                 0x20000218   Data           2  cia418_profile.o(.data)
    OD_u8SyncStartValTPDO1                   0x2000021a   Data           1  cia418_profile.o(.data)
    stOb1800_TPDO1                           0x2000021c   Data          56  cia418_profile.o(.data)
    OD_u32AppObj1_1A00                       0x20000254   Data           4  cia418_profile.o(.data)
    OD_u32AppObj2_1A00                       0x20000258   Data           4  cia418_profile.o(.data)
    stOb1A00_TPDO1                           0x2000025c   Data          24  cia418_profile.o(.data)
    OD_u32CobIdUsedByRPDO2                   0x20000274   Data           4  cia418_profile.o(.data)
    OD_u8TransmissionTypeRPDO2               0x20000278   Data           1  cia418_profile.o(.data)
    OD_u16EventTimerRPDO2_ms                 0x2000027a   Data           2  cia418_profile.o(.data)
    OD_u8SyncStartValRPDO2                   0x2000027c   Data           1  cia418_profile.o(.data)
    stOb1401_RPDO2                           0x20000280   Data          56  cia418_profile.o(.data)
    OD_u32AppObj1_1601                       0x200002b8   Data           4  cia418_profile.o(.data)
    OD_u32AppObj2_1601                       0x200002bc   Data           4  cia418_profile.o(.data)
    stOb1601_RPDO2                           0x200002c0   Data          24  cia418_profile.o(.data)
    OD_u32CobIdUsedByTPDO2                   0x200002d8   Data           4  cia418_profile.o(.data)
    OD_u8TransmissionTypeTPDO2               0x200002dc   Data           1  cia418_profile.o(.data)
    OD_u16InhibitTimerTPDO2_us               0x200002de   Data           2  cia418_profile.o(.data)
    OD_u16EventTimerTPDO2_ms                 0x200002e0   Data           2  cia418_profile.o(.data)
    OD_u8SyncStartValTPDO2                   0x200002e2   Data           1  cia418_profile.o(.data)
    stOb1801_TPDO2                           0x200002e4   Data          56  cia418_profile.o(.data)
    OD_u32AppObj1_1A01                       0x2000031c   Data           4  cia418_profile.o(.data)
    OD_u32AppObj2_1A01                       0x20000320   Data           4  cia418_profile.o(.data)
    OD_u32AppObj3_1A01                       0x20000324   Data           4  cia418_profile.o(.data)
    stOb1A01_TPDO2                           0x20000328   Data          32  cia418_profile.o(.data)
    OD_u32CobIdUsedByRPDO3                   0x20000348   Data           4  cia418_profile.o(.data)
    OD_u8TransmissionTypeRPDO3               0x2000034c   Data           1  cia418_profile.o(.data)
    OD_u16EventTimerRPDO3_ms                 0x2000034e   Data           2  cia418_profile.o(.data)
    OD_u8SyncStartValRPDO3                   0x20000350   Data           1  cia418_profile.o(.data)
    stOb1402_RPDO3                           0x20000354   Data          56  cia418_profile.o(.data)
    OD_u32AppObj1_1602                       0x2000038c   Data           4  cia418_profile.o(.data)
    OD_u32AppObj2_1602                       0x20000390   Data           4  cia418_profile.o(.data)
    OD_u32AppObj3_1602                       0x20000394   Data           4  cia418_profile.o(.data)
    stOb1602_RPDO3                           0x20000398   Data          32  cia418_profile.o(.data)
    OD_u32CobIdUsedByTPDO3                   0x200003b8   Data           4  cia418_profile.o(.data)
    OD_u8TransmissionTypeTPDO3               0x200003bc   Data           1  cia418_profile.o(.data)
    OD_u16InhibitTimerTPDO3_us               0x200003be   Data           2  cia418_profile.o(.data)
    OD_u16EventTimerTPDO3_ms                 0x200003c0   Data           2  cia418_profile.o(.data)
    OD_u8SyncStartValTPDO3                   0x200003c2   Data           1  cia418_profile.o(.data)
    stOb1802_TPDO3                           0x200003c4   Data          56  cia418_profile.o(.data)
    OD_u32AppObj1_1A02                       0x200003fc   Data           4  cia418_profile.o(.data)
    OD_u32AppObj2_1A02                       0x20000400   Data           4  cia418_profile.o(.data)
    stOb1A02_TPDO3                           0x20000404   Data          24  cia418_profile.o(.data)
    OBJ6000_BattStatus                       0x2000041c   Data           1  cia418_profile.o(.data)
    stObIndex6000                            0x20000420   Data           8  cia418_profile.o(.data)
    OBJ6001_ChargerStatus                    0x20000428   Data           1  cia418_profile.o(.data)
    stObIndex6001                            0x2000042c   Data           8  cia418_profile.o(.data)
    OBJ6010_BattTemperature                  0x20000434   Data           1  cia418_profile.o(.data)
    stObIndex6010                            0x20000438   Data           8  cia418_profile.o(.data)
    OBJ6020_BattType                         0x20000440   Data           2  cia418_profile.o(.data)
    OBJ6020_AhCap                            0x20000442   Data           2  cia418_profile.o(.data)
    OBJ6020_MaxChgCurrent                    0x20000444   Data           2  cia418_profile.o(.data)
    OBJ6020_CellNum                          0x20000446   Data           2  cia418_profile.o(.data)
    stObIndex6020                            0x20000448   Data          40  cia418_profile.o(.data)
    OBJ6030_SerialNum0                       0x20000470   Data           4  cia418_profile.o(.data)
    OBJ6030_SerialNum1                       0x20000474   Data           4  cia418_profile.o(.data)
    OBJ6030_SerialNum2                       0x20000478   Data           4  cia418_profile.o(.data)
    stObIndex6030                            0x2000047c   Data          32  cia418_profile.o(.data)
    OBJ6031_ID0                              0x2000049c   Data           4  cia418_profile.o(.data)
    OBJ6031_ID1                              0x200004a0   Data           4  cia418_profile.o(.data)
    OBJ6031_ID2                              0x200004a4   Data           4  cia418_profile.o(.data)
    OBJ6031_ID3                              0x200004a8   Data           4  cia418_profile.o(.data)
    stObIndex6031                            0x200004ac   Data          40  cia418_profile.o(.data)
    OBJ6040_SerialNum0                       0x200004d4   Data           4  cia418_profile.o(.data)
    OBJ6040_SerialNum1                       0x200004d8   Data           4  cia418_profile.o(.data)
    OBJ6040_SerialNum2                       0x200004dc   Data           4  cia418_profile.o(.data)
    OBJ6040_SerialNum3                       0x200004e0   Data           4  cia418_profile.o(.data)
    stObIndex6040                            0x200004e4   Data          40  cia418_profile.o(.data)
    OBJ6041_ID0                              0x2000050c   Data           4  cia418_profile.o(.data)
    OBJ6041_ID1                              0x20000510   Data           4  cia418_profile.o(.data)
    OBJ6041_ID2                              0x20000514   Data           4  cia418_profile.o(.data)
    OBJ6041_ID3                              0x20000518   Data           4  cia418_profile.o(.data)
    stObIndex6041                            0x2000051c   Data          40  cia418_profile.o(.data)
    OBJ6050_CumulativeTotal_AH               0x20000544   Data           4  cia418_profile.o(.data)
    stObIndex6050                            0x20000548   Data           8  cia418_profile.o(.data)
    OBJ6051_LastExpended_0_125_AH            0x20000550   Data           2  cia418_profile.o(.data)
    stObIndex6051                            0x20000554   Data           8  cia418_profile.o(.data)
    OBJ6052_LastChg_0_125_AH                 0x2000055c   Data           2  cia418_profile.o(.data)
    stObIndex6052                            0x20000560   Data           8  cia418_profile.o(.data)
    OBJ6053_LastEqual_0_125_AH               0x20000568   Data           2  cia418_profile.o(.data)
    stObIndex6053                            0x2000056c   Data           8  cia418_profile.o(.data)
    OBJ6054_MinuteOfLastEqual                0x20000574   Data           2  cia418_profile.o(.data)
    OBJ6054_DayOfLastEqual                   0x20000576   Data           2  cia418_profile.o(.data)
    stObIndex6054                            0x20000578   Data          24  cia418_profile.o(.data)
    OBJ6060_BatteryVolts_Q10V                0x20000590   Data           4  cia418_profile.o(.data)
    stObIndex6060                            0x20000594   Data           8  cia418_profile.o(.data)
    OBJ6070_ChargeCurrntRequest_Q4A          0x2000059c   Data           4  cia418_profile.o(.data)
    stObIndex6070                            0x200005a0   Data           8  cia418_profile.o(.data)
    OBJ6080_ChargeSOC                        0x200005a8   Data           1  cia418_profile.o(.data)
    stObIndex6080                            0x200005ac   Data           8  cia418_profile.o(.data)
    OBJ6081_BatterySOC                       0x200005b4   Data           1  cia418_profile.o(.data)
    stObIndex6081                            0x200005b8   Data           8  cia418_profile.o(.data)
    OBJ6090_WaterLevelStatus                 0x200005c0   Data           1  cia418_profile.o(.data)
    stObIndex6090                            0x200005c4   Data           8  cia418_profile.o(.data)
    stOdSubInfoMap_CiA418                    0x200005cc   Data         288  cia418_profile.o(.data)
    stCanOpenDate                            0x200027b0   Data          12  canopenbasic.o(.bss)
    CanTxMsgBuf                              0x200027bc   Data         200  can_handlerrtos.o(.bss)
    CanRxMsgBuf                              0x20002884   Data         120  can_handlerrtos.o(.bss)
    stNodeDeviceProfile                      0x200028fc   Data         508  canopensdo.o(.bss)
    __libspace_start                         0x20002af8   Data          96  libspace.o(.bss)
    __temporary_stack_top$libspace           0x20002b58   Data           0  libspace.o(.bss)



==============================================================================

Memory Map of the image

  Image Entry point : 0x08000151

  Load Region LR_IROM1 (Base: 0x08000000, Size: 0x00006668, Max: 0x00020000, ABSOLUTE, COMPRESSED[0x00006288])

    Execution Region ER_IROM1 (Base: 0x08000000, Size: 0x00005f6c, Max: 0x00020000, ABSOLUTE)

    Base Addr    Size         Type   Attr      Idx    E Section Name        Object

    0x08000000   0x00000150   Data   RO            3    RESET               startup_stm32f10x_cl.o
    0x08000150   0x00000008   Code   RO         1060  * !!!main             c_w.l(__main.o)
    0x08000158   0x00000034   Code   RO         1218    !!!scatter          c_w.l(__scatter.o)
    0x0800018c   0x0000005a   Code   RO         1216    !!dczerorl2         c_w.l(__dczerorl2.o)
    0x080001e6   0x00000002   PAD
    0x080001e8   0x0000001c   Code   RO         1220    !!handler_zi        c_w.l(__scatter_zi.o)
    0x08000204   0x00000002   Code   RO         1089    .ARM.Collect$$libinit$$00000000  c_w.l(libinit.o)
    0x08000206   0x00000000   Code   RO         1096    .ARM.Collect$$libinit$$00000002  c_w.l(libinit2.o)
    0x08000206   0x00000000   Code   RO         1099    .ARM.Collect$$libinit$$00000008  c_w.l(libinit2.o)
    0x08000206   0x00000000   Code   RO         1101    .ARM.Collect$$libinit$$0000000A  c_w.l(libinit2.o)
    0x08000206   0x00000000   Code   RO         1103    .ARM.Collect$$libinit$$0000000C  c_w.l(libinit2.o)
    0x08000206   0x00000000   Code   RO         1106    .ARM.Collect$$libinit$$0000000F  c_w.l(libinit2.o)
    0x08000206   0x00000000   Code   RO         1108    .ARM.Collect$$libinit$$00000011  c_w.l(libinit2.o)
    0x08000206   0x00000000   Code   RO         1110    .ARM.Collect$$libinit$$00000013  c_w.l(libinit2.o)
    0x08000206   0x00000000   Code   RO         1112    .ARM.Collect$$libinit$$00000015  c_w.l(libinit2.o)
    0x08000206   0x00000000   Code   RO         1114    .ARM.Collect$$libinit$$00000017  c_w.l(libinit2.o)
    0x08000206   0x00000000   Code   RO         1116    .ARM.Collect$$libinit$$00000019  c_w.l(libinit2.o)
    0x08000206   0x00000000   Code   RO         1118    .ARM.Collect$$libinit$$0000001B  c_w.l(libinit2.o)
    0x08000206   0x00000000   Code   RO         1120    .ARM.Collect$$libinit$$0000001D  c_w.l(libinit2.o)
    0x08000206   0x00000000   Code   RO         1122    .ARM.Collect$$libinit$$0000001F  c_w.l(libinit2.o)
    0x08000206   0x00000000   Code   RO         1124    .ARM.Collect$$libinit$$00000021  c_w.l(libinit2.o)
    0x08000206   0x00000000   Code   RO         1126    .ARM.Collect$$libinit$$00000023  c_w.l(libinit2.o)
    0x08000206   0x00000000   Code   RO         1130    .ARM.Collect$$libinit$$0000002A  c_w.l(libinit2.o)
    0x08000206   0x00000000   Code   RO         1132    .ARM.Collect$$libinit$$0000002C  c_w.l(libinit2.o)
    0x08000206   0x00000000   Code   RO         1134    .ARM.Collect$$libinit$$0000002E  c_w.l(libinit2.o)
    0x08000206   0x00000000   Code   RO         1136    .ARM.Collect$$libinit$$00000030  c_w.l(libinit2.o)
    0x08000206   0x00000002   Code   RO         1137    .ARM.Collect$$libinit$$00000031  c_w.l(libinit2.o)
    0x08000208   0x00000002   Code   RO         1157    .ARM.Collect$$libshutdown$$00000000  c_w.l(libshutdown.o)
    0x0800020a   0x00000000   Code   RO         1171    .ARM.Collect$$libshutdown$$00000003  c_w.l(libshutdown2.o)
    0x0800020a   0x00000000   Code   RO         1174    .ARM.Collect$$libshutdown$$00000006  c_w.l(libshutdown2.o)
    0x0800020a   0x00000000   Code   RO         1177    .ARM.Collect$$libshutdown$$00000009  c_w.l(libshutdown2.o)
    0x0800020a   0x00000000   Code   RO         1179    .ARM.Collect$$libshutdown$$0000000B  c_w.l(libshutdown2.o)
    0x0800020a   0x00000000   Code   RO         1182    .ARM.Collect$$libshutdown$$0000000E  c_w.l(libshutdown2.o)
    0x0800020a   0x00000002   Code   RO         1183    .ARM.Collect$$libshutdown$$0000000F  c_w.l(libshutdown2.o)
    0x0800020c   0x00000000   Code   RO         1062    .ARM.Collect$$rtentry$$00000000  c_w.l(rtentry.o)
    0x0800020c   0x00000000   Code   RO         1066    .ARM.Collect$$rtentry$$00000002  c_w.l(rtentry2.o)
    0x0800020c   0x00000006   Code   RO         1078    .ARM.Collect$$rtentry$$00000004  c_w.l(rtentry4.o)
    0x08000212   0x00000000   Code   RO         1068    .ARM.Collect$$rtentry$$00000009  c_w.l(rtentry2.o)
    0x08000212   0x00000004   Code   RO         1069    .ARM.Collect$$rtentry$$0000000A  c_w.l(rtentry2.o)
    0x08000216   0x00000000   Code   RO         1071    .ARM.Collect$$rtentry$$0000000C  c_w.l(rtentry2.o)
    0x08000216   0x00000008   Code   RO         1072    .ARM.Collect$$rtentry$$0000000D  c_w.l(rtentry2.o)
    0x0800021e   0x00000002   Code   RO         1093    .ARM.Collect$$rtexit$$00000000  c_w.l(rtexit.o)
    0x08000220   0x00000000   Code   RO         1139    .ARM.Collect$$rtexit$$00000002  c_w.l(rtexit2.o)
    0x08000220   0x00000004   Code   RO         1140    .ARM.Collect$$rtexit$$00000003  c_w.l(rtexit2.o)
    0x08000224   0x00000006   Code   RO         1141    .ARM.Collect$$rtexit$$00000004  c_w.l(rtexit2.o)
    0x0800022a   0x00000002   PAD
    0x0800022c   0x00000096   Code   RO          888    .emb_text           port.o
    0x080002c2   0x00000002   PAD
    0x080002c4   0x00000040   Code   RO            4    .text               startup_stm32f10x_cl.o
    0x08000304   0x00000034   Code   RO           10    .text               main.o
    0x08000338   0x000000d4   Code   RO          148    .text               tsk_periodictask.o
    0x0800040c   0x0000008c   Code   RO          205    .text               tsk_taskcommonapi.o
    0x08000498   0x00000264   Code   RO          237    .text               can_driver.o
    0x080006fc   0x00000068   Code   RO          258    .text               gpio_driver.o
    0x08000764   0x0000001a   Code   RO          270    .text               stm32f10x_it.o
    0x0800077e   0x00000002   PAD
    0x08000780   0x000000b0   Code   RO          354    .text               tim_driver.o
    0x08000830   0x000000ec   Code   RO          392    .text               lcd_taskhandler.o
    0x0800091c   0x00000bdc   Code   RO          412    .text               lcd.o
    0x080014f8   0x00000138   Code   RO          434    .text               system_stm32f10x.o
    0x08001630   0x000000dc   Code   RO          462    .text               misc.o
    0x0800170c   0x000009f0   Code   RO          501    .text               stm32f10x_can.o
    0x080020fc   0x00000364   Code   RO          627    .text               stm32f10x_gpio.o
    0x08002460   0x00000500   Code   RO          678    .text               stm32f10x_rcc.o
    0x08002960   0x00000e1a   Code   RO          734    .text               stm32f10x_tim.o
    0x0800377a   0x00000094   Code   RO          824    .text               list.o
    0x0800380e   0x00000002   PAD
    0x08003810   0x000006a0   Code   RO          836    .text               queue.o
    0x08003eb0   0x00000e68   Code   RO          851    .text               tasks.o
    0x08004d18   0x000000e8   Code   RO          889    .text               port.o
    0x08004e00   0x00000124   Code   RO          918    .text               heap_2.o
    0x08004f24   0x00000090   Code   RO          933    .text               canopenbasic.o
    0x08004fb4   0x0000007c   Code   RO          952    .text               canopenlifeguard.o
    0x08005030   0x00000050   Code   RO          964    .text               canopenstate.o
    0x08005080   0x00000208   Code   RO          976    .text               can_handlerrtos.o
    0x08005288   0x00000180   Code   RO          998    .text               cia418_profile.o
    0x08005408   0x00000208   Code   RO         1017    .text               canopensdo.o
    0x08005610   0x000000d4   Code   RO         1038    .text               canopennmt.o
    0x080056e4   0x0000008a   Code   RO         1052    .text               c_w.l(rt_memcpy_v6.o)
    0x0800576e   0x00000064   Code   RO         1054    .text               c_w.l(rt_memcpy_w.o)
    0x080057d2   0x00000044   Code   RO         1056    .text               c_w.l(rt_memclr.o)
    0x08005816   0x00000006   Code   RO         1058    .text               c_w.l(heapauxi.o)
    0x0800581c   0x0000004e   Code   RO         1063    .text               c_w.l(rt_memclr_w.o)
    0x0800586a   0x0000004a   Code   RO         1080    .text               c_w.l(sys_stackheap_outer.o)
    0x080058b4   0x0000000c   Code   RO         1082    .text               c_w.l(exit.o)
    0x080058c0   0x00000008   Code   RO         1090    .text               c_w.l(libspace.o)
    0x080058c8   0x0000000c   Code   RO         1149    .text               c_w.l(sys_exit.o)
    0x080058d4   0x00000002   Code   RO         1160    .text               c_w.l(use_no_semi.o)
    0x080058d6   0x00000000   Code   RO         1162    .text               c_w.l(indicate_semi.o)
    0x080058d6   0x00000002   PAD
    0x080058d8   0x00000620   Data   RO          413    .constdata          lcd.o
    0x08005ef8   0x00000014   Data   RO          999    .constdata          cia418_profile.o
    0x08005f0c   0x00000010   Data   RO         1019    .constdata          canopensdo.o
    0x08005f1c   0x0000002e   Data   RO          206    .conststring        tsk_taskcommonapi.o
    0x08005f4a   0x00000002   PAD
    0x08005f4c   0x00000020   Data   RO         1214    Region$$Table       anon$$obj.o


    Execution Region RW_IRAM1 (Base: 0x20000000, Size: 0x00003158, Max: 0x00010000, ABSOLUTE, COMPRESSED[0x0000031c])

    Base Addr    Size         Type   Attr      Idx    E Section Name        Object

    0x20000000   0x00000032   Data   RW          150    .data               tsk_periodictask.o
    0x20000032   0x00000002   PAD
    0x20000034   0x00000079   Data   RW          207    .data               tsk_taskcommonapi.o
    0x200000ad   0x00000001   PAD
    0x200000ae   0x00000002   Data   RW          355    .data               tim_driver.o
    0x200000b0   0x00000005   Data   RW          393    .data               lcd_taskhandler.o
    0x200000b5   0x00000014   Data   RW          679    .data               stm32f10x_rcc.o
    0x200000c9   0x00000003   PAD
    0x200000cc   0x00000038   Data   RW          853    .data               tasks.o
    0x20000104   0x00000004   Data   RW          890    .data               port.o
    0x20000108   0x00000018   Data   RW          920    .data               heap_2.o
    0x20000120   0x0000000c   Data   RW          978    .data               can_handlerrtos.o
    0x2000012c   0x000005c0   Data   RW         1000    .data               cia418_profile.o
    0x200006ec   0x00000010   Data   RW         1020    .data               canopensdo.o
    0x200006fc   0x000000b4   Zero   RW          852    .bss                tasks.o
    0x200007b0   0x00002000   Zero   RW          919    .bss                heap_2.o
    0x200027b0   0x0000000c   Zero   RW          934    .bss                canopenbasic.o
    0x200027bc   0x00000140   Zero   RW          977    .bss                can_handlerrtos.o
    0x200028fc   0x000001fc   Zero   RW         1018    .bss                canopensdo.o
    0x20002af8   0x00000060   Zero   RW         1091    .bss                c_w.l(libspace.o)
    0x20002b58   0x00000200   Zero   RW            2    HEAP                startup_stm32f10x_cl.o
    0x20002d58   0x00000400   Zero   RW            1    STACK               startup_stm32f10x_cl.o


==============================================================================

Image component sizes


      Code (inc. data)   RO Data    RW Data    ZI Data      Debug   Object Name

       612         14          0          0          0      10818   can_driver.o
       520         42          0         12        320       3780   can_handlerrtos.o
       144         20          0          0         12       4432   canopenbasic.o
       124          4          0          0          0       1000   canopenlifeguard.o
       212          4          0          0          0        965   canopennmt.o
       520         28         16         16        508       4914   canopensdo.o
        80          4          0          0          0        949   canopenstate.o
       384         10         20       1472          0      10657   cia418_profile.o
         0          0          0          0          0       9380   event_groups.o
       104         14          0          0          0        555   gpio_driver.o
       292         20          0         24       8192       3224   heap_2.o
      3036         46       1568          0          0       9344   lcd.o
       236         28          0          5          0       6056   lcd_taskhandler.o
       148          0          0          0          0       1870   list.o
        52          0          0          0          0     268215   main.o
       220         22          0          0          0       3745   misc.o
       382         28          0          4          0       7072   port.o
      1696         10          0          0          0      10098   queue.o
        64         26        336          0       1536        840   startup_stm32f10x_cl.o
      2544         38          0          0          0       7992   stm32f10x_can.o
       868         38          0          0          0       5960   stm32f10x_gpio.o
        26          0          0          0          0       9570   stm32f10x_it.o
      1280         60          0         20          0      24822   stm32f10x_rcc.o
      3610         88          0          0          0      42752   stm32f10x_tim.o
       312         16          0          0          0       1245   system_stm32f10x.o
      3688        228          0         56        180      25583   tasks.o
       176          8          0          2          0       1161   tim_driver.o
       212         24          0         50          0      15962   tsk_periodictask.o
       140         10         46        121          0      10432   tsk_taskcommonapi.o

    ----------------------------------------------------------------------
     21688        830       2020       1788      10748     503393   Object Totals
         0          0         32          0          0          0   (incl. Generated)
         6          0          2          6          0          0   (incl. Padding)

    ----------------------------------------------------------------------

      Code (inc. data)   RO Data    RW Data    ZI Data      Debug   Library Member Name

        90          0          0          0          0          0   __dczerorl2.o
         8          0          0          0          0         68   __main.o
        52          8          0          0          0          0   __scatter.o
        28          0          0          0          0          0   __scatter_zi.o
        12          0          0          0          0         72   exit.o
         6          0          0          0          0        152   heapauxi.o
         0          0          0          0          0          0   indicate_semi.o
         2          0          0          0          0          0   libinit.o
         2          0          0          0          0          0   libinit2.o
         2          0          0          0          0          0   libshutdown.o
         2          0          0          0          0          0   libshutdown2.o
         8          4          0          0         96         68   libspace.o
        68          0          0          0          0         68   rt_memclr.o
        78          0          0          0          0         80   rt_memclr_w.o
       138          0          0          0          0         68   rt_memcpy_v6.o
       100          0          0          0          0         80   rt_memcpy_w.o
         0          0          0          0          0          0   rtentry.o
        12          0          0          0          0          0   rtentry2.o
         6          0          0          0          0          0   rtentry4.o
         2          0          0          0          0          0   rtexit.o
        10          0          0          0          0          0   rtexit2.o
        12          4          0          0          0         68   sys_exit.o
        74          0          0          0          0         80   sys_stackheap_outer.o
         2          0          0          0          0         68   use_no_semi.o

    ----------------------------------------------------------------------
       720         16          0          0         96        872   Library Totals
         6          0          0          0          0          0   (incl. Padding)

    ----------------------------------------------------------------------

      Code (inc. data)   RO Data    RW Data    ZI Data      Debug   Library Name

       714         16          0          0         96        872   c_w.l

    ----------------------------------------------------------------------
       720         16          0          0         96        872   Library Totals

    ----------------------------------------------------------------------

==============================================================================


      Code (inc. data)   RO Data    RW Data    ZI Data      Debug   

     22408        846       2020       1788      10844     501453   Grand Totals
     22408        846       2020        796      10844     501453   ELF Image Totals (compressed)
     22408        846       2020        796          0          0   ROM Totals

==============================================================================

    Total RO  Size (Code + RO Data)                24428 (  23.86kB)
    Total RW  Size (RW Data + ZI Data)             12632 (  12.34kB)
    Total ROM Size (Code + RO Data + RW Data)      25224 (  24.63kB)

==============================================================================

